Component: Arm Compiler for Embedded 6.24 Tool: armlink [5f371500]

==============================================================================

Section Cross References

    startup_stm32f407xx.o(STACK) refers (Special) to heapauxi.o(.text) for __use_two_region_memory
    startup_stm32f407xx.o(HEAP) refers (Special) to heapauxi.o(.text) for __use_two_region_memory
    startup_stm32f407xx.o(RESET) refers (Special) to heapauxi.o(.text) for __use_two_region_memory
    startup_stm32f407xx.o(RESET) refers to startup_stm32f407xx.o(STACK) for __initial_sp
    startup_stm32f407xx.o(RESET) refers to startup_stm32f407xx.o(.text) for Reset_Handler
    startup_stm32f407xx.o(RESET) refers to stm32f4xx_it.o(.text.NMI_Handler) for NMI_Handler
    startup_stm32f407xx.o(RESET) refers to stm32f4xx_it.o(.text.HardFault_Handler) for HardFault_Handler
    startup_stm32f407xx.o(RESET) refers to stm32f4xx_it.o(.text.MemManage_Handler) for MemManage_Handler
    startup_stm32f407xx.o(RESET) refers to stm32f4xx_it.o(.text.BusFault_Handler) for BusFault_Handler
    startup_stm32f407xx.o(RESET) refers to stm32f4xx_it.o(.text.UsageFault_Handler) for UsageFault_Handler
    startup_stm32f407xx.o(RESET) refers to port.o(.text.SVC_Handler) for SVC_Handler
    startup_stm32f407xx.o(RESET) refers to stm32f4xx_it.o(.text.DebugMon_Handler) for DebugMon_Handler
    startup_stm32f407xx.o(RESET) refers to port.o(.text.PendSV_Handler) for PendSV_Handler
    startup_stm32f407xx.o(RESET) refers to port.o(.text.SysTick_Handler) for SysTick_Handler
    startup_stm32f407xx.o(RESET) refers to stm32f4xx_it.o(.text.EXTI0_IRQHandler) for EXTI0_IRQHandler
    startup_stm32f407xx.o(RESET) refers to stm32f4xx_it.o(.text.EXTI3_IRQHandler) for EXTI3_IRQHandler
    startup_stm32f407xx.o(RESET) refers to stm32f4xx_it.o(.text.EXTI4_IRQHandler) for EXTI4_IRQHandler
    startup_stm32f407xx.o(RESET) refers to stm32f4xx_it.o(.text.CAN1_RX0_IRQHandler) for CAN1_RX0_IRQHandler
    startup_stm32f407xx.o(RESET) refers to stm32f4xx_it.o(.text.EXTI9_5_IRQHandler) for EXTI9_5_IRQHandler
    startup_stm32f407xx.o(RESET) refers to stm32f4xx_it.o(.text.TIM2_IRQHandler) for TIM2_IRQHandler
    startup_stm32f407xx.o(RESET) refers to stm32f4xx_it.o(.text.DMA2_Stream2_IRQHandler) for DMA2_Stream2_IRQHandler
    startup_stm32f407xx.o(RESET) refers to stm32f4xx_it.o(.text.DMA2_Stream3_IRQHandler) for DMA2_Stream3_IRQHandler
    startup_stm32f407xx.o(RESET) refers to stm32f4xx_it.o(.text.OTG_FS_IRQHandler) for OTG_FS_IRQHandler
    startup_stm32f407xx.o(.text) refers (Special) to heapauxi.o(.text) for __use_two_region_memory
    startup_stm32f407xx.o(.text) refers to system_stm32f4xx.o(.text.SystemInit) for SystemInit
    startup_stm32f407xx.o(.text) refers to __main.o(!!!main) for __main
    startup_stm32f407xx.o(.text) refers to startup_stm32f407xx.o(HEAP) for Heap_Mem
    startup_stm32f407xx.o(.text) refers to startup_stm32f407xx.o(STACK) for Stack_Mem
    main.o(.text.main) refers to stm32f4xx_hal.o(.text.HAL_Init) for HAL_Init
    main.o(.text.main) refers to main.o(.text.SystemClock_Config) for SystemClock_Config
    main.o(.text.main) refers to bsp_delay.o(.text.delay_init) for delay_init
    main.o(.text.main) refers to gpio.o(.text.MX_GPIO_Init) for MX_GPIO_Init
    main.o(.text.main) refers to dma.o(.text.MX_DMA_Init) for MX_DMA_Init
    main.o(.text.main) refers to can.o(.text.MX_CAN1_Init) for MX_CAN1_Init
    main.o(.text.main) refers to i2c.o(.text.MX_I2C3_Init) for MX_I2C3_Init
    main.o(.text.main) refers to spi.o(.text.MX_SPI1_Init) for MX_SPI1_Init
    main.o(.text.main) refers to tim.o(.text.MX_TIM10_Init) for MX_TIM10_Init
    main.o(.text.main) refers to adc.o(.text.MX_ADC3_Init) for MX_ADC3_Init
    main.o(.text.main) refers to tim.o(.text.MX_TIM5_Init) for MX_TIM5_Init
    main.o(.text.main) refers to can.o(.text.MX_CAN2_Init) for MX_CAN2_Init
    main.o(.text.main) refers to bsp_can.o(.text.can_filter_init) for can_filter_init
    main.o(.text.main) refers to freertos.o(.text.MX_FREERTOS_Init) for MX_FREERTOS_Init
    main.o(.text.main) refers to cmsis_os.o(.text.osKernelStart) for osKernelStart
    main.o(.ARM.exidx.text.main) refers to main.o(.text.main) for [Anonymous Symbol]
    main.o(.text.SystemClock_Config) refers to rt_memclr_w.o(.text) for __aeabi_memclr4
    main.o(.text.SystemClock_Config) refers to stm32f4xx_hal_rcc.o(.text.HAL_RCC_OscConfig) for HAL_RCC_OscConfig
    main.o(.text.SystemClock_Config) refers to stm32f4xx_hal_rcc.o(.text.HAL_RCC_ClockConfig) for HAL_RCC_ClockConfig
    main.o(.ARM.exidx.text.SystemClock_Config) refers to main.o(.text.SystemClock_Config) for [Anonymous Symbol]
    main.o(.ARM.exidx.text.Error_Handler) refers to main.o(.text.Error_Handler) for [Anonymous Symbol]
    main.o(.text.HAL_TIM_PeriodElapsedCallback) refers to stm32f4xx_hal.o(.text.HAL_IncTick) for HAL_IncTick
    main.o(.ARM.exidx.text.HAL_TIM_PeriodElapsedCallback) refers to main.o(.text.HAL_TIM_PeriodElapsedCallback) for [Anonymous Symbol]
[...]
    uxListRemove                             0x0800ba79   Thumb Code    34  list.o(.text.uxListRemove)
    vApplicationGetIdleTaskMemory            0x0800ba9d   Thumb Code    26  freertos.o(.text.vApplicationGetIdleTaskMemory)
    vListInitialise                          0x0800bab9   Thumb Code    22  list.o(.text.vListInitialise)
    vListInitialiseItem                      0x0800bad1   Thumb Code     6  list.o(.text.vListInitialiseItem)
    vListInsert                              0x0800bad9   Thumb Code    98  list.o(.text.vListInsert)
    vListInsertEnd                           0x0800bb3d   Thumb Code    26  list.o(.text.vListInsertEnd)
    vPortEnterCritical                       0x0800bb6d   Thumb Code    70  port.o(.text.vPortEnterCritical)
    vPortExitCritical                        0x0800bbb5   Thumb Code    46  port.o(.text.vPortExitCritical)
    vPortFree                                0x0800bbe5   Thumb Code   222  heap_4.o(.text.vPortFree)
    vPortSetupTimerInterrupt                 0x0800bcc5   Thumb Code    52  port.o(.text.vPortSetupTimerInterrupt)
    vPortValidateInterruptPriority           0x0800bcf9   Thumb Code    94  port.o(.text.vPortValidateInterruptPriority)
    vTaskDelay                               0x0800bd59   Thumb Code   158  tasks.o(.text.vTaskDelay)
    vTaskNotifyGiveFromISR                   0x0800bdf9   Thumb Code   198  tasks.o(.text.vTaskNotifyGiveFromISR)
    vTaskStartScheduler                      0x0800bec1   Thumb Code   196  tasks.o(.text.vTaskStartScheduler)
    vTaskSuspendAll                          0x0800bf8d   Thumb Code    16  tasks.o(.text.vTaskSuspendAll)
    vTaskSwitchContext                       0x0800bf9d   Thumb Code   110  tasks.o(.text.vTaskSwitchContext)
    xPortStartScheduler                      0x0800c00d   Thumb Code   392  port.o(.text.xPortStartScheduler)
    xTaskCreate                              0x0800c195   Thumb Code    96  tasks.o(.text.xTaskCreate)
    xTaskCreateStatic                        0x0800c1f5   Thumb Code   118  tasks.o(.text.xTaskCreateStatic)
    xTaskGetHandle                           0x0800c26d   Thumb Code  3866  tasks.o(.text.xTaskGetHandle)
    xTaskGetSchedulerState                   0x0800d189   Thumb Code    30  tasks.o(.text.xTaskGetSchedulerState)
    xTaskGetTickCount                        0x0800d1a9   Thumb Code    12  tasks.o(.text.xTaskGetTickCount)
    xTaskIncrementTick                       0x0800d1b5   Thumb Code   262  tasks.o(.text.xTaskIncrementTick)
    xTaskResumeAll                           0x0800d2bd   Thumb Code   234  tasks.o(.text.xTaskResumeAll)
    AHRS_init                                0x0800d3c1   Thumb Code   626  ahrs.o(i.AHRS_init)
    AHRS_update                              0x0800d65d   Thumb Code   314  ahrs.o(i.AHRS_update)
    __ARM_fpclassifyf                        0x0800d797   Thumb Code    38  fpclassifyf.o(i.__ARM_fpclassifyf)
    __hardfp_asinf                           0x0800d7bd   Thumb Code   258  asinf.o(i.__hardfp_asinf)
    __hardfp_atan2f                          0x0800d8e9   Thumb Code   594  atan2f.o(i.__hardfp_atan2f)
    __mathlib_flt_infnan                     0x0800db95   Thumb Code     6  funder.o(i.__mathlib_flt_infnan)
    __mathlib_flt_infnan2                    0x0800db9b   Thumb Code     6  funder.o(i.__mathlib_flt_infnan2)
    __mathlib_flt_invalid                    0x0800dba1   Thumb Code    10  funder.o(i.__mathlib_flt_invalid)
    __mathlib_flt_underflow                  0x0800dbb1   Thumb Code    10  funder.o(i.__mathlib_flt_underflow)
    get_angle                                0x0800e089   Thumb Code   232  ahrs.o(i.get_angle)
    sqrtf                                    0x0800e1f5   Thumb Code    62  sqrtf.o(i.sqrtf)
    __aeabi_d2f                              0x0800e2ad   Thumb Code     0  d2f_clz.o(x$fpl$d2f)
    _d2f                                     0x0800e2ad   Thumb Code   700  d2f_clz.o(x$fpl$d2f)
    __aeabi_ddiv                             0x0800e571   Thumb Code     0  ddiv_clz.o(x$fpl$ddiv)
    _ddiv                                    0x0800e571   Thumb Code   756  ddiv_clz.o(x$fpl$ddiv)
    __dflt_normalise                         0x0800e8f5   Thumb Code    26  dflt_clz.o(x$fpl$dfltn)
    __aeabi_dmul                             0x0800e911   Thumb Code     0  dmul_clz.o(x$fpl$dmul)
    _dmul                                    0x0800e911   Thumb Code   440  dmul_clz.o(x$fpl$dmul)
    __fpl_dnaninf                            0x0800ead1   Thumb Code   262  dnaninf.o(x$fpl$dnaninf)
    __fpl_drenorm2                           0x0800ebd7   Thumb Code   106  drenorm_clz.o(x$fpl$drenorm)
    __fpl_drenorm1                           0x0800ec41   Thumb Code     6  drenorm_clz.o(x$fpl$drenorm)
    __fpl_dretinf                            0x0800ec47   Thumb Code    12  dretinf.o(x$fpl$dretinf)
    __dunder                                 0x0800ec53   Thumb Code   314  dunder_clz.o(x$fpl$dunder)
    __dunder_d                               0x0800ed8d   Thumb Code    64  dunder_clz.o(x$fpl$dunder)
    __fpl_exception                          0x0800edcd   Thumb Code   454  except.o(x$fpl$exception)
    __aeabi_f2d                              0x0800efb9   Thumb Code     0  f2d.o(x$fpl$f2d)
    _f2d                                     0x0800efb9   Thumb Code   122  f2d.o(x$fpl$f2d)
    __fpl_fnaninf                            0x0800f033   Thumb Code   246  fnaninf.o(x$fpl$fnaninf)
    _fp_init                                 0x0800f129   Thumb Code    22  fpinit.o(x$fpl$fpinit)
    __fplib_config_fpu_vfp                   0x0800f13d   Thumb Code     0  fpinit.o(x$fpl$fpinit)
    __fplib_config_pureend_doubles           0x0800f13d   Thumb Code     0  fpinit.o(x$fpl$fpinit)
    __fpl_fretinf                            0x0800f13f   Thumb Code    10  fretinf.o(x$fpl$fretinf)
    __funder                                 0x0800f149   Thumb Code   254  funder_clz.o(x$fpl$funder)
    __funder_d                               0x0800f247   Thumb Code    62  funder_clz.o(x$fpl$funder)
    __fpl_return_NaN                         0x0800f285   Thumb Code   178  retnan.o(x$fpl$retnan)
    _fp_trapveneer                           0x0800f337   Thumb Code    36  trapv.o(x$fpl$trapveneer)
    __fpl_cmpreturn                          0x0800f35b   Thumb Code    90  trapv.o(x$fpl$trapveneer)
    __I$use$fp                               0x0800f3b4   Number         0  usenofp.o(x$fpl$usenofp)
    sinTable_f32                             0x0800f3c0   Data        2052  arm_common_tables.o(.constdata)
    AHBPrescTable                            0x0800fbc4   Data          16  system_stm32f4xx.o(.rodata.AHBPrescTable)
    APBPrescTable                            0x0800fbd4   Data           8  system_stm32f4xx.o(.rodata.APBPrescTable)
    Region$$Table$$Base                      0x0800fc5c   Number         0  anon$$obj.o(Region$$Table)
    Region$$Table$$Limit                     0x0800fc7c   Number         0  anon$$obj.o(Region$$Table)
    uwTickFreq                               0x20000010   Data           1  stm32f4xx_hal.o(.data..L_MergedGlobals)
    uwTickPrio                               0x20000014   Data           4  stm32f4xx_hal.o(.data..L_MergedGlobals)
    BMI088_ACCEL_SEN                         0x20000018   Data           4  bmi088driver.o(.data..L_MergedGlobals)
    BMI088_GYRO_SEN                          0x2000001c   Data           4  bmi088driver.o(.data..L_MergedGlobals)
    accel_temp_dma_tx_buf                    0x20000020   Data           4  ins_task.o(.data..L_MergedGlobals)
    gyro_dma_tx_buf                          0x20000024   Data           8  ins_task.o(.data..L_MergedGlobals)
    accel_dma_tx_buf                         0x2000002c   Data           9  ins_task.o(.data..L_MergedGlobals)
    gyro_scale_factor                        0x20000038   Data          36  ins_task.o(.data..L_MergedGlobals)
    accel_scale_factor                       0x2000005c   Data          36  ins_task.o(.data..L_MergedGlobals)
    x1                                       0x20000080   Data           2  try_try.o(.data..L_MergedGlobals)
    x2                                       0x20000082   Data           2  try_try.o(.data..L_MergedGlobals)
    x3                                       0x20000084   Data           2  try_try.o(.data..L_MergedGlobals)
    x4                                       0x20000086   Data           2  try_try.o(.data..L_MergedGlobals)
    kp_s_pitch                               0x20000088   Data           4  try_try.o(.data..L_MergedGlobals)
    kp_p_pitch                               0x2000008c   Data           4  try_try.o(.data..L_MergedGlobals)
    ki_p_pitch                               0x20000090   Data           4  try_try.o(.data..L_MergedGlobals)
    FS_Desc                                  0x20000094   Data          28  usbd_desc.o(.data.FS_Desc)
    SystemCoreClock                          0x200000b0   Data           4  system_stm32f4xx.o(.data.SystemCoreClock)
    USBD_CDC                                 0x200000b4   Data          56  usbd_cdc.o(.data.USBD_CDC)
    USBD_FS_DeviceDesc                       0x2000013c   Data          18  usbd_desc.o(.data.USBD_FS_DeviceDesc)
    USBD_Interface_fops_FS                   0x20000150   Data          20  usbd_cdc_if.o(.data.USBD_Interface_fops_FS)
    USBD_LangIDDesc                          0x20000164   Data           4  usbd_desc.o(.data.USBD_LangIDDesc)
    USBD_StringSerial                        0x20000168   Data          26  usbd_desc.o(.data.USBD_StringSerial)
    mag_scale_factor                         0x20000184   Data          36  ins_task.o(.data.mag_scale_factor)
    sine_frame                               0x200001a8   Data          20  usb_task.o(.data.sine_frame)
    __libspace_start                         0x200001c0   Data          96  libspace.o(.bss)
    __temporary_stack_top$libspace           0x20000220   Data           0  libspace.o(.bss)
    defaultTaskHandle                        0x20000220   Data           4  freertos.o(.bss..L_MergedGlobals)
    INS_TASKHandle                           0x20000224   Data           4  freertos.o(.bss..L_MergedGlobals)
    try_tryHandle                            0x20000228   Data           4  freertos.o(.bss..L_MergedGlobals)
    USB_taskHandle                           0x2000022c   Data           4  freertos.o(.bss..L_MergedGlobals)
    pxCurrentTCB                             0x20000230   Data           4  tasks.o(.bss..L_MergedGlobals)
    dm4310                                   0x200002e8   Data          10  can_receive.o(.bss..L_MergedGlobals)
    deal_dm4310_d                            0x200002f4   Data          16  can_receive.o(.bss..L_MergedGlobals)
    mode                                     0x20000334   Data           1  try_try.o(.bss..L_MergedGlobals.1)
    time                                     0x20000336   Data           2  try_try.o(.bss..L_MergedGlobals.1)
    delta_pitch_torque                       0x20000338   Data           2  try_try.o(.bss..L_MergedGlobals.1)
    ki_s_pitch                               0x2000033c   Data           4  try_try.o(.bss..L_MergedGlobals.1)
    kd_s_pitch                               0x20000340   Data           4  try_try.o(.bss..L_MergedGlobals.1)
    kd_p_pitch                               0x20000344   Data           4  try_try.o(.bss..L_MergedGlobals.1)
    degree_yaw                               0x20000348   Data           4  try_try.o(.bss..L_MergedGlobals.1)
    degree_pitch                             0x2000034c   Data           4  try_try.o(.bss..L_MergedGlobals.1)
    speed_pitch                              0x20000350   Data           4  try_try.o(.bss..L_MergedGlobals.1)
    degree_set_yaw                           0x20000354   Data           4  try_try.o(.bss..L_MergedGlobals.1)
    rd_yaw_set_degree                        0x20000358   Data           4  try_try.o(.bss..L_MergedGlobals.1)
    degree_set_pitch                         0x2000035c   Data           4  try_try.o(.bss..L_MergedGlobals.1)
    speed_set_pitch                          0x20000360   Data           4  try_try.o(.bss..L_MergedGlobals.1)
    speed_set_yaw                            0x20000364   Data           4  try_try.o(.bss..L_MergedGlobals.1)
    speed_set_yaw_s                          0x20000368   Data           4  try_try.o(.bss..L_MergedGlobals.1)
    gyro_update_flag                         0x20000394   Data           1  ins_task.o(.bss..L_MergedGlobals.2)
    accel_update_flag                        0x20000395   Data           1  ins_task.o(.bss..L_MergedGlobals.2)
    accel_temp_update_flag                   0x20000396   Data           1  ins_task.o(.bss..L_MergedGlobals.2)
    mag_update_flag                          0x20000397   Data           1  ins_task.o(.bss..L_MergedGlobals.2)
    imu_start_dma_flag                       0x20000398   Data           1  ins_task.o(.bss..L_MergedGlobals.2)
    imu_read_flag                            0x20000399   Data           1  ins_task.o(.bss..L_MergedGlobals.2)
    cnt                                      0x2000039a   Data           1  ins_task.o(.bss..L_MergedGlobals.2)
    accel_temp_dma_rx_buf                    0x200003b4   Data           4  ins_task.o(.bss..L_MergedGlobals.2)
    gyro_dma_rx_buf                          0x200003bc   Data           8  ins_task.o(.bss..L_MergedGlobals.2)
    accel_dma_rx_buf                         0x200003c4   Data           9  ins_task.o(.bss..L_MergedGlobals.2)
    INS_accel                                0x200003d0   Data          12  ins_task.o(.bss..L_MergedGlobals.2)
    INS_angle                                0x200003dc   Data          12  ins_task.o(.bss..L_MergedGlobals.2)
    INS_angle_deg                            0x200003e8   Data          12  ins_task.o(.bss..L_MergedGlobals.2)
    gyro_cali_offset                         0x20000418   Data          12  ins_task.o(.bss..L_MergedGlobals.3)
    gyro_offset                              0x20000424   Data          12  ins_task.o(.bss..L_MergedGlobals.3)
    accel_offset                             0x20000430   Data          12  ins_task.o(.bss..L_MergedGlobals.3)
    mag_offset                               0x2000043c   Data          12  ins_task.o(.bss..L_MergedGlobals.3)
    INS_quat                                 0x20000448   Data          16  ins_task.o(.bss..L_MergedGlobals.3)
    ist8310_real_data                        0x20000458   Data          16  ins_task.o(.bss..L_MergedGlobals.3)
    bmi088_real_data                         0x20000468   Data          36  ins_task.o(.bss..L_MergedGlobals.4)
    bmi088_offset_data                       0x2000048c   Data          36  ins_task.o(.bss..L_MergedGlobals.4)
    USBD_StrDesc                             0x200004b8   Data         512  usbd_desc.o(.bss.USBD_StrDesc)
    UserRxBufferFS                           0x200008d8   Data        2048  usbd_cdc_if.o(.bss.UserRxBufferFS)
    UserTxBufferFS                           0x200010d8   Data        2048  usbd_cdc_if.o(.bss.UserTxBufferFS)
    error_list                               0x200018d8   Data         504  detect_task.o(.bss.error_list)
    hUsbDeviceFS                             0x20001ad0   Data         732  usb_device.o(.bss.hUsbDeviceFS)
    hadc3                                    0x20001dac   Data          72  adc.o(.bss.hadc3)
    hcan1                                    0x20001df4   Data          40  can.o(.bss.hcan1)
    hcan2                                    0x20001e1c   Data          40  can.o(.bss.hcan2)
    hdma_spi1_rx                             0x20001e44   Data          96  spi.o(.bss.hdma_spi1_rx)
    hdma_spi1_tx                             0x20001ea4   Data          96  spi.o(.bss.hdma_spi1_tx)
    hi2c3                                    0x20001f04   Data          84  i2c.o(.bss.hi2c3)
    hpcd_USB_OTG_FS                          0x20001f58   Data        1252  usbd_conf.o(.bss.hpcd_USB_OTG_FS)
    hspi1                                    0x2000243c   Data          88  spi.o(.bss.hspi1)
    htim10                                   0x20002494   Data          72  tim.o(.bss.htim10)
    htim2                                    0x200024dc   Data          72  stm32f4xx_hal_timebase_tim.o(.bss.htim2)
    htim5                                    0x20002524   Data          72  tim.o(.bss.htim5)
    motor_chassis                            0x200025b4   Data          80  can_receive.o(.bss.motor_chassis)
    motor_p_pitch                            0x20002604   Data          72  try_try.o(.bss.motor_p_pitch)
    motor_p_yaw                              0x2000264c   Data          72  try_try.o(.bss.motor_p_yaw)
    motor_s_pitch                            0x20002694   Data          72  try_try.o(.bss.motor_s_pitch)
    motor_s_yaw                              0x200026dc   Data          72  try_try.o(.bss.motor_s_yaw)
    uwTick                                   0x200063b0   Data           4  stm32f4xx_hal.o(.bss.uwTick)



==============================================================================

Memory Map of the image

  Image Entry point : 0x08000189

  Load Region LR_IROM1 (Base: 0x08000000, Size: 0x0000fe40, Max: 0x00100000, ABSOLUTE, COMPRESSED[0x0000fd78])

    Execution Region ER_IROM1 (Exec base: 0x08000000, Load base: 0x08000000, Size: 0x0000fc7c, Max: 0x00100000, ABSOLUTE)

    Exec Addr    Load Addr    Size         Type   Attr      Idx    E Section Name        Object

    0x08000000   0x08000000   0x00000188   Data   RO            3    RESET               startup_stm32f407xx.o
    0x08000188   0x08000188   0x00000008   Code   RO         2904  * !!!main             c_w.l(__main.o)
    0x08000190   0x08000190   0x0000005c   Code   RO         3180    !!!scatter          c_w.l(__scatter.o)
    0x080001ec   0x080001ec   0x0000005a   Code   RO         3178    !!dczerorl2         c_w.l(__dczerorl2.o)
    0x08000246   0x08000246   0x00000002   PAD
    0x08000248   0x08000248   0x00000002   Code   RO         3181    !!handler_null      c_w.l(__scatter.o)
    0x0800024a   0x0800024a   0x00000002   PAD
    0x0800024c   0x0800024c   0x0000001c   Code   RO         3184    !!handler_zi        c_w.l(__scatter_zi.o)
    0x08000268   0x08000268   0x00000002   Code   RO         3043    .ARM.Collect$$libinit$$00000000  c_w.l(libinit.o)
    0x0800026a   0x0800026a   0x00000004   Code   RO         3052    .ARM.Collect$$libinit$$00000001  c_w.l(libinit2.o)
    0x0800026e   0x0800026e   0x00000000   Code   RO         3055    .ARM.Collect$$libinit$$00000004  c_w.l(libinit2.o)
    0x0800026e   0x0800026e   0x00000000   Code   RO         3057    .ARM.Collect$$libinit$$00000006  c_w.l(libinit2.o)
    0x0800026e   0x0800026e   0x00000000   Code   RO         3060    .ARM.Collect$$libinit$$0000000C  c_w.l(libinit2.o)
    0x0800026e   0x0800026e   0x00000000   Code   RO         3062    .ARM.Collect$$libinit$$0000000E  c_w.l(libinit2.o)
    0x0800026e   0x0800026e   0x00000000   Code   RO         3064    .ARM.Collect$$libinit$$00000010  c_w.l(libinit2.o)
    0x0800026e   0x0800026e   0x00000000   Code   RO         3067    .ARM.Collect$$libinit$$00000013  c_w.l(libinit2.o)
    0x0800026e   0x0800026e   0x00000000   Code   RO         3069    .ARM.Collect$$libinit$$00000015  c_w.l(libinit2.o)
    0x0800026e   0x0800026e   0x00000000   Code   RO         3071    .ARM.Collect$$libinit$$00000017  c_w.l(libinit2.o)
    0x0800026e   0x0800026e   0x00000000   Code   RO         3073    .ARM.Collect$$libinit$$00000019  c_w.l(libinit2.o)
    0x0800026e   0x0800026e   0x00000000   Code   RO         3075    .ARM.Collect$$libinit$$0000001B  c_w.l(libinit2.o)
    0x0800026e   0x0800026e   0x00000000   Code   RO         3077    .ARM.Collect$$libinit$$0000001D  c_w.l(libinit2.o)
    0x0800026e   0x0800026e   0x00000000   Code   RO         3079    .ARM.Collect$$libinit$$0000001F  c_w.l(libinit2.o)
    0x0800026e   0x0800026e   0x00000000   Code   RO         3081    .ARM.Collect$$libinit$$00000021  c_w.l(libinit2.o)
    0x0800026e   0x0800026e   0x00000000   Code   RO         3083    .ARM.Collect$$libinit$$00000023  c_w.l(libinit2.o)
    0x0800026e   0x0800026e   0x00000000   Code   RO         3085    .ARM.Collect$$libinit$$00000025  c_w.l(libinit2.o)
    0x0800026e   0x0800026e   0x00000000   Code   RO         3087    .ARM.Collect$$libinit$$00000027  c_w.l(libinit2.o)
    0x0800026e   0x0800026e   0x00000000   Code   RO         3091    .ARM.Collect$$libinit$$0000002E  c_w.l(libinit2.o)
    0x0800026e   0x0800026e   0x00000000   Code   RO         3093    .ARM.Collect$$libinit$$00000030  c_w.l(libinit2.o)
    0x0800026e   0x0800026e   0x00000000   Code   RO         3095    .ARM.Collect$$libinit$$00000032  c_w.l(libinit2.o)
    0x0800026e   0x0800026e   0x00000000   Code   RO         3097    .ARM.Collect$$libinit$$00000034  c_w.l(libinit2.o)
    0x0800026e   0x0800026e   0x00000002   Code   RO         3098    .ARM.Collect$$libinit$$00000035  c_w.l(libinit2.o)
    0x08000270   0x08000270   0x00000002   Code   RO         3133    .ARM.Collect$$libshutdown$$00000000  c_w.l(libshutdown.o)
    0x08000272   0x08000272   0x00000000   Code   RO         3161    .ARM.Collect$$libshutdown$$00000002  c_w.l(libshutdown2.o)
    0x08000272   0x08000272   0x00000000   Code   RO         3163    .ARM.Collect$$libshutdown$$00000004  c_w.l(libshutdown2.o)
    0x08000272   0x08000272   0x00000000   Code   RO         3166    .ARM.Collect$$libshutdown$$00000007  c_w.l(libshutdown2.o)
    0x08000272   0x08000272   0x00000000   Code   RO         3169    .ARM.Collect$$libshutdown$$0000000A  c_w.l(libshutdown2.o)
    0x08000272   0x08000272   0x00000000   Code   RO         3171    .ARM.Collect$$libshutdown$$0000000C  c_w.l(libshutdown2.o)
    0x08000272   0x08000272   0x00000000   Code   RO         3174    .ARM.Collect$$libshutdown$$0000000F  c_w.l(libshutdown2.o)
    0x08000272   0x08000272   0x00000002   Code   RO         3175    .ARM.Collect$$libshutdown$$00000010  c_w.l(libshutdown2.o)
    0x08000274   0x08000274   0x00000000   Code   RO         2940    .ARM.Collect$$rtentry$$00000000  c_w.l(__rtentry.o)
    0x08000274   0x08000274   0x00000000   Code   RO         3002    .ARM.Collect$$rtentry$$00000002  c_w.l(__rtentry2.o)
    0x08000274   0x08000274   0x00000006   Code   RO         3014    .ARM.Collect$$rtentry$$00000004  c_w.l(__rtentry4.o)
    0x0800027a   0x0800027a   0x00000000   Code   RO         3004    .ARM.Collect$$rtentry$$00000009  c_w.l(__rtentry2.o)
    0x0800027a   0x0800027a   0x00000004   Code   RO         3005    .ARM.Collect$$rtentry$$0000000A  c_w.l(__rtentry2.o)
    0x0800027e   0x0800027e   0x00000000   Code   RO         3007    .ARM.Collect$$rtentry$$0000000C  c_w.l(__rtentry2.o)
    0x0800027e   0x0800027e   0x00000008   Code   RO         3008    .ARM.Collect$$rtentry$$0000000D  c_w.l(__rtentry2.o)
    0x08000286   0x08000286   0x00000002   Code   RO         3044    .ARM.Collect$$rtexit$$00000000  c_w.l(rtexit.o)
    0x08000288   0x08000288   0x00000000   Code   RO         3104    .ARM.Collect$$rtexit$$00000002  c_w.l(rtexit2.o)
    0x08000288   0x08000288   0x00000004   Code   RO         3105    .ARM.Collect$$rtexit$$00000003  c_w.l(rtexit2.o)
    0x0800028c   0x0800028c   0x00000006   Code   RO         3106    .ARM.Collect$$rtexit$$00000004  c_w.l(rtexit2.o)
    0x08000292   0x08000292   0x00000002   PAD
    0x08000294   0x08000294   0x00000040   Code   RO            4    .text               startup_stm32f407xx.o
    0x080002d4   0x080002d4   0x00000078   Code   RO         2649    .text               arm_cortexM4lf_math.lib(arm_cos_f32.o)
    0x0800034c   0x0800034c   0x00000094   Code   RO         2700    .text               arm_cortexM4lf_math.lib(arm_sin_f32.o)
    0x080003e0   0x080003e0   0x000000f0   Code   RO         2892    .text               c_w.l(lludivv7m.o)
    0x080004d0   0x080004d0   0x0000003e   Code   RO         2894    .text               c_w.l(strlen.o)
    0x0800050e   0x0800050e   0x0000004e   Code   RO         2900    .text               c_w.l(rt_memclr_w.o)
    0x0800055c   0x0800055c   0x00000006   Code   RO         2902    .text               c_w.l(heapauxi.o)
    0x08000562   0x08000562   0x00000016   Code   RO         2945    .text               c_w.l(_rserrno.o)
    0x08000578   0x08000578   0x00000008   Code   RO         3021    .text               c_w.l(rt_errno_addr_intlibspace.o)
    0x08000580   0x08000580   0x00000030   Code   RO         3023    .text               c_w.l(_fptrap.o)
    0x080005b0   0x080005b0   0x00000008   Code   RO         3027    .text               c_w.l(libspace.o)
    0x080005b8   0x080005b8   0x0000004a   Code   RO         3030    .text               c_w.l(sys_stackheap_outer.o)
    0x08000602   0x08000602   0x00000012   Code   RO         3032    .text               c_w.l(exit.o)
    0x08000614   0x08000614   0x0000000e   Code   RO         3034    .text               c_w.l(defsig_fpe_outer.o)
    0x08000622   0x08000622   0x0000000a   Code   RO         3048    .text               c_w.l(defsig_exit.o)
    0x0800062c   0x0800062c   0x000000ac   Code   RO         3050    .text               c_w.l(defsig_fpe_inner.o)
    0x080006d8   0x080006d8   0x0000000c   Code   RO         3099    .text               c_w.l(sys_exit.o)
    0x080006e4   0x080006e4   0x00000032   Code   RO         3112    .text               c_w.l(defsig_general.o)
    0x08000716   0x08000716   0x0000000e   Code   RO         3118    .text               c_w.l(sys_wrch.o)
    0x08000724   0x08000724   0x00000002   Code   RO         3122    .text               c_w.l(use_no_semi.o)
    0x08000726   0x08000726   0x00000000   Code   RO         3124    .text               c_w.l(indicate_semi.o)
    0x08000726   0x08000726   0x00000002   PAD
    0x08000728   0x08000728   0x00000004   Code   RO         2078    .text.AHRS_asinf    ahrs_middleware.o
    0x0800072c   0x0800072c   0x00000004   Code   RO         2082    .text.AHRS_atan2f   ahrs_middleware.o
    0x08000730   0x08000730   0x00000004   Code   RO         2074    .text.AHRS_cosf     ahrs_middleware.o
    0x08000734   0x08000734   0x0000000a   Code   RO         2066    .text.AHRS_get_height  ahrs_middleware.o
    0x0800073e   0x0800073e   0x00000002   PAD
    0x08000740   0x08000740   0x0000000e   Code   RO         2068    .text.AHRS_get_latitude  ahrs_middleware.o
    0x0800074e   0x0800074e   0x00000002   PAD
    0x08000750   0x08000750   0x0000000e   Code   RO         2070    .text.AHRS_invSqrt  ahrs_middleware.o
    0x0800075e   0x0800075e   0x00000002   PAD
    0x08000760   0x08000760   0x00000004   Code   RO         2072    .text.AHRS_sinf     ahrs_middleware.o
    0x08000764   0x08000764   0x0000000e   Code   RO         2178    .text.BMI088_ACCEL_NS_H  bmi088middleware.o
    0x08000772   0x08000772   0x00000002   PAD
    0x08000774   0x08000774   0x0000000e   Code   RO         2176    .text.BMI088_ACCEL_NS_L  bmi088middleware.o
    0x08000782   0x08000782   0x00000002   PAD
    0x08000784   0x08000784   0x00000002   Code   RO         2168    .text.BMI088_GPIO_init  bmi088middleware.o
    0x08000786   0x08000786   0x00000002   PAD
    0x08000788   0x08000788   0x00000010   Code   RO         2182    .text.BMI088_GYRO_NS_H  bmi088middleware.o
    0x08000798   0x08000798   0x00000010   Code   RO         2180    .text.BMI088_GYRO_NS_L  bmi088middleware.o
    0x080007a8   0x080007a8   0x00000074   Code   RO         2142    .text.BMI088_accel_read_over  bmi088driver.o
    0x0800081c   0x0800081c   0x00000002   Code   RO         2170    .text.BMI088_com_init  bmi088middleware.o
    0x0800081e   0x0800081e   0x00000002   PAD
    0x08000820   0x08000820   0x00000004   Code   RO         2172    .text.BMI088_delay_ms  bmi088middleware.o
    0x08000824   0x08000824   0x00000004   Code   RO         2174    .text.BMI088_delay_us  bmi088middleware.o
    0x08000828   0x08000828   0x0000004e   Code   RO         2144    .text.BMI088_gyro_read_over  bmi088driver.o
    0x08000876   0x08000876   0x00000002   PAD
    0x08000878   0x08000878   0x00000030   Code   RO         2126    .text.BMI088_init   bmi088driver.o
    0x080008a8   0x080008a8   0x0000019c   Code   RO         2146    .text.BMI088_read   bmi088driver.o
    0x08000a44   0x08000a44   0x0000002e   Code   RO         2184    .text.BMI088_read_write_byte  bmi088middleware.o
    0x08000a72   0x08000a72   0x00000002   PAD
    0x08000a74   0x08000a74   0x0000003a   Code   RO         2140    .text.BMI088_temperature_read_over  bmi088driver.o
    0x08000aae   0x08000aae   0x00000002   PAD
    0x08000ab0   0x08000ab0   0x00000002   Code   RO          162    .text.BusFault_Handler  stm32f4xx_it.o
    0x08000ab2   0x08000ab2   0x00000002   PAD
    0x08000ab4   0x08000ab4   0x0000000c   Code   RO          174    .text.CAN1_RX0_IRQHandler  stm32f4xx_it.o
    0x08000ac0   0x08000ac0   0x00000054   Code   RO         2003    .text.CAN_CMD_BASE  bsp_can.o
    0x08000b14   0x08000b14   0x00000050   Code   RO         2021    .text.CAN_Speed_SendCmd  bsp_can.o
    0x08000b64   0x08000b64   0x00000004   Code   RO         2416    .text.CDC_Control_FS  usbd_cdc_if.o
    0x08000b68   0x08000b68   0x00000004   Code   RO         2414    .text.CDC_DeInit_FS  usbd_cdc_if.o
    0x08000b6c   0x08000b6c   0x0000002c   Code   RO         2412    .text.CDC_Init_FS   usbd_cdc_if.o
    0x08000b98   0x08000b98   0x0000001c   Code   RO         2418    .text.CDC_Receive_FS  usbd_cdc_if.o
    0x08000bb4   0x08000bb4   0x00000004   Code   RO         2420    .text.CDC_TransmitCplt_FS  usbd_cdc_if.o
    0x08000bb8   0x08000bb8   0x00000036   Code   RO         2422    .text.CDC_Transmit_FS  usbd_cdc_if.o
    0x08000bee   0x08000bee   0x00000002   PAD
    0x08000bf0   0x08000bf0   0x00000034   Code   RO         2240    .text.DM4310_Disable  can_receive.o
    0x08000c24   0x08000c24   0x00000034   Code   RO         2238    .text.DM4310_Enable  can_receive.o
    0x08000c58   0x08000c58   0x0000003e   Code   RO         2242    .text.DM4310_SetMode  can_receive.o
    0x08000c96   0x08000c96   0x00000002   PAD
    0x08000c98   0x08000c98   0x00000016   Code   RO          180    .text.DMA2_Stream2_IRQHandler  stm32f4xx_it.o
    0x08000cae   0x08000cae   0x00000002   PAD
    0x08000cb0   0x08000cb0   0x0000049c   Code   RO         2317    .text.DMA2_Stream2_IRQHandler_1  ins_task.o
    0x0800114c   0x0800114c   0x0000000c   Code   RO          182    .text.DMA2_Stream3_IRQHandler  stm32f4xx_it.o
    0x08001158   0x08001158   0x00000002   Code   RO          166    .text.DebugMon_Handler  stm32f4xx_it.o
    0x0800115a   0x0800115a   0x00000002   PAD
    0x0800115c   0x0800115c   0x00000006   Code   RO          168    .text.EXTI0_IRQHandler  stm32f4xx_it.o
    0x08001162   0x08001162   0x00000002   PAD
    0x08001164   0x08001164   0x00000006   Code   RO          170    .text.EXTI3_IRQHandler  stm32f4xx_it.o
    0x0800116a   0x0800116a   0x00000002   PAD
    0x0800116c   0x0800116c   0x00000006   Code   RO          172    .text.EXTI4_IRQHandler  stm32f4xx_it.o
    0x08001172   0x08001172   0x00000002   PAD
    0x08001174   0x08001174   0x00000006   Code   RO          176    .text.EXTI9_5_IRQHandler  stm32f4xx_it.o
    0x0800117a   0x0800117a   0x00000002   PAD
    0x0800117c   0x0800117c   0x00000006   Code   RO           15    .text.Error_Handler  main.o
    0x08001182   0x08001182   0x00000002   PAD
    0x08001184   0x08001184   0x0000013c   Code   RO         1161    .text.HAL_ADC_ConfigChannel  stm32f4xx_hal_adc.o
    0x080012c0   0x080012c0   0x0000015c   Code   RO         1119    .text.HAL_ADC_Init  stm32f4xx_hal_adc.o
    0x0800141c   0x0800141c   0x0000006e   Code   RO           63    .text.HAL_ADC_MspInit  adc.o
    0x0800148a   0x0800148a   0x00000002   PAD
    0x0800148c   0x0800148c   0x0000002e   Code   RO         1249    .text.HAL_CAN_ActivateNotification  stm32f4xx_hal_can.o
    0x080014ba   0x080014ba   0x00000002   PAD
    0x080014bc   0x080014bc   0x000000a4   Code   RO         1235    .text.HAL_CAN_AddTxMessage  stm32f4xx_hal_can.o
    0x08001560   0x08001560   0x000000de   Code   RO         1225    .text.HAL_CAN_ConfigFilter  stm32f4xx_hal_can.o
    0x0800163e   0x0800163e   0x00000002   PAD
    0x08001640   0x08001640   0x00000002   Code   RO         1279    .text.HAL_CAN_ErrorCallback  stm32f4xx_hal_can.o
    0x08001642   0x08001642   0x00000002   PAD
    0x08001644   0x08001644   0x0000012e   Code   RO         1245    .text.HAL_CAN_GetRxMessage  stm32f4xx_hal_can.o
    0x08001772   0x08001772   0x00000002   PAD
    0x08001774   0x08001774   0x0000025e   Code   RO         1253    .text.HAL_CAN_IRQHandler  stm32f4xx_hal_can.o
    0x080019d2   0x080019d2   0x00000002   PAD
    0x080019d4   0x080019d4   0x000000f4   Code   RO         1215    .text.HAL_CAN_Init  stm32f4xx_hal_can.o
    0x08001ac8   0x08001ac8   0x0000012e   Code   RO           80    .text.HAL_CAN_MspInit  can.o
    0x08001bf6   0x08001bf6   0x00000002   PAD
    0x08001bf8   0x08001bf8   0x00000002   Code   RO         1267    .text.HAL_CAN_RxFifo0FullCallback  stm32f4xx_hal_can.o
    0x08001bfa   0x08001bfa   0x00000006   PAD
    0x08001c00   0x08001c00   0x00000144   Code   RO         2236    .text.HAL_CAN_RxFifo0MsgPendingCallback  can_receive.o
    0x08001d44   0x08001d44   0x00000002   Code   RO         1271    .text.HAL_CAN_RxFifo1FullCallback  stm32f4xx_hal_can.o
    0x08001d46   0x08001d46   0x00000002   PAD
    0x08001d48   0x08001d48   0x00000002   Code   RO         1273    .text.HAL_CAN_RxFifo1MsgPendingCallback  stm32f4xx_hal_can.o
    0x08001d4a   0x08001d4a   0x00000002   PAD
    0x08001d4c   0x08001d4c   0x00000002   Code   RO         1275    .text.HAL_CAN_SleepCallback  stm32f4xx_hal_can.o
    0x08001d4e   0x08001d4e   0x00000002   PAD
    0x08001d50   0x08001d50   0x0000005a   Code   RO         1227    .text.HAL_CAN_Start  stm32f4xx_hal_can.o
    0x08001daa   0x08001daa   0x00000002   PAD
    0x08001dac   0x08001dac   0x00000002   Code   RO         1257    .text.HAL_CAN_TxMailbox0AbortCallback  stm32f4xx_hal_can.o
    0x08001dae   0x08001dae   0x00000002   PAD
    0x08001db0   0x08001db0   0x00000002   Code   RO         1255    .text.HAL_CAN_TxMailbox0CompleteCallback  stm32f4xx_hal_can.o
    0x08001db2   0x08001db2   0x00000002   PAD
    0x08001db4   0x08001db4   0x00000002   Code   RO         1261    .text.HAL_CAN_TxMailbox1AbortCallback  stm32f4xx_hal_can.o
    0x08001db6   0x08001db6   0x00000002   PAD
    0x08001db8   0x08001db8   0x00000002   Code   RO         1259    .text.HAL_CAN_TxMailbox1CompleteCallback  stm32f4xx_hal_can.o
    0x08001dba   0x08001dba   0x00000002   PAD
    0x08001dbc   0x08001dbc   0x00000002   Code   RO         1265    .text.HAL_CAN_TxMailbox2AbortCallback  stm32f4xx_hal_can.o
    0x08001dbe   0x08001dbe   0x00000002   PAD
    0x08001dc0   0x08001dc0   0x00000002   Code   RO         1263    .text.HAL_CAN_TxMailbox2CompleteCallback  stm32f4xx_hal_can.o
    0x08001dc2   0x08001dc2   0x00000002   PAD
    0x08001dc4   0x08001dc4   0x00000002   Code   RO         1277    .text.HAL_CAN_WakeUpFromRxMsgCallback  stm32f4xx_hal_can.o
    0x08001dc6   0x08001dc6   0x00000002   PAD
    0x08001dc8   0x08001dc8   0x000001c4   Code   RO          896    .text.HAL_DMA_IRQHandler  stm32f4xx_hal_dma.o
    0x08001f8c   0x08001f8c   0x00000162   Code   RO          882    .text.HAL_DMA_Init  stm32f4xx_hal_dma.o
    0x080020ee   0x080020ee   0x00000002   PAD
    0x080020f0   0x080020f0   0x00000028   Code   RO         1049    .text.HAL_Delay     stm32f4xx_hal.o
    0x08002118   0x08002118   0x000000da   Code   RO         2313    .text.HAL_GPIO_EXTI_Callback  ins_task.o
    0x080021f2   0x080021f2   0x00000002   PAD
    0x080021f4   0x080021f4   0x00000016   Code   RO          856    .text.HAL_GPIO_EXTI_IRQHandler  stm32f4xx_hal_gpio.o
    0x0800220a   0x0800220a   0x00000002   PAD
    0x0800220c   0x0800220c   0x0000019e   Code   RO          844    .text.HAL_GPIO_Init  stm32f4xx_hal_gpio.o
    0x080023aa   0x080023aa   0x00000002   PAD
    0x080023ac   0x080023ac   0x0000000a   Code   RO          850    .text.HAL_GPIO_WritePin  stm32f4xx_hal_gpio.o
    0x080023b6   0x080023b6   0x00000002   PAD
    0x080023b8   0x080023b8   0x0000000c   Code   RO         1041    .text.HAL_GetTick   stm32f4xx_hal.o
    0x080023c4   0x080023c4   0x00000164   Code   RO         1295    .text.HAL_I2C_Init  stm32f4xx_hal_i2c.o
    0x08002528   0x08002528   0x00000258   Code   RO         1343    .text.HAL_I2C_Mem_Read  stm32f4xx_hal_i2c.o
    0x08002780   0x08002780   0x0000015c   Code   RO         1339    .text.HAL_I2C_Mem_Write  stm32f4xx_hal_i2c.o
    0x080028dc   0x080028dc   0x000000b4   Code   RO          106    .text.HAL_I2C_MspInit  i2c.o
    0x08002990   0x08002990   0x0000001a   Code   RO         1039    .text.HAL_IncTick   stm32f4xx_hal.o
    0x080029aa   0x080029aa   0x00000002   PAD
    0x080029ac   0x080029ac   0x00000036   Code   RO         1029    .text.HAL_Init      stm32f4xx_hal.o
    0x080029e2   0x080029e2   0x00000002   PAD
    0x080029e4   0x080029e4   0x000000ae   Code   RO          202    .text.HAL_InitTick  stm32f4xx_hal_timebase_tim.o
    0x08002a92   0x08002a92   0x00000002   PAD
    0x08002a94   0x08002a94   0x00000042   Code   RO          193    .text.HAL_MspInit   stm32f4xx_hal_msp.o
    0x08002ad6   0x08002ad6   0x00000002   PAD
    0x08002ad8   0x08002ad8   0x00000022   Code   RO          981    .text.HAL_NVIC_EnableIRQ  stm32f4xx_hal_cortex.o
    0x08002afa   0x08002afa   0x00000002   PAD
    0x08002afc   0x08002afc   0x00000056   Code   RO          979    .text.HAL_NVIC_SetPriority  stm32f4xx_hal_cortex.o
    0x08002b52   0x08002b52   0x00000002   PAD
    0x08002b54   0x08002b54   0x00000020   Code   RO          977    .text.HAL_NVIC_SetPriorityGrouping  stm32f4xx_hal_cortex.o
    0x08002b74   0x08002b74   0x00000002   Code   RO          618    .text.HAL_PCDEx_LPM_Callback  stm32f4xx_hal_pcd_ex.o
    0x08002b76   0x08002b76   0x00000002   PAD
    0x08002b78   0x08002b78   0x00000008   Code   RO          616    .text.HAL_PCDEx_SetRxFiFo  stm32f4xx_hal_pcd_ex.o
    0x08002b80   0x08002b80   0x000000ce   Code   RO          614    .text.HAL_PCDEx_SetTxFiFo  stm32f4xx_hal_pcd_ex.o
    0x08002c4e   0x08002c4e   0x00000002   PAD
    0x08002c50   0x08002c50   0x00000008   Code   RO         2457    .text.HAL_PCD_ConnectCallback  usbd_conf.o
    0x08002c58   0x08002c58   0x00000014   Code   RO         2443    .text.HAL_PCD_DataInStageCallback  usbd_conf.o
    0x08002c6c   0x08002c6c   0x00000016   Code   RO         2441    .text.HAL_PCD_DataOutStageCallback  usbd_conf.o
    0x08002c82   0x08002c82   0x00000002   PAD
    0x08002c84   0x08002c84   0x00000008   Code   RO         2459    .text.HAL_PCD_DisconnectCallback  usbd_conf.o
    0x08002c8c   0x08002c8c   0x00000050   Code   RO          584    .text.HAL_PCD_EP_Close  stm32f4xx_hal_pcd.o
    0x08002cdc   0x08002cdc   0x0000005e   Code   RO          594    .text.HAL_PCD_EP_ClrStall  stm32f4xx_hal_pcd.o
    0x08002d3a   0x08002d3a   0x00000002   PAD
    0x08002d3c   0x08002d3c   0x00000012   Code   RO          588    .text.HAL_PCD_EP_GetRxCount  stm32f4xx_hal_pcd.o
    0x08002d4e   0x08002d4e   0x00000002   PAD
    0x08002d50   0x08002d50   0x00000074   Code   RO          582    .text.HAL_PCD_EP_Open  stm32f4xx_hal_pcd.o
    0x08002dc4   0x08002dc4   0x00000042   Code   RO          586    .text.HAL_PCD_EP_Receive  stm32f4xx_hal_pcd.o
    0x08002e06   0x08002e06   0x00000002   PAD
    0x08002e08   0x08002e08   0x0000006e   Code   RO          592    .text.HAL_PCD_EP_SetStall  stm32f4xx_hal_pcd.o
    0x08002e76   0x08002e76   0x00000002   PAD
    0x08002e78   0x08002e78   0x0000003a   Code   RO          590    .text.HAL_PCD_EP_Transmit  stm32f4xx_hal_pcd.o
    0x08002eb2   0x08002eb2   0x00000002   PAD
    0x08002eb4   0x08002eb4   0x000008fe   Code   RO          548    .text.HAL_PCD_IRQHandler  stm32f4xx_hal_pcd.o
    0x080037b2   0x080037b2   0x00000002   PAD
    0x080037b4   0x080037b4   0x00000008   Code   RO         2455    .text.HAL_PCD_ISOINIncompleteCallback  usbd_conf.o
    0x080037bc   0x080037bc   0x00000008   Code   RO         2453    .text.HAL_PCD_ISOOUTIncompleteCallback  usbd_conf.o
    0x080037c4   0x080037c4   0x0000026e   Code   RO          536    .text.HAL_PCD_Init  stm32f4xx_hal_pcd.o
    0x08003a32   0x08003a32   0x00000002   PAD
    0x08003a34   0x08003a34   0x00000088   Code   RO         2435    .text.HAL_PCD_MspInit  usbd_conf.o
    0x08003abc   0x08003abc   0x0000002a   Code   RO         2447    .text.HAL_PCD_ResetCallback  usbd_conf.o
    0x08003ae6   0x08003ae6   0x00000002   PAD
    0x08003ae8   0x08003ae8   0x00000008   Code   RO         2451    .text.HAL_PCD_ResumeCallback  usbd_conf.o
    0x08003af0   0x08003af0   0x00000008   Code   RO         2445    .text.HAL_PCD_SOFCallback  usbd_conf.o
    0x08003af8   0x08003af8   0x00000028   Code   RO          580    .text.HAL_PCD_SetAddress  stm32f4xx_hal_pcd.o
    0x08003b20   0x08003b20   0x0000000e   Code   RO         2439    .text.HAL_PCD_SetupStageCallback  usbd_conf.o
    0x08003b2e   0x08003b2e   0x00000002   PAD
    0x08003b30   0x08003b30   0x0000003e   Code   RO          544    .text.HAL_PCD_Start  stm32f4xx_hal_pcd.o
    0x08003b6e   0x08003b6e   0x00000002   PAD
    0x08003b70   0x08003b70   0x00000034   Code   RO         2449    .text.HAL_PCD_SuspendCallback  usbd_conf.o
    0x08003ba4   0x08003ba4   0x00000164   Code   RO          738    .text.HAL_RCC_ClockConfig  stm32f4xx_hal_rcc.o
    0x08003d08   0x08003d08   0x0000003e   Code   RO          756    .text.HAL_RCC_GetClockConfig  stm32f4xx_hal_rcc.o
    0x08003d46   0x08003d46   0x00000002   PAD
    0x08003d48   0x08003d48   0x0000000c   Code   RO          748    .text.HAL_RCC_GetHCLKFreq  stm32f4xx_hal_rcc.o
    0x08003d54   0x08003d54   0x00000026   Code   RO          750    .text.HAL_RCC_GetPCLK1Freq  stm32f4xx_hal_rcc.o
    0x08003d7a   0x08003d7a   0x00000002   PAD
    0x08003d7c   0x08003d7c   0x0000006e   Code   RO          740    .text.HAL_RCC_GetSysClockFreq  stm32f4xx_hal_rcc.o
    0x08003dea   0x08003dea   0x00000002   PAD
    0x08003dec   0x08003dec   0x000003ac   Code   RO          736    .text.HAL_RCC_OscConfig  stm32f4xx_hal_rcc.o
    0x08004198   0x08004198   0x000000b0   Code   RO         1434    .text.HAL_SPI_Init  stm32f4xx_hal_spi.o
    0x08004248   0x08004248   0x00000136   Code   RO          121    .text.HAL_SPI_MspInit  spi.o
    0x0800437e   0x0800437e   0x00000002   PAD
    0x08004380   0x08004380   0x00000340   Code   RO         1446    .text.HAL_SPI_TransmitReceive  stm32f4xx_hal_spi.o
    0x080046c0   0x080046c0   0x00000002   Code   RO          522    .text.HAL_TIMEx_BreakCallback  stm32f4xx_hal_tim_ex.o
    0x080046c2   0x080046c2   0x00000002   PAD
    0x080046c4   0x080046c4   0x00000002   Code   RO          518    .text.HAL_TIMEx_CommutCallback  stm32f4xx_hal_tim_ex.o
    0x080046c6   0x080046c6   0x00000002   PAD
    0x080046c8   0x080046c8   0x000000ba   Code   RO          512    .text.HAL_TIMEx_MasterConfigSynchronization  stm32f4xx_hal_tim_ex.o
    0x08004782   0x08004782   0x00000002   PAD
    0x08004784   0x08004784   0x0000005a   Code   RO          217    .text.HAL_TIM_Base_Init  stm32f4xx_hal_tim.o
    0x080047de   0x080047de   0x00000002   PAD
    0x080047e0   0x080047e0   0x00000062   Code   RO          142    .text.HAL_TIM_Base_MspInit  tim.o
    0x08004842   0x08004842   0x00000002   PAD
    0x08004844   0x08004844   0x000000aa   Code   RO          231    .text.HAL_TIM_Base_Start_IT  stm32f4xx_hal_tim.o
    0x080048ee   0x080048ee   0x00000002   PAD
    0x080048f0   0x080048f0   0x000001a0   Code   RO          397    .text.HAL_TIM_ConfigClockSource  stm32f4xx_hal_tim.o
    0x08004a90   0x08004a90   0x00000002   Code   RO          353    .text.HAL_TIM_IC_CaptureCallback  stm32f4xx_hal_tim.o
    0x08004a92   0x08004a92   0x00000002   PAD
    0x08004a94   0x08004a94   0x0000014e   Code   RO          351    .text.HAL_TIM_IRQHandler  stm32f4xx_hal_tim.o
    0x08004be2   0x08004be2   0x00000002   PAD
    0x08004be4   0x08004be4   0x000001b4   Code   RO          363    .text.HAL_TIM_OC_ConfigChannel  stm32f4xx_hal_tim.o
    0x08004d98   0x08004d98   0x00000002   Code   RO          355    .text.HAL_TIM_OC_DelayElapsedCallback  stm32f4xx_hal_tim.o
    0x08004d9a   0x08004d9a   0x00000002   PAD
    0x08004d9c   0x08004d9c   0x0000005a   Code   RO          245    .text.HAL_TIM_OC_Init  stm32f4xx_hal_tim.o
    0x08004df6   0x08004df6   0x00000002   PAD
    0x08004df8   0x08004df8   0x00000002   Code   RO          247    .text.HAL_TIM_OC_MspInit  stm32f4xx_hal_tim.o
    0x08004dfa   0x08004dfa   0x00000002   PAD
    0x08004dfc   0x08004dfc   0x00000220   Code   RO          371    .text.HAL_TIM_PWM_ConfigChannel  stm32f4xx_hal_tim.o
    0x0800501c   0x0800501c   0x0000005a   Code   RO          271    .text.HAL_TIM_PWM_Init  stm32f4xx_hal_tim.o
    0x08005076   0x08005076   0x00000002   PAD
    0x08005078   0x08005078   0x00000002   Code   RO          273    .text.HAL_TIM_PWM_MspInit  stm32f4xx_hal_tim.o
    0x0800507a   0x0800507a   0x00000002   PAD
    0x0800507c   0x0800507c   0x00000002   Code   RO          357    .text.HAL_TIM_PWM_PulseFinishedCallback  stm32f4xx_hal_tim.o
    0x0800507e   0x0800507e   0x00000002   PAD
    0x08005080   0x08005080   0x0000000e   Code   RO           17    .text.HAL_TIM_PeriodElapsedCallback  main.o
    0x0800508e   0x0800508e   0x00000002   PAD
    0x08005090   0x08005090   0x00000002   Code   RO          361    .text.HAL_TIM_TriggerCallback  stm32f4xx_hal_tim.o
    0x08005092   0x08005092   0x00000002   PAD
    0x08005094   0x08005094   0x00000002   Code   RO          158    .text.HardFault_Handler  stm32f4xx_it.o
    0x08005096   0x08005096   0x00000002   PAD
    0x08005098   0x08005098   0x00000112   Code   RO         1345    .text.I2C_RequestMemoryRead  stm32f4xx_hal_i2c.o
    0x080051aa   0x080051aa   0x00000002   PAD
    0x080051ac   0x080051ac   0x000000c8   Code   RO         1341    .text.I2C_RequestMemoryWrite  stm32f4xx_hal_i2c.o
    0x08005274   0x08005274   0x000000ba   Code   RO         1309    .text.I2C_WaitOnBTFFlagUntilTimeout  stm32f4xx_hal_i2c.o
    0x0800532e   0x0800532e   0x00000002   PAD
    0x08005330   0x08005330   0x000001ca   Code   RO         1305    .text.I2C_WaitOnFlagUntilTimeout  stm32f4xx_hal_i2c.o
    0x080054fa   0x080054fa   0x00000002   PAD
    0x080054fc   0x080054fc   0x000000d6   Code   RO         1423    .text.I2C_WaitOnMasterAddressFlagUntilTimeout  stm32f4xx_hal_i2c.o
    0x080055d2   0x080055d2   0x00000002   PAD
    0x080055d4   0x080055d4   0x00000090   Code   RO         1313    .text.I2C_WaitOnRXNEFlagUntilTimeout  stm32f4xx_hal_i2c.o
    0x08005664   0x08005664   0x000000ba   Code   RO         1307    .text.I2C_WaitOnTXEFlagUntilTimeout  stm32f4xx_hal_i2c.o
    0x0800571e   0x0800571e   0x00000002   PAD
    0x08005720   0x08005720   0x00000508   Code   RO         2293    .text.INS_Task      ins_task.o
    0x08005c28   0x08005c28   0x0000006c   Code   RO           61    .text.MX_ADC3_Init  adc.o
    0x08005c94   0x08005c94   0x00000040   Code   RO           76    .text.MX_CAN1_Init  can.o
    0x08005cd4   0x08005cd4   0x00000040   Code   RO           78    .text.MX_CAN2_Init  can.o
    0x08005d14   0x08005d14   0x00000048   Code   RO           95    .text.MX_DMA_Init   dma.o
    0x08005d5c   0x08005d5c   0x0000010c   Code   RO           39    .text.MX_FREERTOS_Init  freertos.o
    0x08005e68   0x08005e68   0x0000018a   Code   RO           28    .text.MX_GPIO_Init  gpio.o
    0x08005ff2   0x08005ff2   0x00000002   PAD
    0x08005ff4   0x08005ff4   0x00000042   Code   RO          104    .text.MX_I2C3_Init  i2c.o
    0x08006036   0x08006036   0x00000002   PAD
    0x08006038   0x08006038   0x00000052   Code   RO          119    .text.MX_SPI1_Init  spi.o
    0x0800608a   0x0800608a   0x00000002   PAD
    0x0800608c   0x0800608c   0x000000f6   Code   RO          140    .text.MX_TIM10_Init  tim.o
    0x08006182   0x08006182   0x00000002   PAD
    0x08006184   0x08006184   0x00000186   Code   RO          136    .text.MX_TIM5_Init  tim.o
    0x0800630a   0x0800630a   0x00000002   PAD
    0x0800630c   0x0800630c   0x00000072   Code   RO         2376    .text.MX_USB_DEVICE_Init  usb_device.o
    0x0800637e   0x0800637e   0x00000002   PAD
    0x08006380   0x08006380   0x00000002   Code   RO          160    .text.MemManage_Handler  stm32f4xx_it.o
    0x08006382   0x08006382   0x00000002   PAD
    0x08006384   0x08006384   0x00000002   Code   RO          156    .text.NMI_Handler   stm32f4xx_it.o
    0x08006386   0x08006386   0x00000002   PAD
    0x08006388   0x08006388   0x0000000c   Code   RO          184    .text.OTG_FS_IRQHandler  stm32f4xx_it.o
    0x08006394   0x08006394   0x0000016c   Code   RO         1989    .text.PID_calc      pid.o
    0x08006500   0x08006500   0x0000002e   Code   RO         1987    .text.PID_init      pid.o
    0x0800652e   0x0800652e   0x00000002   PAD
    0x08006530   0x08006530   0x00000064   Code   RO         1971    .text.PendSV_Handler  port.o
    0x08006594   0x08006594   0x00000b98   Code   RO         2041    .text.SPI1_DMA_enable  bsp_spi.o
    0x0800712c   0x0800712c   0x00000132   Code   RO         2039    .text.SPI1_DMA_init  bsp_spi.o
    0x0800725e   0x0800725e   0x00000002   PAD
    0x08007260   0x08007260   0x00000124   Code   RO         1538    .text.SPI_WaitFlagStateUntilTimeout  stm32f4xx_hal_spi.o
    0x08007384   0x08007384   0x0000000c   PAD
    0x08007390   0x08007390   0x00000024   Code   RO         1955    .text.SVC_Handler   port.o
    0x080073b4   0x080073b4   0x0000000c   Code   RO           41    .text.StartDefaultTask  freertos.o
    0x080073c0   0x080073c0   0x0000002e   Code   RO         1973    .text.SysTick_Handler  port.o
    0x080073ee   0x080073ee   0x00000002   PAD
    0x080073f0   0x080073f0   0x000000ac   Code   RO           13    .text.SystemClock_Config  main.o
    0x0800749c   0x0800749c   0x00000012   Code   RO         1548    .text.SystemInit    system_stm32f4xx.o
    0x080074ae   0x080074ae   0x00000002   PAD
    0x080074b0   0x080074b0   0x0000000c   Code   RO          178    .text.TIM2_IRQHandler  stm32f4xx_it.o
    0x080074bc   0x080074bc   0x0000013a   Code   RO          221    .text.TIM_Base_SetConfig  stm32f4xx_hal_tim.o
    0x080075f6   0x080075f6   0x00000002   PAD
    0x080075f8   0x080075f8   0x000004ec   Code   RO         2339    .text.Try_Try       try_try.o
    0x08007ae4   0x08007ae4   0x00000078   Code   RO         2614    .text.USBD_CDC_DataIn  usbd_cdc.o
    0x08007b5c   0x08007b5c   0x0000003c   Code   RO         2616    .text.USBD_CDC_DataOut  usbd_cdc.o
    0x08007b98   0x08007b98   0x00000060   Code   RO         2608    .text.USBD_CDC_DeInit  usbd_cdc.o
    0x08007bf8   0x08007bf8   0x00000038   Code   RO         2612    .text.USBD_CDC_EP0_RxReady  usbd_cdc.o
    0x08007c30   0x08007c30   0x00000010   Code   RO         2624    .text.USBD_CDC_GetDeviceQualifierDescriptor  usbd_cdc.o
    0x08007c40   0x08007c40   0x00000052   Code   RO         2620    .text.USBD_CDC_GetFSCfgDesc  usbd_cdc.o
    0x08007c92   0x08007c92   0x00000002   PAD
    0x08007c94   0x08007c94   0x00000056   Code   RO         2618    .text.USBD_CDC_GetHSCfgDesc  usbd_cdc.o
    0x08007cea   0x08007cea   0x00000002   PAD
    0x08007cec   0x08007cec   0x00000052   Code   RO         2622    .text.USBD_CDC_GetOtherSpeedCfgDesc  usbd_cdc.o
    0x08007d3e   0x08007d3e   0x00000002   PAD
    0x08007d40   0x08007d40   0x000000c8   Code   RO         2606    .text.USBD_CDC_Init  usbd_cdc.o
    0x08007e08   0x08007e08   0x00000034   Code   RO         2634    .text.USBD_CDC_ReceivePacket  usbd_cdc.o
    0x08007e3c   0x08007e3c   0x00000018   Code   RO         2626    .text.USBD_CDC_RegisterInterface  usbd_cdc.o
    0x08007e54   0x08007e54   0x0000001a   Code   RO         2630    .text.USBD_CDC_SetRxBuffer  usbd_cdc.o
    0x08007e6e   0x08007e6e   0x00000002   PAD
    0x08007e70   0x08007e70   0x0000001e   Code   RO         2628    .text.USBD_CDC_SetTxBuffer  usbd_cdc.o
    0x08007e8e   0x08007e8e   0x00000002   PAD
    0x08007e90   0x08007e90   0x000000e8   Code   RO         2610    .text.USBD_CDC_Setup  usbd_cdc.o
    0x08007f78   0x08007f78   0x00000044   Code   RO         2632    .text.USBD_CDC_TransmitPacket  usbd_cdc.o
    0x08007fbc   0x08007fbc   0x00000012   Code   RO         2521    .text.USBD_ClrClassConfig  usbd_core.o
    0x08007fce   0x08007fce   0x00000002   PAD
    0x08007fd0   0x08007fd0   0x00000004   Code   RO         2529    .text.USBD_CoreFindEP  usbd_core.o
    0x08007fd4   0x08007fd4   0x00000004   Code   RO         2527    .text.USBD_CoreFindIF  usbd_core.o
    0x08007fd8   0x08007fd8   0x00000010   Code   RO         2590    .text.USBD_CtlContinueRx  usbd_ioreq.o
    0x08007fe8   0x08007fe8   0x00000010   Code   RO         2586    .text.USBD_CtlContinueSendData  usbd_ioreq.o
    0x08007ff8   0x08007ff8   0x00000016   Code   RO         2565    .text.USBD_CtlError  usbd_ctlreq.o
    0x0800800e   0x0800800e   0x00000002   PAD
    0x08008010   0x08008010   0x0000001e   Code   RO         2588    .text.USBD_CtlPrepareRx  usbd_ioreq.o
    0x0800802e   0x0800802e   0x00000002   PAD
    0x08008030   0x08008030   0x00000016   Code   RO         2594    .text.USBD_CtlReceiveStatus  usbd_ioreq.o
    0x08008046   0x08008046   0x00000002   PAD
    0x08008048   0x08008048   0x0000001c   Code   RO         2584    .text.USBD_CtlSendData  usbd_ioreq.o
    0x08008064   0x08008064   0x00000016   Code   RO         2592    .text.USBD_CtlSendStatus  usbd_ioreq.o
    0x0800807a   0x0800807a   0x00000002   PAD
    0x0800807c   0x0800807c   0x00000024   Code   RO         2395    .text.USBD_FS_ConfigStrDescriptor  usbd_desc.o
    0x080080a0   0x080080a0   0x0000000e   Code   RO         2385    .text.USBD_FS_DeviceDescriptor  usbd_desc.o
    0x080080ae   0x080080ae   0x00000002   PAD
    0x080080b0   0x080080b0   0x00000028   Code   RO         2397    .text.USBD_FS_InterfaceStrDescriptor  usbd_desc.o
    0x080080d8   0x080080d8   0x0000000e   Code   RO         2387    .text.USBD_FS_LangIDStrDescriptor  usbd_desc.o
    0x080080e6   0x080080e6   0x00000002   PAD
    0x080080e8   0x080080e8   0x0000001c   Code   RO         2389    .text.USBD_FS_ManufacturerStrDescriptor  usbd_desc.o
    0x08008104   0x08008104   0x00000030   Code   RO         2391    .text.USBD_FS_ProductStrDescriptor  usbd_desc.o
    0x08008134   0x08008134   0x00000170   Code   RO         2393    .text.USBD_FS_SerialStrDescriptor  usbd_desc.o
    0x080082a4   0x080082a4   0x00000084   Code   RO         2551    .text.USBD_GetEpDesc  usbd_core.o
    0x08008328   0x08008328   0x000000fe   Code   RO         2573    .text.USBD_GetString  usbd_ctlreq.o
    0x08008426   0x08008426   0x00000002   PAD
    0x08008428   0x08008428   0x0000002a   Code   RO         2507    .text.USBD_Init     usbd_core.o
    0x08008452   0x08008452   0x00000002   PAD
    0x08008454   0x08008454   0x00000022   Code   RO         2479    .text.USBD_LL_ClearStallEP  usbd_conf.o
    0x08008476   0x08008476   0x00000002   PAD
    0x08008478   0x08008478   0x00000022   Code   RO         2473    .text.USBD_LL_CloseEP  usbd_conf.o
    0x0800849a   0x0800849a   0x00000002   PAD
    0x0800849c   0x0800849c   0x000000ba   Code   RO         2531    .text.USBD_LL_DataInStage  usbd_core.o
    0x08008556   0x08008556   0x00000002   PAD
    0x08008558   0x08008558   0x0000007c   Code   RO         2525    .text.USBD_LL_DataOutStage  usbd_core.o
    0x080085d4   0x080085d4   0x00000004   Code   RO         2547    .text.USBD_LL_DevConnected  usbd_core.o
    0x080085d8   0x080085d8   0x00000022   Code   RO         2549    .text.USBD_LL_DevDisconnected  usbd_core.o
    0x080085fa   0x080085fa   0x00000002   PAD
    0x080085fc   0x080085fc   0x00000008   Code   RO         2489    .text.USBD_LL_GetRxDataSize  usbd_conf.o
    0x08008604   0x08008604   0x0000006e   Code   RO         2461    .text.USBD_LL_Init  usbd_conf.o
    0x08008672   0x08008672   0x00000002   PAD
    0x08008674   0x08008674   0x0000002a   Code   RO         2481    .text.USBD_LL_IsStallEP  usbd_conf.o
    0x0800869e   0x0800869e   0x00000002   PAD
    0x080086a0   0x080086a0   0x0000002c   Code   RO         2543    .text.USBD_LL_IsoINIncomplete  usbd_core.o
    0x080086cc   0x080086cc   0x0000002c   Code   RO         2545    .text.USBD_LL_IsoOUTIncomplete  usbd_core.o
    0x080086f8   0x080086f8   0x00000028   Code   RO         2471    .text.USBD_LL_OpenEP  usbd_conf.o
    0x08008720   0x08008720   0x00000022   Code   RO         2487    .text.USBD_LL_PrepareReceive  usbd_conf.o
    0x08008742   0x08008742   0x00000002   PAD
    0x08008744   0x08008744   0x00000062   Code   RO         2533    .text.USBD_LL_Reset  usbd_core.o
    0x080087a6   0x080087a6   0x00000002   PAD
    0x080087a8   0x080087a8   0x00000014   Code   RO         2539    .text.USBD_LL_Resume  usbd_core.o
    0x080087bc   0x080087bc   0x0000001e   Code   RO         2541    .text.USBD_LL_SOF   usbd_core.o
    0x080087da   0x080087da   0x00000002   PAD
    0x080087dc   0x080087dc   0x00000008   Code   RO         2535    .text.USBD_LL_SetSpeed  usbd_core.o
    0x080087e4   0x080087e4   0x00000022   Code   RO         2483    .text.USBD_LL_SetUSBAddress  usbd_conf.o
    0x08008806   0x08008806   0x00000002   PAD
    0x08008808   0x08008808   0x00000062   Code   RO         2523    .text.USBD_LL_SetupStage  usbd_core.o
    0x0800886a   0x0800886a   0x00000002   PAD
    0x0800886c   0x0800886c   0x00000022   Code   RO         2477    .text.USBD_LL_StallEP  usbd_conf.o
    0x0800888e   0x0800888e   0x00000002   PAD
    0x08008890   0x08008890   0x00000022   Code   RO         2467    .text.USBD_LL_Start  usbd_conf.o
    0x080088b2   0x080088b2   0x00000002   PAD
    0x080088b4   0x080088b4   0x0000001c   Code   RO         2537    .text.USBD_LL_Suspend  usbd_core.o
    0x080088d0   0x080088d0   0x00000022   Code   RO         2485    .text.USBD_LL_Transmit  usbd_conf.o
    0x080088f2   0x080088f2   0x00000002   PAD
    0x080088f4   0x080088f4   0x00000016   Code   RO         2571    .text.USBD_ParseSetupRequest  usbd_ctlreq.o
    0x0800890a   0x0800890a   0x00000002   PAD
    0x0800890c   0x0800890c   0x00000042   Code   RO         2511    .text.USBD_RegisterClass  usbd_core.o
    0x0800894e   0x0800894e   0x00000002   PAD
    0x08008950   0x08008950   0x00000010   Code   RO         2519    .text.USBD_SetClassConfig  usbd_core.o
    0x08008960   0x08008960   0x00000004   Code   RO         2513    .text.USBD_Start    usbd_core.o
    0x08008964   0x08008964   0x00000378   Code   RO         2563    .text.USBD_StdDevReq  usbd_ctlreq.o
    0x08008cdc   0x08008cdc   0x0000015c   Code   RO         2569    .text.USBD_StdEPReq  usbd_ctlreq.o
    0x08008e38   0x08008e38   0x00000070   Code   RO         2567    .text.USBD_StdItfReq  usbd_ctlreq.o
    0x08008ea8   0x08008ea8   0x00000002   Code   RO         2493    .text.USBD_static_free  usbd_conf.o
    0x08008eaa   0x08008eaa   0x00000002   PAD
    0x08008eac   0x08008eac   0x0000000a   Code   RO         2491    .text.USBD_static_malloc  usbd_conf.o
    0x08008eb6   0x08008eb6   0x00000002   PAD
    0x08008eb8   0x08008eb8   0x00000082   Code   RO          652    .text.USB_ActivateEndpoint  stm32f4xx_ll_usb.o
    0x08008f3a   0x08008f3a   0x00000002   PAD
    0x08008f3c   0x08008f3c   0x00000020   Code   RO          694    .text.USB_ActivateSetup  stm32f4xx_ll_usb.o
    0x08008f5c   0x08008f5c   0x00000276   Code   RO          630    .text.USB_CoreInit  stm32f4xx_ll_usb.o
    0x080091d2   0x080091d2   0x00000002   PAD
    0x080091d4   0x080091d4   0x00000082   Code   RO          656    .text.USB_DeactivateEndpoint  stm32f4xx_ll_usb.o
    0x08009256   0x08009256   0x00000002   PAD
    0x08009258   0x08009258   0x0000001e   Code   RO          676    .text.USB_DevConnect  stm32f4xx_ll_usb.o
    0x08009276   0x08009276   0x00000002   PAD
    0x08009278   0x08009278   0x0000001e   Code   RO          678    .text.USB_DevDisconnect  stm32f4xx_ll_usb.o
    0x08009296   0x08009296   0x00000002   PAD
    0x08009298   0x08009298   0x000004b6   Code   RO          642    .text.USB_DevInit   stm32f4xx_ll_usb.o
    0x0800974e   0x0800974e   0x00000002   PAD
    0x08009750   0x08009750   0x0000000e   Code   RO          636    .text.USB_DisableGlobalInt  stm32f4xx_ll_usb.o
    0x0800975e   0x0800975e   0x00000002   PAD
    0x08009760   0x08009760   0x0000005a   Code   RO          696    .text.USB_EP0_OutStart  stm32f4xx_ll_usb.o
    0x080097ba   0x080097ba   0x00000002   PAD
    0x080097bc   0x080097bc   0x00000052   Code   RO          670    .text.USB_EPClearStall  stm32f4xx_ll_usb.o
    0x0800980e   0x0800980e   0x00000002   PAD
    0x08009810   0x08009810   0x0000003e   Code   RO          668    .text.USB_EPSetStall  stm32f4xx_ll_usb.o
    0x0800984e   0x0800984e   0x00000002   PAD
    0x08009850   0x08009850   0x0000023a   Code   RO          660    .text.USB_EPStartXfer  stm32f4xx_ll_usb.o
    0x08009a8a   0x08009a8a   0x00000002   PAD
    0x08009a8c   0x08009a8c   0x0000010e   Code   RO          664    .text.USB_EPStopXfer  stm32f4xx_ll_usb.o
    0x08009b9a   0x08009b9a   0x00000002   PAD
    0x08009b9c   0x08009b9c   0x0000000e   Code   RO          634    .text.USB_EnableGlobalInt  stm32f4xx_ll_usb.o
    0x08009baa   0x08009baa   0x00000002   PAD
    0x08009bac   0x08009bac   0x000000be   Code   RO          646    .text.USB_FlushTxFifo  stm32f4xx_ll_usb.o
    0x08009c6a   0x08009c6a   0x00000002   PAD
    0x08009c6c   0x08009c6c   0x0000001a   Code   RO          650    .text.USB_GetDevSpeed  stm32f4xx_ll_usb.o
    0x08009c86   0x08009c86   0x00000002   PAD
    0x08009c88   0x08009c88   0x00000008   Code   RO          640    .text.USB_GetMode   stm32f4xx_ll_usb.o
    0x08009c90   0x08009c90   0x0000000e   Code   RO          686    .text.USB_ReadDevAllInEpInterrupt  stm32f4xx_ll_usb.o
    0x08009c9e   0x08009c9e   0x00000002   PAD
    0x08009ca0   0x08009ca0   0x0000000e   Code   RO          684    .text.USB_ReadDevAllOutEpInterrupt  stm32f4xx_ll_usb.o
    0x08009cae   0x08009cae   0x00000002   PAD
    0x08009cb0   0x08009cb0   0x00000024   Code   RO          690    .text.USB_ReadDevInEPInterrupt  stm32f4xx_ll_usb.o
    0x08009cd4   0x08009cd4   0x00000010   Code   RO          688    .text.USB_ReadDevOutEPInterrupt  stm32f4xx_ll_usb.o
    0x08009ce4   0x08009ce4   0x00000008   Code   RO          680    .text.USB_ReadInterrupts  stm32f4xx_ll_usb.o
    0x08009cec   0x08009cec   0x000000aa   Code   RO          666    .text.USB_ReadPacket  stm32f4xx_ll_usb.o
    0x08009d96   0x08009d96   0x00000002   PAD
    0x08009d98   0x08009d98   0x00000368   Code   RO          638    .text.USB_SetCurrentMode  stm32f4xx_ll_usb.o
    0x0800a100   0x0800a100   0x00000022   Code   RO          674    .text.USB_SetDevAddress  stm32f4xx_ll_usb.o
    0x0800a122   0x0800a122   0x00000002   PAD
    0x0800a124   0x0800a124   0x00000118   Code   RO          632    .text.USB_SetTurnaroundTime  stm32f4xx_ll_usb.o
    0x0800a23c   0x0800a23c   0x0000003e   Code   RO         2366    .text.USB_Task      usb_task.o
    0x0800a27a   0x0800a27a   0x00000002   PAD
    0x0800a27c   0x0800a27c   0x0000006a   Code   RO          662    .text.USB_WritePacket  stm32f4xx_ll_usb.o
    0x0800a2e6   0x0800a2e6   0x00000002   PAD
    0x0800a2e8   0x0800a2e8   0x00000002   Code   RO          164    .text.UsageFault_Handler  stm32f4xx_it.o
    0x0800a2ea   0x0800a2ea   0x00000002   PAD
    0x0800a2ec   0x0800a2ec   0x000002a0   Code   RO         2130    .text.bmi088_accel_init  bmi088driver.o
    0x0800a58c   0x0800a58c   0x00000470   Code   RO         2128    .text.bmi088_accel_self_test  bmi088driver.o
    0x0800a9fc   0x0800a9fc   0x00000218   Code   RO         2134    .text.bmi088_gyro_init  bmi088driver.o
    0x0800ac14   0x0800ac14   0x000001f4   Code   RO         2132    .text.bmi088_gyro_self_test  bmi088driver.o
    0x0800ae08   0x0800ae08   0x00000062   Code   RO         2001    .text.can_filter_init  bsp_can.o
    0x0800ae6a   0x0800ae6a   0x00000002   PAD
    0x0800ae6c   0x0800ae6c   0x00000034   Code   RO         2051    .text.delay_init    bsp_delay.o
    0x0800aea0   0x0800aea0   0x00000052   Code   RO         2053    .text.delay_us      bsp_delay.o
    0x0800aef2   0x0800aef2   0x00000002   PAD
    0x0800aef4   0x0800aef4   0x00000054   Code   RO         2278    .text.detect_hook   detect_task.o
    0x0800af48   0x0800af48   0x000001c2   Code   RO         2295    .text.imu_cali_slove  ins_task.o
    0x0800b10a   0x0800b10a   0x00000002   PAD
    0x0800b10c   0x0800b10c   0x00000146   Code   RO         2315    .text.imu_cmd_spi_dma  ins_task.o
    0x0800b252   0x0800b252   0x00000002   PAD
    0x0800b254   0x0800b254   0x0000000e   Code   RO         2031    .text.imu_pwm_set   bsp_imu_pwm.o
    0x0800b262   0x0800b262   0x00000002   PAD
    0x0800b264   0x0800b264   0x00000002   Code   RO         2208    .text.ist8310_GPIO_init  ist8310driver_middleware.o
    0x0800b266   0x0800b266   0x00000002   PAD
    0x0800b268   0x0800b268   0x00000030   Code   RO         2212    .text.ist8310_IIC_read_single_reg  ist8310driver_middleware.o
    0x0800b298   0x0800b298   0x00000030   Code   RO         2214    .text.ist8310_IIC_write_single_reg  ist8310driver_middleware.o
    0x0800b2c8   0x0800b2c8   0x00000010   Code   RO         2224    .text.ist8310_RST_H  ist8310driver_middleware.o
    0x0800b2d8   0x0800b2d8   0x00000010   Code   RO         2226    .text.ist8310_RST_L  ist8310driver_middleware.o
    0x0800b2e8   0x0800b2e8   0x00000002   Code   RO         2210    .text.ist8310_com_init  ist8310driver_middleware.o
    0x0800b2ea   0x0800b2ea   0x00000002   PAD
    0x0800b2ec   0x0800b2ec   0x00000004   Code   RO         2220    .text.ist8310_delay_ms  ist8310driver_middleware.o
    0x0800b2f0   0x0800b2f0   0x000000d2   Code   RO         2193    .text.ist8310_init  ist8310driver.o
    0x0800b3c2   0x0800b3c2   0x00000002   PAD
    0x0800b3c4   0x0800b3c4   0x0000003e   Code   RO           11    .text.main          main.o
    0x0800b402   0x0800b402   0x00000002   PAD
    0x0800b404   0x0800b404   0x00000010   Code   RO         1833    .text.osDelay       cmsis_os.o
    0x0800b414   0x0800b414   0x0000000a   Code   RO         1815    .text.osKernelStart  cmsis_os.o
    0x0800b41e   0x0800b41e   0x00000002   PAD
    0x0800b420   0x0800b420   0x0000005c   Code   RO         1821    .text.osThreadCreate  cmsis_os.o
    0x0800b47c   0x0800b47c   0x00000026   Code   RO         1753    .text.pcTaskGetName  tasks.o
    0x0800b4a2   0x0800b4a2   0x00000002   PAD
    0x0800b4a4   0x0800b4a4   0x0000007e   Code   RO         1721    .text.prvAddCurrentTaskToDelayedList  tasks.o
    0x0800b522   0x0800b522   0x00000002   PAD
    0x0800b524   0x0800b524   0x000000fc   Code   RO         1711    .text.prvAddNewTaskToReadyList  tasks.o
    0x0800b620   0x0800b620   0x00000086   Code   RO         1741    .text.prvIdleTask   tasks.o
    0x0800b6a6   0x0800b6a6   0x00000002   PAD
    0x0800b6a8   0x0800b6a8   0x000000f4   Code   RO         1709    .text.prvInitialiseNewTask  tasks.o
    0x0800b79c   0x0800b79c   0x00000028   Code   RO         1963    .text.prvPortStartFirstTask  port.o
    0x0800b7c4   0x0800b7c4   0x0000003e   Code   RO         1953    .text.prvTaskExitError  port.o
    0x0800b802   0x0800b802   0x00000002   PAD
    0x0800b804   0x0800b804   0x000001e8   Code   RO         1929    .text.pvPortMalloc  heap_4.o
    0x0800b9ec   0x0800b9ec   0x00000024   Code   RO         1951    .text.pxPortInitialiseStack  port.o
    0x0800ba10   0x0800ba10   0x00000068   Code   RO         1789    .text.ulTaskNotifyTake  tasks.o
    0x0800ba78   0x0800ba78   0x00000022   Code   RO         1600    .text.uxListRemove  list.o
    0x0800ba9a   0x0800ba9a   0x00000002   PAD
    0x0800ba9c   0x0800ba9c   0x0000001a   Code   RO           37    .text.vApplicationGetIdleTaskMemory  freertos.o
    0x0800bab6   0x0800bab6   0x00000002   PAD
    0x0800bab8   0x0800bab8   0x00000016   Code   RO         1592    .text.vListInitialise  list.o
    0x0800bace   0x0800bace   0x00000002   PAD
    0x0800bad0   0x0800bad0   0x00000006   Code   RO         1594    .text.vListInitialiseItem  list.o
    0x0800bad6   0x0800bad6   0x00000002   PAD
    0x0800bad8   0x0800bad8   0x00000062   Code   RO         1598    .text.vListInsert   list.o
    0x0800bb3a   0x0800bb3a   0x00000002   PAD
    0x0800bb3c   0x0800bb3c   0x0000001a   Code   RO         1596    .text.vListInsertEnd  list.o
    0x0800bb56   0x0800bb56   0x00000002   PAD
    0x0800bb58   0x0800bb58   0x00000014   Code   RO         1961    .text.vPortEnableVFP  port.o
    0x0800bb6c   0x0800bb6c   0x00000046   Code   RO         1967    .text.vPortEnterCritical  port.o
    0x0800bbb2   0x0800bbb2   0x00000002   PAD
    0x0800bbb4   0x0800bbb4   0x0000002e   Code   RO         1969    .text.vPortExitCritical  port.o
    0x0800bbe2   0x0800bbe2   0x00000002   PAD
    0x0800bbe4   0x0800bbe4   0x000000de   Code   RO         1931    .text.vPortFree     heap_4.o
    0x0800bcc2   0x0800bcc2   0x00000002   PAD
    0x0800bcc4   0x0800bcc4   0x00000034   Code   RO         1959    .text.vPortSetupTimerInterrupt  port.o
    0x0800bcf8   0x0800bcf8   0x0000005e   Code   RO         1975    .text.vPortValidateInterruptPriority  port.o
    0x0800bd56   0x0800bd56   0x00000002   PAD
    0x0800bd58   0x0800bd58   0x0000009e   Code   RO         1717    .text.vTaskDelay    tasks.o
    0x0800bdf6   0x0800bdf6   0x00000002   PAD
    0x0800bdf8   0x0800bdf8   0x000000c6   Code   RO         1797    .text.vTaskNotifyGiveFromISR  tasks.o
    0x0800bebe   0x0800bebe   0x00000002   PAD
    0x0800bec0   0x0800bec0   0x000000cc   Code   RO         1739    .text.vTaskStartScheduler  tasks.o
    0x0800bf8c   0x0800bf8c   0x00000010   Code   RO         1719    .text.vTaskSuspendAll  tasks.o
    0x0800bf9c   0x0800bf9c   0x0000006e   Code   RO         1733    .text.vTaskSwitchContext  tasks.o
    0x0800c00a   0x0800c00a   0x00000002   PAD
    0x0800c00c   0x0800c00c   0x00000188   Code   RO         1957    .text.xPortStartScheduler  port.o
    0x0800c194   0x0800c194   0x00000060   Code   RO         1713    .text.xTaskCreate   tasks.o
    0x0800c1f4   0x0800c1f4   0x00000076   Code   RO         1707    .text.xTaskCreateStatic  tasks.o
    0x0800c26a   0x0800c26a   0x00000002   PAD
    0x0800c26c   0x0800c26c   0x00000f1a   Code   RO         1755    .text.xTaskGetHandle  tasks.o
    0x0800d186   0x0800d186   0x00000002   PAD
    0x0800d188   0x0800d188   0x0000001e   Code   RO         1777    .text.xTaskGetSchedulerState  tasks.o
    0x0800d1a6   0x0800d1a6   0x00000002   PAD
    0x0800d1a8   0x0800d1a8   0x0000000c   Code   RO         1747    .text.xTaskGetTickCount  tasks.o
    0x0800d1b4   0x0800d1b4   0x00000106   Code   RO         1745    .text.xTaskIncrementTick  tasks.o
    0x0800d2ba   0x0800d2ba   0x00000002   PAD
    0x0800d2bc   0x0800d2bc   0x000000ea   Code   RO         1723    .text.xTaskResumeAll  tasks.o
    0x0800d3a6   0x0800d3a6   0x0000001a   Code   RO         2721    i.AHRS_fabs         AHRS.lib(ahrs.o)
    0x0800d3c0   0x0800d3c0   0x0000029c   Code   RO         2722    i.AHRS_init         AHRS.lib(ahrs.o)
    0x0800d65c   0x0800d65c   0x0000013a   Code   RO         2723    i.AHRS_update       AHRS.lib(ahrs.o)
    0x0800d796   0x0800d796   0x00000026   Code   RO         2976    i.__ARM_fpclassifyf  m_wm.l(fpclassifyf.o)
    0x0800d7bc   0x0800d7bc   0x0000012c   Code   RO         2922    i.__hardfp_asinf    m_wm.l(asinf.o)
    0x0800d8e8   0x0800d8e8   0x000002ac   Code   RO         2928    i.__hardfp_atan2f   m_wm.l(atan2f.o)
    0x0800db94   0x0800db94   0x00000006   Code   RO         2979    i.__mathlib_flt_infnan  m_wm.l(funder.o)
    0x0800db9a   0x0800db9a   0x00000006   Code   RO         2980    i.__mathlib_flt_infnan2  m_wm.l(funder.o)
    0x0800dba0   0x0800dba0   0x00000010   Code   RO         2981    i.__mathlib_flt_invalid  m_wm.l(funder.o)
    0x0800dbb0   0x0800dbb0   0x00000010   Code   RO         2984    i.__mathlib_flt_underflow  m_wm.l(funder.o)
    0x0800dbc0   0x0800dbc0   0x000001d0   Code   RO         2724    i.accel_comple_filter  AHRS.lib(ahrs.o)
    0x0800dd90   0x0800dd90   0x0000018c   Code   RO         2725    i.accel_update_kp_ki  AHRS.lib(ahrs.o)
    0x0800df1c   0x0800df1c   0x0000016c   Code   RO         2726    i.angle_to_quat     AHRS.lib(ahrs.o)
    0x0800e088   0x0800e088   0x000000e8   Code   RO         2727    i.get_angle         AHRS.lib(ahrs.o)
    0x0800e170   0x0800e170   0x00000084   Code   RO         2732    i.quat_normalization  AHRS.lib(ahrs.o)
    0x0800e1f4   0x0800e1f4   0x0000003e   Code   RO         2997    i.sqrtf             m_wm.l(sqrtf.o)
    0x0800e232   0x0800e232   0x0000007a   Code   RO         2733    i.update_w          AHRS.lib(ahrs.o)
    0x0800e2ac   0x0800e2ac   0x000002c4   Code   RO         2906    x$fpl$d2f           g_wm.l(d2f_clz.o)
    0x0800e570   0x0800e570   0x00000384   Code   RO         2909    x$fpl$ddiv          g_wm.l(ddiv_clz.o)
    0x0800e8f4   0x0800e8f4   0x0000001a   Code   RO         2953    x$fpl$dfltn         g_wm.l(dflt_clz.o)
    0x0800e90e   0x0800e90e   0x00000002   PAD
    0x0800e910   0x0800e910   0x000001c0   Code   RO         2912    x$fpl$dmul          g_wm.l(dmul_clz.o)
    0x0800ead0   0x0800ead0   0x00000106   Code   RO         2957    x$fpl$dnaninf       g_wm.l(dnaninf.o)
    0x0800ebd6   0x0800ebd6   0x00000070   Code   RO         2959    x$fpl$drenorm       g_wm.l(drenorm_clz.o)
    0x0800ec46   0x0800ec46   0x0000000c   Code   RO         2961    x$fpl$dretinf       g_wm.l(dretinf.o)
    0x0800ec52   0x0800ec52   0x0000017a   Code   RO         2963    x$fpl$dunder        g_wm.l(dunder_clz.o)
    0x0800edcc   0x0800edcc   0x000001ec   Code   RO         2965    x$fpl$exception     g_wm.l(except.o)
    0x0800efb8   0x0800efb8   0x0000007a   Code   RO         2914    x$fpl$f2d           g_wm.l(f2d.o)
    0x0800f032   0x0800f032   0x000000f6   Code   RO         2967    x$fpl$fnaninf       g_wm.l(fnaninf.o)
    0x0800f128   0x0800f128   0x00000016   Code   RO         3116    x$fpl$fpinit        g_wm.l(fpinit.o)
    0x0800f13e   0x0800f13e   0x0000000a   Code   RO         2969    x$fpl$fretinf       g_wm.l(fretinf.o)
    0x0800f148   0x0800f148   0x0000013c   Code   RO         2971    x$fpl$funder        g_wm.l(funder_clz.o)
    0x0800f284   0x0800f284   0x000000b2   Code   RO         3025    x$fpl$retnan        g_wm.l(retnan.o)
    0x0800f336   0x0800f336   0x0000007e   Code   RO         2973    x$fpl$trapveneer    g_wm.l(trapv.o)
    0x0800f3b4   0x0800f3b4   0x00000000   Code   RO         2975    x$fpl$usenofp       g_wm.l(usenofp.o)
    0x0800f3b4   0x0800f3b4   0x0000000c   Data   RO         2734    .constdata          AHRS.lib(ahrs.o)
    0x0800f3c0   0x0800f3c0   0x00000804   Data   RO         2867    .constdata          arm_cortexM4lf_math.lib(arm_common_tables.o)
    0x0800fbc4   0x0800fbc4   0x00000010   Data   RO         1553    .rodata.AHBPrescTable  system_stm32f4xx.o
    0x0800fbd4   0x0800fbd4   0x00000008   Data   RO         1554    .rodata.APBPrescTable  system_stm32f4xx.o
    0x0800fbdc   0x0800fbdc   0x00000012   Data   RO         2158    .rodata.bmi088_accel_self_test.write_BMI088_ACCEL_self_test_Reg_Data_Error  bmi088driver.o
    0x0800fbee   0x0800fbee   0x00000008   Data   RO          906    .rodata.cst8        stm32f4xx_hal_dma.o
    0x0800fbf6   0x0800fbf6   0x00000002   PAD
    0x0800fbf8   0x0800fbf8   0x0000000c   Data   RO         2323    .rodata.imu_temp_PID  ins_task.o
    0x0800fc04   0x0800fc04   0x0000000c   Data   RO         2199    .rodata.ist8310_write_reg_data_error  ist8310driver.o
    0x0800fc10   0x0800fc10   0x00000026   Data   RO           51    .rodata.str1.1      freertos.o
    0x0800fc36   0x0800fc36   0x00000012   Data   RO         2156    .rodata.write_BMI088_accel_reg_data_error  bmi088driver.o
    0x0800fc48   0x0800fc48   0x00000012   Data   RO         2157    .rodata.write_BMI088_gyro_reg_data_error  bmi088driver.o
    0x0800fc5a   0x0800fc5a   0x00000002   PAD
    0x0800fc5c   0x0800fc5c   0x00000020   Data   RO         3177    Region$$Table       anon$$obj.o


    Execution Region RW_IRAM1 (Exec base: 0x20000000, Load base: 0x0800fc80, Size: 0x00006c08, Max: 0x0001c000, ABSOLUTE, COMPRESSED[0x000000f8])

    Exec Addr    Load Addr    Size         Type   Attr      Idx    E Section Name        Object

    0x20000000   COMPRESSED   0x00000010   Data   RW         2735    .data               AHRS.lib(ahrs.o)
    0x20000010   COMPRESSED   0x00000008   Data   RW         1084    .data..L_MergedGlobals  stm32f4xx_hal.o
    0x20000018   COMPRESSED   0x00000008   Data   RW         2159    .data..L_MergedGlobals  bmi088driver.o
    0x20000020   COMPRESSED   0x00000060   Data   RW         2327    .data..L_MergedGlobals  ins_task.o
    0x20000080   COMPRESSED   0x00000014   Data   RW         2356    .data..L_MergedGlobals  try_try.o
    0x20000094   COMPRESSED   0x0000001c   Data   RW         2399    .data.FS_Desc       usbd_desc.o
    0x200000b0   COMPRESSED   0x00000004   Data   RW         1552    .data.SystemCoreClock  system_stm32f4xx.o
    0x200000b4   COMPRESSED   0x00000038   Data   RW         2636    .data.USBD_CDC      usbd_cdc.o
    0x200000ec   COMPRESSED   0x00000043   Data   RW         2638    .data.USBD_CDC_CfgDesc  usbd_cdc.o
    0x2000012f   COMPRESSED   0x00000001   PAD
    0x20000130   COMPRESSED   0x0000000a   Data   RW         2637    .data.USBD_CDC_DeviceQualifierDesc  usbd_cdc.o
    0x2000013a   COMPRESSED   0x00000002   PAD
    0x2000013c   COMPRESSED   0x00000012   Data   RW         2400    .data.USBD_FS_DeviceDesc  usbd_desc.o
    0x2000014e   COMPRESSED   0x00000002   PAD
    0x20000150   COMPRESSED   0x00000014   Data   RW         2424    .data.USBD_Interface_fops_FS  usbd_cdc_if.o
    0x20000164   COMPRESSED   0x00000004   Data   RW         2401    .data.USBD_LangIDDesc  usbd_desc.o
    0x20000168   COMPRESSED   0x0000001a   Data   RW         2402    .data.USBD_StringSerial  usbd_desc.o
    0x20000182   COMPRESSED   0x00000002   PAD
    0x20000184   COMPRESSED   0x00000024   Data   RW         2321    .data.mag_scale_factor  ins_task.o
    0x200001a8   COMPRESSED   0x00000014   Data   RW         2368    .data.sine_frame    usb_task.o
    0x200001bc   COMPRESSED   0x00000004   Data   RW         1977    .data.uxCriticalNesting  port.o
    0x200001c0        -       0x00000060   Zero   RW         3028    .bss                c_w.l(libspace.o)
    0x20000220        -       0x00000010   Zero   RW           52    .bss..L_MergedGlobals  freertos.o
    0x20000230        -       0x00000078   Zero   RW         1804    .bss..L_MergedGlobals  tasks.o
    0x200002a8        -       0x00000020   Zero   RW         1942    .bss..L_MergedGlobals  heap_4.o
    0x200002c8        -       0x00000008   Zero   RW         1978    .bss..L_MergedGlobals  port.o
    0x200002d0        -       0x00000008   Zero   RW         2057    .bss..L_MergedGlobals  bsp_delay.o
    0x200002d8        -       0x0000005c   Zero   RW         2265    .bss..L_MergedGlobals  can_receive.o
    0x20000334        -       0x00000038   Zero   RW         2357    .bss..L_MergedGlobals.1  try_try.o
    0x2000036c        -       0x00000028   Zero   RW         1805    .bss..L_MergedGlobals.2  tasks.o
    0x20000394        -       0x00000078   Zero   RW         2328    .bss..L_MergedGlobals.2  ins_task.o
    0x2000040c        -       0x0000005c   Zero   RW         2329    .bss..L_MergedGlobals.3  ins_task.o
    0x20000468        -       0x00000048   Zero   RW         2330    .bss..L_MergedGlobals.4  ins_task.o
    0x200004b0        -       0x00000004   Zero   RW           86    .bss.HAL_RCC_CAN1_CLK_ENABLED  can.o
    0x200004b4        -       0x00000001   Zero   RW         2575    .bss.USBD_SetConfig.cfgidx  usbd_ctlreq.o
    0x200004b5   COMPRESSED   0x00000003   PAD
    0x200004b8        -       0x00000200   Zero   RW         2403    .bss.USBD_StrDesc   usbd_desc.o
    0x200006b8        -       0x00000220   Zero   RW         2498    .bss.USBD_static_malloc.mem  usbd_conf.o
    0x200008d8        -       0x00000800   Zero   RW         2425    .bss.UserRxBufferFS  usbd_cdc_if.o
    0x200010d8        -       0x00000800   Zero   RW         2426    .bss.UserTxBufferFS  usbd_cdc_if.o
    0x200018d8        -       0x000001f8   Zero   RW         2282    .bss.error_list     detect_task.o
    0x20001ad0        -       0x000002dc   Zero   RW         2378    .bss.hUsbDeviceFS   usb_device.o
    0x20001dac        -       0x00000048   Zero   RW           67    .bss.hadc3          adc.o
    0x20001df4        -       0x00000028   Zero   RW           84    .bss.hcan1          can.o
    0x20001e1c        -       0x00000028   Zero   RW           85    .bss.hcan2          can.o
    0x20001e44        -       0x00000060   Zero   RW          126    .bss.hdma_spi1_rx   spi.o
    0x20001ea4        -       0x00000060   Zero   RW          127    .bss.hdma_spi1_tx   spi.o
    0x20001f04        -       0x00000054   Zero   RW          110    .bss.hi2c3          i2c.o
    0x20001f58        -       0x000004e4   Zero   RW         2497    .bss.hpcd_USB_OTG_FS  usbd_conf.o
    0x2000243c        -       0x00000058   Zero   RW          125    .bss.hspi1          spi.o
    0x20002494        -       0x00000048   Zero   RW          147    .bss.htim10         tim.o
    0x200024dc        -       0x00000048   Zero   RW          208    .bss.htim2          stm32f4xx_hal_timebase_tim.o
    0x20002524        -       0x00000048   Zero   RW          146    .bss.htim5          tim.o
    0x2000256c        -       0x00000048   Zero   RW         2322    .bss.imu_temp_pid   ins_task.o
    0x200025b4        -       0x00000050   Zero   RW         2264    .bss.motor_chassis  can_receive.o
    0x20002604        -       0x00000048   Zero   RW         2350    .bss.motor_p_pitch  try_try.o
    0x2000264c        -       0x00000048   Zero   RW         2352    .bss.motor_p_yaw    try_try.o
    0x20002694        -       0x00000048   Zero   RW         2349    .bss.motor_s_pitch  try_try.o
    0x200026dc        -       0x00000048   Zero   RW         2351    .bss.motor_s_yaw    try_try.o
    0x20002724        -       0x0000008c   Zero   RW         1803    .bss.pxReadyTasksLists  tasks.o
    0x200027b0        -       0x00003c00   Zero   RW         1941    .bss.ucHeap         heap_4.o
    0x200063b0        -       0x00000004   Zero   RW         1083    .bss.uwTick         stm32f4xx_hal.o
    0x200063b4        -       0x00000200   Zero   RW           50    .bss.xIdleStack     freertos.o
    0x200065b4        -       0x00000054   Zero   RW           49    .bss.xIdleTaskTCBBuffer  freertos.o
    0x20006608        -       0x00000200   Zero   RW            2    HEAP                startup_stm32f407xx.o
    0x20006808        -       0x00000400   Zero   RW            1    STACK               startup_stm32f407xx.o


    Execution Region RW_IRAM2 (Exec base: 0x2001c000, Load base: 0x0800fd78, Size: 0x00000000, Max: 0x00004000, ABSOLUTE)

    **** No section assigned to this execution region ****


==============================================================================

Image component sizes


      Code (inc. data)   RO Data    RW Data    ZI Data      Debug   Object Name

       218          0          0          0         72       5135   adc.o
        54          0          0          0          0       1720   ahrs_middleware.o
      3556          4         54          8          0      12770   bmi088driver.o
       118          0          0          0          0       3256   bmi088middleware.o
       262          0          0          0          0       7875   bsp_can.o
       134          0          0          0          8       2021   bsp_delay.o
        14          0          0          0          0        522   bsp_imu_pwm.o
      3274          0          0          0          0       3585   bsp_spi.o
       430          0          0          0         84       6645   can.o
       490         36          0          0        172       7691   can_receive.o
       118          0          0          0          0      24756   cmsis_os.o
        84          0          0          0        504       3626   detect_task.o
        72          0          0          0          0       3446   dma.o
       306        112         38          0        612       3852   freertos.o
       394          0          0          0          0       4159   gpio.o
       710          0          0          0      15392       5850   heap_4.o
       246          0          0          0         84       5275   i2c.o
      3462         74         12        132        356      11150   ins_task.o
       210          0         12          0          0       2002   ist8310driver.o
       136          0          0          0          0       4106   ist8310driver_middleware.o
       186          0          0          0          0       2327   list.o
       254          0          0          0          0       6405   main.o
       410         12          0          0          0       2053   pid.o
       994         16          0          4          8       4352   port.o
       392          0          0          0        280       5291   spi.o
        64         26        392          0       1536        824   startup_stm32f407xx.o
       132          0          0          8          4       7287   stm32f4xx_hal.o
       664          0          0          0          0      12241   stm32f4xx_hal_adc.o
      1698          6          0          0          0      14036   stm32f4xx_hal_can.o
       152          0          0          0          0      10705   stm32f4xx_hal_cortex.o
       806          6          8          0          0      10553   stm32f4xx_hal_dma.o
       446          0          0          0          0       5415   stm32f4xx_hal_gpio.o
      2966          0          0          0          0      44576   stm32f4xx_hal_i2c.o
        66          0          0          0          0       3510   stm32f4xx_hal_msp.o
      3568          0          0          0          0      17405   stm32f4xx_hal_pcd.o
       216          0          0          0          0       4732   stm32f4xx_hal_pcd_ex.o
      1518          4          0          0          0       7557   stm32f4xx_hal_rcc.o
      1300          0          0          0          0      26210   stm32f4xx_hal_spi.o
      2496         10          0          0          0      58466   stm32f4xx_hal_tim.o
       190          0          0          0          0      21913   stm32f4xx_hal_tim_ex.o
       174          0          0          0         72       7234   stm32f4xx_hal_timebase_tim.o
       106          0          0          0          0       8793   stm32f4xx_it.o
      5064          0          0          0          0      37503   stm32f4xx_ll_usb.o
        18          0         24          4          0       2576   system_stm32f4xx.o
      6202          8          0          0        300      37102   tasks.o
       734          0          0          0        144       7771   tim.o
      1260        116          0         20        344       3827   try_try.o
       114          0          0          0        732       3188   usb_device.o
        62          0          0         20          0        800   usb_task.o
      1230         12          0        133          0      11524   usbd_cdc.o
       138          0          0         20       4096       4886   usbd_cdc_if.o
       784          0          0          0       1796      18345   usbd_conf.o
      1004          0          0          0          0      11142   usbd_core.o
      1646         32          0          0          1      11194   usbd_ctlreq.o
       548         56          0         76        512       4093   usbd_desc.o
       134          0          0          0          0       4719   usbd_ioreq.o

    ----------------------------------------------------------------------
     52414        530        576        432      27112     559997   Object Totals
         0          0         32          0          0          0   (incl. Generated)
       390          0          4          7          3          0   (incl. Padding)

    ----------------------------------------------------------------------

      Code (inc. data)   RO Data    RW Data    ZI Data      Debug   Library Member Name

      2718         84         12         16          0       9922   ahrs.o
         0          0       2052          0          0       4704   arm_common_tables.o
       120         12          0          0          0      18614   arm_cos_f32.o
       148         18          0          0          0        814   arm_sin_f32.o
        90          0          0          0          0          0   __dczerorl2.o
         8          0          0          0          0         68   __main.o
         0          0          0          0          0          0   __rtentry.o
        12          0          0          0          0          0   __rtentry2.o
         6          0          0          0          0          0   __rtentry4.o
        94          8          0          0          0          0   __scatter.o
        28          0          0          0          0          0   __scatter_zi.o
        48          4          0          0          0         84   _fptrap.o
        22          0          0          0          0        100   _rserrno.o
        10          0          0          0          0         68   defsig_exit.o
       172        110          0          0          0         76   defsig_fpe_inner.o
        14          0          0          0          0         80   defsig_fpe_outer.o
        50          0          0          0          0         88   defsig_general.o
        18          0          0          0          0         80   exit.o
         6          0          0          0          0        152   heapauxi.o
         0          0          0          0          0          0   indicate_semi.o
         2          0          0          0          0          0   libinit.o
         6          0          0          0          0          0   libinit2.o
         2          0          0          0          0          0   libshutdown.o
         2          0          0          0          0          0   libshutdown2.o
         8          4          0          0         96         68   libspace.o
       240          0          0          0          0        100   lludivv7m.o
         8          4          0          0          0         68   rt_errno_addr_intlibspace.o
        78          0          0          0          0         80   rt_memclr_w.o
         2          0          0          0          0          0   rtexit.o
        10          0          0          0          0          0   rtexit2.o
        62          0          0          0          0         76   strlen.o
        12          4          0          0          0         68   sys_exit.o
        74          0          0          0          0         80   sys_stackheap_outer.o
        14          0          0          0          0         76   sys_wrch.o
         2          0          0          0          0         68   use_no_semi.o
       708         16          0          0          0        140   d2f_clz.o
       900        152          0          0          0        300   ddiv_clz.o
        26          0          0          0          0        116   dflt_clz.o
       448         16          0          0          0        164   dmul_clz.o
       262          4          0          0          0        156   dnaninf.o
       112          0          0          0          0        160   drenorm_clz.o
        12          0          0          0          0        116   dretinf.o
       378          0          0          0          0        168   dunder_clz.o
       492         36          0          0          0        152   except.o
       122          8          0          0          0        132   f2d.o
       246          4          0          0          0        148   fnaninf.o
        22          0          0          0          0        116   fpinit.o
        10          0          0          0          0        116   fretinf.o
       316          0          0          0          0        132   funder_clz.o
       178          0          0          0          0        116   retnan.o
       126          0          0          0          0        148   trapv.o
         0          0          0          0          0          0   usenofp.o
       300         42          0          0          0        176   asinf.o
       684         90          0          0          0        208   atan2f.o
        38          0          0          0          0        116   fpclassifyf.o
        44         12          0          0          0        464   funder.o
        62          0          0          0          0        136   sqrtf.o

    ----------------------------------------------------------------------
      9582        628       2064         16         96      39014   Library Totals
        10          0          0          0          0          0   (incl. Padding)

    ----------------------------------------------------------------------

      Code (inc. data)   RO Data    RW Data    ZI Data      Debug   Library Name

      2718         84         12         16          0       9922   AHRS.lib
       268         30       2052          0          0      24132   arm_cortexM4lf_math.lib
      1100        134          0          0         96       1480   c_w.l
      4358        236          0          0          0       2380   g_wm.l
      1128        144          0          0          0       1100   m_wm.l

    ----------------------------------------------------------------------
      9582        628       2064         16         96      39014   Library Totals

    ----------------------------------------------------------------------

==============================================================================


      Code (inc. data)   RO Data    RW Data    ZI Data      Debug   

     61996       1158       2640        448      27208     594071   Grand Totals
     61996       1158       2640        248      27208     594071   ELF Image Totals (compressed)
     61996       1158       2640        248          0          0   ROM Totals

==============================================================================

    Total RO  Size (Code + RO Data)                64636 (  63.12kB)
    Total RW  Size (RW Data + ZI Data)             27656 (  27.01kB)
    Total ROM Size (Code + RO Data + RW Data)      64884 (  63.36kB)

==============================================================================

