<html>
<body>
<pre>
<h1>µVision Build Log</h1>
<h2>Tool Versions:</h2>
IDE-Version: ¦ÌVision V5.43.1.0
Copyright (C) 2025 ARM Ltd and ARM Germany GmbH. All rights reserved.
License Information: 1 ÁõÃ÷Ðù, 1, LIC=S5ISZ-JNPI0-F1NPT-RM0K7-62JWP-0HLZB
 
Tool Versions:
Toolchain:       MDK-ARM Professional  Version: 5.43.0.0
Toolchain Path:  D:\Keil5_ARM\ARM\ARMCLANG\Bin
C Compiler:      ArmClang.exe V6.24
Assembler:       Armasm.exe V6.24
Linker/Locator:  ArmLink.exe V6.24
Library Manager: ArmAr.exe V6.24
Hex Converter:   FromElf.exe V6.24
CPU DLL:         SARMCM3.DLL V5.43.0.0
Dialog DLL:      DCM.DLL V1.17.5.0
Target DLL:      STLink\ST-LINKIII-KEIL_SWO.dll V3.3.1.0
Dialog DLL:      TCM.DLL V1.56.6.0
 
<h2>Project:</h2>
D:\shaobing\angle_clc\MDK-ARM\angle_clc.uvprojx
Project File Date:  05/28/2026

<h2>Output:</h2>
*** Using Compiler 'V6.24', folder: 'D:\Keil5_ARM\ARM\ARMCLANG\Bin'
Rebuild target 'angle_clc'
compiling freertos.c...
compiling main.c...
compiling gpio.c...
compiling adc.c...
compiling can.c...
compiling dma.c...
compiling stm32f4xx_hal_pcd_ex.c...
compiling stm32f4xx_hal_msp.c...
compiling spi.c...
compiling tim.c...
compiling stm32f4xx_hal_flash_ex.c...
assembling startup_stm32f407xx.s...
compiling stm32f4xx_hal_rcc_ex.c...
compiling i2c.c...
compiling stm32f4xx_it.c...
compiling stm32f4xx_hal_flash_ramfunc.c...
compiling stm32f4xx_hal_timebase_tim.c...
compiling stm32f4xx_hal_gpio.c...
compiling stm32f4xx_hal_pwr_ex.c...
compiling stm32f4xx_hal_pwr.c...
compiling stm32f4xx_hal_flash.c...
compiling stm32f4xx_hal_dma_ex.c...
compiling stm32f4xx_hal_rcc.c...
compiling stm32f4xx_hal_dma.c...
compiling stm32f4xx_ll_usb.c...
compiling stm32f4xx_hal.c...
compiling stm32f4xx_hal_cortex.c...
compiling stm32f4xx_hal_pcd.c...
compiling stm32f4xx_hal_exti.c...
compiling stm32f4xx_hal_tim_ex.c...
compiling stm32f4xx_hal_adc_ex.c...
compiling stm32f4xx_hal_adc.c...
compiling stm32f4xx_hal_i2c_ex.c...
compiling stm32f4xx_hal_can.c...
compiling system_stm32f4xx.c...
compiling croutine.c...
compiling list.c...
compiling stm32f4xx_hal_tim.c...
compiling event_groups.c...
compiling timers.c...
compiling stream_buffer.c...
compiling port.c...
compiling queue.c...
compiling stm32f4xx_hal_spi.c...
compiling heap_4.c...
compiling pid.c...
compiling bsp_imu_pwm.c...
compiling bsp_can.c...
compiling cmsis_os.c...
compiling bsp_delay.c...
compiling tasks.c...
compiling bsp_spi.c...
compiling user_lib.c...
compiling ist8310driver.c...
compiling AHRS_middleware.c...
compiling BMI088Middleware.c...
compiling stm32f4xx_hal_i2c.c...
compiling ist8310driver_middleware.c...
compiling BMI088driver.c...
compiling detect_task.c...
compiling CAN_receive.c...
compiling usb_device.c...
compiling INS_Task.c...
compiling USB_task.c...
compiling try_try.c...
compiling usbd_desc.c...
compiling usbd_cdc_if.c...
compiling usbd_ioreq.c...
compiling usbd_conf.c...
compiling usbd_core.c...
compiling usbd_ctlreq.c...
compiling usbd_cdc.c...
linking...
Program Size: Code=64556 RO-data=2672 RW-data=496 ZI-data=27232  
FromELF: creating hex file...
"angle_clc\angle_clc.axf" - 0 Error(s), 0 Warning(s).

<h2>Software Packages used:</h2>

Package Vendor: ARM
                https://www.keil.com/pack/ARM.CMSIS.6.3.0.pack
                ARM::CMSIS@6.3.0
                CMSIS (Common Microcontroller Software Interface Standard)
   * Component: CORE Version: 6.2.0

Package Vendor: Keil
                https://www.keil.com/pack/Keil.STM32F4xx_DFP.3.1.1.pack
                Keil::STM32F4xx_DFP@3.1.1
                STMicroelectronics STM32F4 Series Device Support

<h2>Collection of Component include folders:</h2>
  ./RTE/_angle_clc
  D:/Keil5_ARM/ARM/CMSIS/6.3.0/CMSIS/Core/Include

<h2>Collection of Component Files used:</h2>

   * Component: ARM::CMSIS:CORE@6.2.0
      Include file:  CMSIS/Core/Include/tz_context.h
Build Time Elapsed:  00:00:03
</pre>
</body>
</html>
