Component: Arm Compiler for Embedded 6.24 Tool: armlink [5f371500]

==============================================================================

Section Cross References

    startup_stm32f407xx.o(STACK) refers (Special) to heapauxi.o(.text) for __use_two_region_memory
    startup_stm32f407xx.o(HEAP) refers (Special) to heapauxi.o(.text) for __use_two_region_memory
    startup_stm32f407xx.o(RESET) refers (Special) to heapauxi.o(.text) for __use_two_region_memory
    startup_stm32f407xx.o(RESET) refers to startup_stm32f407xx.o(STACK) for __initial_sp
    startup_stm32f407xx.o(RESET) refers to startup_stm32f407xx.o(.text) for Reset_Handler
    startup_stm32f407xx.o(RESET) refers to stm32f4xx_it.o(.text.NMI_Handler) for NMI_Handler
    startup_stm32f407xx.o(RESET) refers to stm32f4xx_it.o(.text.HardFault_Handler) for HardFault_Handler
    startup_stm32f407xx.o(RESET) refers to stm32f4xx_it.o(.text.MemManage_Handler) for MemManage_Handler
    startup_stm32f407xx.o(RESET) refers to stm32f4xx_it.o(.text.BusFault_Handler) for BusFault_Handler
    startup_stm32f407xx.o(RESET) refers to stm32f4xx_it.o(.text.UsageFault_Handler) for UsageFault_Handler
    startup_stm32f407xx.o(RESET) refers to port.o(.text.SVC_Handler) for SVC_Handler
    startup_stm32f407xx.o(RESET) refers to stm32f4xx_it.o(.text.DebugMon_Handler) for DebugMon_Handler
    startup_stm32f407xx.o(RESET) refers to port.o(.text.PendSV_Handler) for PendSV_Handler
    startup_stm32f407xx.o(RESET) refers to port.o(.text.SysTick_Handler) for SysTick_Handler
    startup_stm32f407xx.o(RESET) refers to stm32f4xx_it.o(.text.EXTI0_IRQHandler) for EXTI0_IRQHandler
    startup_stm32f407xx.o(RESET) refers to stm32f4xx_it.o(.text.EXTI3_IRQHandler) for EXTI3_IRQHandler
    startup_stm32f407xx.o(RESET) refers to stm32f4xx_it.o(.text.EXTI4_IRQHandler) for EXTI4_IRQHandler
    startup_stm32f407xx.o(RESET) refers to stm32f4xx_it.o(.text.CAN1_RX0_IRQHandler) for CAN1_RX0_IRQHandler
    startup_stm32f407xx.o(RESET) refers to stm32f4xx_it.o(.text.EXTI9_5_IRQHandler) for EXTI9_5_IRQHandler
    startup_stm32f407xx.o(RESET) refers to stm32f4xx_it.o(.text.TIM2_IRQHandler) for TIM2_IRQHandler
    startup_stm32f407xx.o(RESET) refers to stm32f4xx_it.o(.text.DMA2_Stream2_IRQHandler) for DMA2_Stream2_IRQHandler
    startup_stm32f407xx.o(RESET) refers to stm32f4xx_it.o(.text.DMA2_Stream3_IRQHandler) for DMA2_Stream3_IRQHandler
    startup_stm32f407xx.o(RESET) refers to stm32f4xx_it.o(.text.OTG_FS_IRQHandler) for OTG_FS_IRQHandler
    startup_stm32f407xx.o(.text) refers (Special) to heapauxi.o(.text) for __use_two_region_memory
    startup_stm32f407xx.o(.text) refers to system_stm32f4xx.o(.text.SystemInit) for SystemInit
    startup_stm32f407xx.o(.text) refers to __main.o(!!!main) for __main
    startup_stm32f407xx.o(.text) refers to startup_stm32f407xx.o(HEAP) for Heap_Mem
    startup_stm32f407xx.o(.text) refers to startup_stm32f407xx.o(STACK) for Stack_Mem
    main.o(.text.main) refers to stm32f4xx_hal.o(.text.HAL_Init) for HAL_Init
    main.o(.text.main) refers to main.o(.text.SystemClock_Config) for SystemClock_Config
    main.o(.text.main) refers to bsp_delay.o(.text.delay_init) for delay_init
    main.o(.text.main) refers to gpio.o(.text.MX_GPIO_Init) for MX_GPIO_Init
    main.o(.text.main) refers to dma.o(.text.MX_DMA_Init) for MX_DMA_Init
    main.o(.text.main) refers to can.o(.text.MX_CAN1_Init) for MX_CAN1_Init
    main.o(.text.main) refers to i2c.o(.text.MX_I2C3_Init) for MX_I2C3_Init
    main.o(.text.main) refers to spi.o(.text.MX_SPI1_Init) for MX_SPI1_Init
    main.o(.text.main) refers to tim.o(.text.MX_TIM10_Init) for MX_TIM10_Init
    main.o(.text.main) refers to adc.o(.text.MX_ADC3_Init) for MX_ADC3_Init
    main.o(.text.main) refers to tim.o(.text.MX_TIM5_Init) for MX_TIM5_Init
    main.o(.text.main) refers to can.o(.text.MX_CAN2_Init) for MX_CAN2_Init
    main.o(.text.main) refers to bsp_can.o(.text.can_filter_init) for can_filter_init
    main.o(.text.main) refers to freertos.o(.text.MX_FREERTOS_Init) for MX_FREERTOS_Init
    main.o(.text.main) refers to cmsis_os.o(.text.osKernelStart) for osKernelStart
    main.o(.ARM.exidx.text.main) refers to main.o(.text.main) for [Anonymous Symbol]
    main.o(.text.SystemClock_Config) refers to rt_memclr_w.o(.text) for __aeabi_memclr4
    main.o(.text.SystemClock_Config) refers to stm32f4xx_hal_rcc.o(.text.HAL_RCC_OscConfig) for HAL_RCC_OscConfig
    main.o(.text.SystemClock_Config) refers to stm32f4xx_hal_rcc.o(.text.HAL_RCC_ClockConfig) for HAL_RCC_ClockConfig
    main.o(.ARM.exidx.text.SystemClock_Config) refers to main.o(.text.SystemClock_Config) for [Anonymous Symbol]
    main.o(.ARM.exidx.text.Error_Handler) refers to main.o(.text.Error_Handler) for [Anonymous Symbol]
    main.o(.text.HAL_TIM_PeriodElapsedCallback) refers to stm32f4xx_hal.o(.text.HAL_IncTick) for HAL_IncTick
    main.o(.ARM.exidx.text.HAL_TIM_PeriodElapsedCallback) refers to main.o(.text.HAL_TIM_PeriodElapsedCallback) for [Anonymous Symbol]
[...]
    ist8310_com_init                         0x0800af81   Thumb Code     2  ist8310driver_middleware.o(.text.ist8310_com_init)
    ist8310_delay_ms                         0x0800af85   Thumb Code     4  ist8310driver_middleware.o(.text.ist8310_delay_ms)
    ist8310_init                             0x0800af89   Thumb Code   210  ist8310driver.o(.text.ist8310_init)
    main                                     0x0800b05d   Thumb Code    62  main.o(.text.main)
    osDelay                                  0x0800b09d   Thumb Code    16  cmsis_os.o(.text.osDelay)
    osKernelStart                            0x0800b0ad   Thumb Code    10  cmsis_os.o(.text.osKernelStart)
    osThreadCreate                           0x0800b0b9   Thumb Code    92  cmsis_os.o(.text.osThreadCreate)
    pcTaskGetName                            0x0800b115   Thumb Code    38  tasks.o(.text.pcTaskGetName)
    pvPortMalloc                             0x0800b49d   Thumb Code   488  heap_4.o(.text.pvPortMalloc)
    pxPortInitialiseStack                    0x0800b685   Thumb Code    36  port.o(.text.pxPortInitialiseStack)
    ulTaskNotifyTake                         0x0800b6a9   Thumb Code   104  tasks.o(.text.ulTaskNotifyTake)
    uxListRemove                             0x0800b711   Thumb Code    34  list.o(.text.uxListRemove)
    vApplicationGetIdleTaskMemory            0x0800b735   Thumb Code    26  freertos.o(.text.vApplicationGetIdleTaskMemory)
    vListInitialise                          0x0800b751   Thumb Code    22  list.o(.text.vListInitialise)
    vListInitialiseItem                      0x0800b769   Thumb Code     6  list.o(.text.vListInitialiseItem)
    vListInsert                              0x0800b771   Thumb Code    98  list.o(.text.vListInsert)
    vListInsertEnd                           0x0800b7d5   Thumb Code    26  list.o(.text.vListInsertEnd)
    vPortEnterCritical                       0x0800b805   Thumb Code    70  port.o(.text.vPortEnterCritical)
    vPortExitCritical                        0x0800b84d   Thumb Code    46  port.o(.text.vPortExitCritical)
    vPortFree                                0x0800b87d   Thumb Code   222  heap_4.o(.text.vPortFree)
    vPortSetupTimerInterrupt                 0x0800b95d   Thumb Code    52  port.o(.text.vPortSetupTimerInterrupt)
    vPortValidateInterruptPriority           0x0800b991   Thumb Code    94  port.o(.text.vPortValidateInterruptPriority)
    vTaskDelay                               0x0800b9f1   Thumb Code   158  tasks.o(.text.vTaskDelay)
    vTaskNotifyGiveFromISR                   0x0800ba91   Thumb Code   198  tasks.o(.text.vTaskNotifyGiveFromISR)
    vTaskStartScheduler                      0x0800bb59   Thumb Code   196  tasks.o(.text.vTaskStartScheduler)
    vTaskSuspendAll                          0x0800bc25   Thumb Code    16  tasks.o(.text.vTaskSuspendAll)
    vTaskSwitchContext                       0x0800bc35   Thumb Code   110  tasks.o(.text.vTaskSwitchContext)
    xPortStartScheduler                      0x0800bca5   Thumb Code   392  port.o(.text.xPortStartScheduler)
    xTaskCreate                              0x0800be2d   Thumb Code    96  tasks.o(.text.xTaskCreate)
    xTaskCreateStatic                        0x0800be8d   Thumb Code   118  tasks.o(.text.xTaskCreateStatic)
    xTaskGetHandle                           0x0800bf05   Thumb Code  3866  tasks.o(.text.xTaskGetHandle)
    xTaskGetSchedulerState                   0x0800ce21   Thumb Code    30  tasks.o(.text.xTaskGetSchedulerState)
    xTaskGetTickCount                        0x0800ce41   Thumb Code    12  tasks.o(.text.xTaskGetTickCount)
    xTaskIncrementTick                       0x0800ce4d   Thumb Code   262  tasks.o(.text.xTaskIncrementTick)
    xTaskResumeAll                           0x0800cf55   Thumb Code   234  tasks.o(.text.xTaskResumeAll)
    AHRS_init                                0x0800d059   Thumb Code   626  ahrs.o(i.AHRS_init)
    AHRS_update                              0x0800d2f5   Thumb Code   314  ahrs.o(i.AHRS_update)
    __ARM_fpclassifyf                        0x0800d42f   Thumb Code    38  fpclassifyf.o(i.__ARM_fpclassifyf)
    __hardfp_asinf                           0x0800d455   Thumb Code   258  asinf.o(i.__hardfp_asinf)
    __hardfp_atan2f                          0x0800d581   Thumb Code   594  atan2f.o(i.__hardfp_atan2f)
    __mathlib_flt_infnan                     0x0800d82d   Thumb Code     6  funder.o(i.__mathlib_flt_infnan)
    __mathlib_flt_infnan2                    0x0800d833   Thumb Code     6  funder.o(i.__mathlib_flt_infnan2)
    __mathlib_flt_invalid                    0x0800d839   Thumb Code    10  funder.o(i.__mathlib_flt_invalid)
    __mathlib_flt_underflow                  0x0800d849   Thumb Code    10  funder.o(i.__mathlib_flt_underflow)
    get_angle                                0x0800dd21   Thumb Code   232  ahrs.o(i.get_angle)
    sqrtf                                    0x0800de8d   Thumb Code    62  sqrtf.o(i.sqrtf)
    __aeabi_d2f                              0x0800df45   Thumb Code     0  d2f_clz.o(x$fpl$d2f)
    _d2f                                     0x0800df45   Thumb Code   700  d2f_clz.o(x$fpl$d2f)
    __aeabi_ddiv                             0x0800e209   Thumb Code     0  ddiv_clz.o(x$fpl$ddiv)
    _ddiv                                    0x0800e209   Thumb Code   756  ddiv_clz.o(x$fpl$ddiv)
    __dflt_normalise                         0x0800e58d   Thumb Code    26  dflt_clz.o(x$fpl$dfltn)
    __aeabi_dmul                             0x0800e5a9   Thumb Code     0  dmul_clz.o(x$fpl$dmul)
    _dmul                                    0x0800e5a9   Thumb Code   440  dmul_clz.o(x$fpl$dmul)
    __fpl_dnaninf                            0x0800e769   Thumb Code   262  dnaninf.o(x$fpl$dnaninf)
    __fpl_drenorm2                           0x0800e86f   Thumb Code   106  drenorm_clz.o(x$fpl$drenorm)
    __fpl_drenorm1                           0x0800e8d9   Thumb Code     6  drenorm_clz.o(x$fpl$drenorm)
    __fpl_dretinf                            0x0800e8df   Thumb Code    12  dretinf.o(x$fpl$dretinf)
    __dunder                                 0x0800e8eb   Thumb Code   314  dunder_clz.o(x$fpl$dunder)
    __dunder_d                               0x0800ea25   Thumb Code    64  dunder_clz.o(x$fpl$dunder)
    __fpl_exception                          0x0800ea65   Thumb Code   454  except.o(x$fpl$exception)
    __aeabi_f2d                              0x0800ec51   Thumb Code     0  f2d.o(x$fpl$f2d)
    _f2d                                     0x0800ec51   Thumb Code   122  f2d.o(x$fpl$f2d)
    __fpl_fnaninf                            0x0800eccb   Thumb Code   246  fnaninf.o(x$fpl$fnaninf)
    _fp_init                                 0x0800edc1   Thumb Code    22  fpinit.o(x$fpl$fpinit)
    __fplib_config_fpu_vfp                   0x0800edd5   Thumb Code     0  fpinit.o(x$fpl$fpinit)
    __fplib_config_pureend_doubles           0x0800edd5   Thumb Code     0  fpinit.o(x$fpl$fpinit)
    __fpl_fretinf                            0x0800edd7   Thumb Code    10  fretinf.o(x$fpl$fretinf)
    __funder                                 0x0800ede1   Thumb Code   254  funder_clz.o(x$fpl$funder)
    __funder_d                               0x0800eedf   Thumb Code    62  funder_clz.o(x$fpl$funder)
    __fpl_return_NaN                         0x0800ef1d   Thumb Code   178  retnan.o(x$fpl$retnan)
    _fp_trapveneer                           0x0800efcf   Thumb Code    36  trapv.o(x$fpl$trapveneer)
    __fpl_cmpreturn                          0x0800eff3   Thumb Code    90  trapv.o(x$fpl$trapveneer)
    __I$use$fp                               0x0800f04c   Number         0  usenofp.o(x$fpl$usenofp)
    sinTable_f32                             0x0800f058   Data        2052  arm_common_tables.o(.constdata)
    AHBPrescTable                            0x0800f85c   Data          16  system_stm32f4xx.o(.rodata.AHBPrescTable)
    APBPrescTable                            0x0800f86c   Data           8  system_stm32f4xx.o(.rodata.APBPrescTable)
    Region$$Table$$Base                      0x0800f8ec   Number         0  anon$$obj.o(Region$$Table)
    Region$$Table$$Limit                     0x0800f90c   Number         0  anon$$obj.o(Region$$Table)
    uwTickFreq                               0x20000010   Data           1  stm32f4xx_hal.o(.data..L_MergedGlobals)
    uwTickPrio                               0x20000014   Data           4  stm32f4xx_hal.o(.data..L_MergedGlobals)
    BMI088_ACCEL_SEN                         0x20000018   Data           4  bmi088driver.o(.data..L_MergedGlobals)
    BMI088_GYRO_SEN                          0x2000001c   Data           4  bmi088driver.o(.data..L_MergedGlobals)
    accel_temp_dma_tx_buf                    0x20000020   Data           4  ins_task.o(.data..L_MergedGlobals)
    gyro_dma_tx_buf                          0x20000024   Data           8  ins_task.o(.data..L_MergedGlobals)
    accel_dma_tx_buf                         0x2000002c   Data           9  ins_task.o(.data..L_MergedGlobals)
    gyro_scale_factor                        0x20000038   Data          36  ins_task.o(.data..L_MergedGlobals)
    accel_scale_factor                       0x2000005c   Data          36  ins_task.o(.data..L_MergedGlobals)
    x1                                       0x20000080   Data           2  try_try.o(.data..L_MergedGlobals)
    x2                                       0x20000082   Data           2  try_try.o(.data..L_MergedGlobals)
    x3                                       0x20000084   Data           2  try_try.o(.data..L_MergedGlobals)
    x4                                       0x20000086   Data           2  try_try.o(.data..L_MergedGlobals)
    kp_s_pitch                               0x20000088   Data           4  try_try.o(.data..L_MergedGlobals)
    kd_s_pitch                               0x2000008c   Data           4  try_try.o(.data..L_MergedGlobals)
    kp_p_pitch                               0x20000090   Data           4  try_try.o(.data..L_MergedGlobals)
    ki_p_pitch                               0x20000094   Data           4  try_try.o(.data..L_MergedGlobals)
    kd_p_pitch                               0x20000098   Data           4  try_try.o(.data..L_MergedGlobals)
    FS_Desc                                  0x2000009c   Data          28  usbd_desc.o(.data.FS_Desc)
    SystemCoreClock                          0x200000b8   Data           4  system_stm32f4xx.o(.data.SystemCoreClock)
    USBD_CDC                                 0x200000bc   Data          56  usbd_cdc.o(.data.USBD_CDC)
    USBD_FS_DeviceDesc                       0x20000144   Data          18  usbd_desc.o(.data.USBD_FS_DeviceDesc)
    USBD_Interface_fops_FS                   0x20000158   Data          20  usbd_cdc_if.o(.data.USBD_Interface_fops_FS)
    USBD_LangIDDesc                          0x2000016c   Data           4  usbd_desc.o(.data.USBD_LangIDDesc)
    USBD_StringSerial                        0x20000170   Data          26  usbd_desc.o(.data.USBD_StringSerial)
    mag_scale_factor                         0x2000018c   Data          36  ins_task.o(.data.mag_scale_factor)
    __libspace_start                         0x200001b8   Data          96  libspace.o(.bss)
    __temporary_stack_top$libspace           0x20000218   Data           0  libspace.o(.bss)
    defaultTaskHandle                        0x20000218   Data           4  freertos.o(.bss..L_MergedGlobals)
    INS_TASKHandle                           0x2000021c   Data           4  freertos.o(.bss..L_MergedGlobals)
    try_tryHandle                            0x20000220   Data           4  freertos.o(.bss..L_MergedGlobals)
    pxCurrentTCB                             0x20000224   Data           4  tasks.o(.bss..L_MergedGlobals)
    dm4310                                   0x200002e0   Data          10  can_receive.o(.bss..L_MergedGlobals)
    deal_dm4310_d                            0x200002ec   Data          16  can_receive.o(.bss..L_MergedGlobals)
    mode                                     0x2000032c   Data           1  try_try.o(.bss..L_MergedGlobals.1)
    time                                     0x2000032e   Data           2  try_try.o(.bss..L_MergedGlobals.1)
    delta_pitch_torque                       0x20000330   Data           2  try_try.o(.bss..L_MergedGlobals.1)
    ki_s_pitch                               0x20000334   Data           4  try_try.o(.bss..L_MergedGlobals.1)
    degree_yaw                               0x20000338   Data           4  try_try.o(.bss..L_MergedGlobals.1)
    degree_pitch                             0x2000033c   Data           4  try_try.o(.bss..L_MergedGlobals.1)
    speed_pitch                              0x20000340   Data           4  try_try.o(.bss..L_MergedGlobals.1)
    degree_set_yaw                           0x20000344   Data           4  try_try.o(.bss..L_MergedGlobals.1)
    rd_yaw_set_degree                        0x20000348   Data           4  try_try.o(.bss..L_MergedGlobals.1)
    degree_set_pitch                         0x2000034c   Data           4  try_try.o(.bss..L_MergedGlobals.1)
    speed_set_pitch                          0x20000350   Data           4  try_try.o(.bss..L_MergedGlobals.1)
    speed_set_yaw                            0x20000354   Data           4  try_try.o(.bss..L_MergedGlobals.1)
    motor_s_pitch                            0x20000358   Data          72  try_try.o(.bss..L_MergedGlobals.1)
    gyro_update_flag                         0x200003c8   Data           1  ins_task.o(.bss..L_MergedGlobals.2)
    accel_update_flag                        0x200003c9   Data           1  ins_task.o(.bss..L_MergedGlobals.2)
    accel_temp_update_flag                   0x200003ca   Data           1  ins_task.o(.bss..L_MergedGlobals.2)
    mag_update_flag                          0x200003cb   Data           1  ins_task.o(.bss..L_MergedGlobals.2)
    imu_start_dma_flag                       0x200003cc   Data           1  ins_task.o(.bss..L_MergedGlobals.2)
    imu_read_flag                            0x200003cd   Data           1  ins_task.o(.bss..L_MergedGlobals.2)
    cnt                                      0x200003ce   Data           1  ins_task.o(.bss..L_MergedGlobals.2)
    accel_temp_dma_rx_buf                    0x200003e8   Data           4  ins_task.o(.bss..L_MergedGlobals.2)
    gyro_dma_rx_buf                          0x200003f0   Data           8  ins_task.o(.bss..L_MergedGlobals.2)
    accel_dma_rx_buf                         0x200003f8   Data           9  ins_task.o(.bss..L_MergedGlobals.2)
    INS_accel                                0x20000404   Data          12  ins_task.o(.bss..L_MergedGlobals.2)
    INS_angle                                0x20000410   Data          12  ins_task.o(.bss..L_MergedGlobals.2)
    INS_angle_deg                            0x2000041c   Data          12  ins_task.o(.bss..L_MergedGlobals.2)
    gyro_cali_offset                         0x2000044c   Data          12  ins_task.o(.bss..L_MergedGlobals.3)
    gyro_offset                              0x20000458   Data          12  ins_task.o(.bss..L_MergedGlobals.3)
    accel_offset                             0x20000464   Data          12  ins_task.o(.bss..L_MergedGlobals.3)
    mag_offset                               0x20000470   Data          12  ins_task.o(.bss..L_MergedGlobals.3)
    INS_quat                                 0x2000047c   Data          16  ins_task.o(.bss..L_MergedGlobals.3)
    ist8310_real_data                        0x2000048c   Data          16  ins_task.o(.bss..L_MergedGlobals.3)
    bmi088_real_data                         0x2000049c   Data          36  ins_task.o(.bss..L_MergedGlobals.4)
    bmi088_offset_data                       0x200004c0   Data          36  ins_task.o(.bss..L_MergedGlobals.4)
    USBD_StrDesc                             0x200004ec   Data         512  usbd_desc.o(.bss.USBD_StrDesc)
    UserRxBufferFS                           0x2000090c   Data        2048  usbd_cdc_if.o(.bss.UserRxBufferFS)
    UserTxBufferFS                           0x2000110c   Data        2048  usbd_cdc_if.o(.bss.UserTxBufferFS)
    error_list                               0x2000190c   Data         504  detect_task.o(.bss.error_list)
    hUsbDeviceFS                             0x20001b04   Data         732  usb_device.o(.bss.hUsbDeviceFS)
    hadc3                                    0x20001de0   Data          72  adc.o(.bss.hadc3)
    hcan1                                    0x20001e28   Data          40  can.o(.bss.hcan1)
    hcan2                                    0x20001e50   Data          40  can.o(.bss.hcan2)
    hdma_spi1_rx                             0x20001e78   Data          96  spi.o(.bss.hdma_spi1_rx)
    hdma_spi1_tx                             0x20001ed8   Data          96  spi.o(.bss.hdma_spi1_tx)
    hi2c3                                    0x20001f38   Data          84  i2c.o(.bss.hi2c3)
    hpcd_USB_OTG_FS                          0x20001f8c   Data        1252  usbd_conf.o(.bss.hpcd_USB_OTG_FS)
    hspi1                                    0x20002470   Data          88  spi.o(.bss.hspi1)
    htim10                                   0x200024c8   Data          72  tim.o(.bss.htim10)
    htim2                                    0x20002510   Data          72  stm32f4xx_hal_timebase_tim.o(.bss.htim2)
    htim5                                    0x20002558   Data          72  tim.o(.bss.htim5)
    motor_chassis                            0x200025e8   Data          80  can_receive.o(.bss.motor_chassis)
    motor_p_pitch                            0x20002638   Data          72  try_try.o(.bss.motor_p_pitch)
    uwTick                                   0x2000630c   Data           4  stm32f4xx_hal.o(.bss.uwTick)



==============================================================================

Memory Map of the image

  Image Entry point : 0x08000189

  Load Region LR_IROM1 (Base: 0x08000000, Size: 0x0000fac8, Max: 0x00100000, ABSOLUTE, COMPRESSED[0x0000fa08])

    Execution Region ER_IROM1 (Exec base: 0x08000000, Load base: 0x08000000, Size: 0x0000f90c, Max: 0x00100000, ABSOLUTE)

    Exec Addr    Load Addr    Size         Type   Attr      Idx    E Section Name        Object

    0x08000000   0x08000000   0x00000188   Data   RO            3    RESET               startup_stm32f407xx.o
    0x08000188   0x08000188   0x00000008   Code   RO         2888  * !!!main             c_w.l(__main.o)
    0x08000190   0x08000190   0x0000005c   Code   RO         3164    !!!scatter          c_w.l(__scatter.o)
    0x080001ec   0x080001ec   0x0000005a   Code   RO         3162    !!dczerorl2         c_w.l(__dczerorl2.o)
    0x08000246   0x08000246   0x00000002   PAD
    0x08000248   0x08000248   0x00000002   Code   RO         3165    !!handler_null      c_w.l(__scatter.o)
    0x0800024a   0x0800024a   0x00000002   PAD
    0x0800024c   0x0800024c   0x0000001c   Code   RO         3168    !!handler_zi        c_w.l(__scatter_zi.o)
    0x08000268   0x08000268   0x00000002   Code   RO         3027    .ARM.Collect$$libinit$$00000000  c_w.l(libinit.o)
    0x0800026a   0x0800026a   0x00000004   Code   RO         3036    .ARM.Collect$$libinit$$00000001  c_w.l(libinit2.o)
    0x0800026e   0x0800026e   0x00000000   Code   RO         3039    .ARM.Collect$$libinit$$00000004  c_w.l(libinit2.o)
    0x0800026e   0x0800026e   0x00000000   Code   RO         3041    .ARM.Collect$$libinit$$00000006  c_w.l(libinit2.o)
    0x0800026e   0x0800026e   0x00000000   Code   RO         3044    .ARM.Collect$$libinit$$0000000C  c_w.l(libinit2.o)
    0x0800026e   0x0800026e   0x00000000   Code   RO         3046    .ARM.Collect$$libinit$$0000000E  c_w.l(libinit2.o)
    0x0800026e   0x0800026e   0x00000000   Code   RO         3048    .ARM.Collect$$libinit$$00000010  c_w.l(libinit2.o)
    0x0800026e   0x0800026e   0x00000000   Code   RO         3051    .ARM.Collect$$libinit$$00000013  c_w.l(libinit2.o)
    0x0800026e   0x0800026e   0x00000000   Code   RO         3053    .ARM.Collect$$libinit$$00000015  c_w.l(libinit2.o)
    0x0800026e   0x0800026e   0x00000000   Code   RO         3055    .ARM.Collect$$libinit$$00000017  c_w.l(libinit2.o)
    0x0800026e   0x0800026e   0x00000000   Code   RO         3057    .ARM.Collect$$libinit$$00000019  c_w.l(libinit2.o)
    0x0800026e   0x0800026e   0x00000000   Code   RO         3059    .ARM.Collect$$libinit$$0000001B  c_w.l(libinit2.o)
    0x0800026e   0x0800026e   0x00000000   Code   RO         3061    .ARM.Collect$$libinit$$0000001D  c_w.l(libinit2.o)
    0x0800026e   0x0800026e   0x00000000   Code   RO         3063    .ARM.Collect$$libinit$$0000001F  c_w.l(libinit2.o)
    0x0800026e   0x0800026e   0x00000000   Code   RO         3065    .ARM.Collect$$libinit$$00000021  c_w.l(libinit2.o)
    0x0800026e   0x0800026e   0x00000000   Code   RO         3067    .ARM.Collect$$libinit$$00000023  c_w.l(libinit2.o)
    0x0800026e   0x0800026e   0x00000000   Code   RO         3069    .ARM.Collect$$libinit$$00000025  c_w.l(libinit2.o)
    0x0800026e   0x0800026e   0x00000000   Code   RO         3071    .ARM.Collect$$libinit$$00000027  c_w.l(libinit2.o)
    0x0800026e   0x0800026e   0x00000000   Code   RO         3075    .ARM.Collect$$libinit$$0000002E  c_w.l(libinit2.o)
    0x0800026e   0x0800026e   0x00000000   Code   RO         3077    .ARM.Collect$$libinit$$00000030  c_w.l(libinit2.o)
    0x0800026e   0x0800026e   0x00000000   Code   RO         3079    .ARM.Collect$$libinit$$00000032  c_w.l(libinit2.o)
    0x0800026e   0x0800026e   0x00000000   Code   RO         3081    .ARM.Collect$$libinit$$00000034  c_w.l(libinit2.o)
    0x0800026e   0x0800026e   0x00000002   Code   RO         3082    .ARM.Collect$$libinit$$00000035  c_w.l(libinit2.o)
    0x08000270   0x08000270   0x00000002   Code   RO         3117    .ARM.Collect$$libshutdown$$00000000  c_w.l(libshutdown.o)
    0x08000272   0x08000272   0x00000000   Code   RO         3145    .ARM.Collect$$libshutdown$$00000002  c_w.l(libshutdown2.o)
    0x08000272   0x08000272   0x00000000   Code   RO         3147    .ARM.Collect$$libshutdown$$00000004  c_w.l(libshutdown2.o)
    0x08000272   0x08000272   0x00000000   Code   RO         3150    .ARM.Collect$$libshutdown$$00000007  c_w.l(libshutdown2.o)
    0x08000272   0x08000272   0x00000000   Code   RO         3153    .ARM.Collect$$libshutdown$$0000000A  c_w.l(libshutdown2.o)
    0x08000272   0x08000272   0x00000000   Code   RO         3155    .ARM.Collect$$libshutdown$$0000000C  c_w.l(libshutdown2.o)
    0x08000272   0x08000272   0x00000000   Code   RO         3158    .ARM.Collect$$libshutdown$$0000000F  c_w.l(libshutdown2.o)
    0x08000272   0x08000272   0x00000002   Code   RO         3159    .ARM.Collect$$libshutdown$$00000010  c_w.l(libshutdown2.o)
    0x08000274   0x08000274   0x00000000   Code   RO         2924    .ARM.Collect$$rtentry$$00000000  c_w.l(__rtentry.o)
    0x08000274   0x08000274   0x00000000   Code   RO         2986    .ARM.Collect$$rtentry$$00000002  c_w.l(__rtentry2.o)
    0x08000274   0x08000274   0x00000006   Code   RO         2998    .ARM.Collect$$rtentry$$00000004  c_w.l(__rtentry4.o)
    0x0800027a   0x0800027a   0x00000000   Code   RO         2988    .ARM.Collect$$rtentry$$00000009  c_w.l(__rtentry2.o)
    0x0800027a   0x0800027a   0x00000004   Code   RO         2989    .ARM.Collect$$rtentry$$0000000A  c_w.l(__rtentry2.o)
    0x0800027e   0x0800027e   0x00000000   Code   RO         2991    .ARM.Collect$$rtentry$$0000000C  c_w.l(__rtentry2.o)
    0x0800027e   0x0800027e   0x00000008   Code   RO         2992    .ARM.Collect$$rtentry$$0000000D  c_w.l(__rtentry2.o)
    0x08000286   0x08000286   0x00000002   Code   RO         3028    .ARM.Collect$$rtexit$$00000000  c_w.l(rtexit.o)
    0x08000288   0x08000288   0x00000000   Code   RO         3088    .ARM.Collect$$rtexit$$00000002  c_w.l(rtexit2.o)
    0x08000288   0x08000288   0x00000004   Code   RO         3089    .ARM.Collect$$rtexit$$00000003  c_w.l(rtexit2.o)
    0x0800028c   0x0800028c   0x00000006   Code   RO         3090    .ARM.Collect$$rtexit$$00000004  c_w.l(rtexit2.o)
    0x08000292   0x08000292   0x00000002   PAD
    0x08000294   0x08000294   0x00000040   Code   RO            4    .text               startup_stm32f407xx.o
    0x080002d4   0x080002d4   0x00000078   Code   RO         2633    .text               arm_cortexM4lf_math.lib(arm_cos_f32.o)
    0x0800034c   0x0800034c   0x00000094   Code   RO         2684    .text               arm_cortexM4lf_math.lib(arm_sin_f32.o)
    0x080003e0   0x080003e0   0x000000f0   Code   RO         2876    .text               c_w.l(lludivv7m.o)
    0x080004d0   0x080004d0   0x0000003e   Code   RO         2878    .text               c_w.l(strlen.o)
    0x0800050e   0x0800050e   0x0000004e   Code   RO         2884    .text               c_w.l(rt_memclr_w.o)
    0x0800055c   0x0800055c   0x00000006   Code   RO         2886    .text               c_w.l(heapauxi.o)
    0x08000562   0x08000562   0x00000016   Code   RO         2929    .text               c_w.l(_rserrno.o)
    0x08000578   0x08000578   0x00000008   Code   RO         3005    .text               c_w.l(rt_errno_addr_intlibspace.o)
    0x08000580   0x08000580   0x00000030   Code   RO         3007    .text               c_w.l(_fptrap.o)
    0x080005b0   0x080005b0   0x00000008   Code   RO         3011    .text               c_w.l(libspace.o)
    0x080005b8   0x080005b8   0x0000004a   Code   RO         3014    .text               c_w.l(sys_stackheap_outer.o)
    0x08000602   0x08000602   0x00000012   Code   RO         3016    .text               c_w.l(exit.o)
    0x08000614   0x08000614   0x0000000e   Code   RO         3018    .text               c_w.l(defsig_fpe_outer.o)
    0x08000622   0x08000622   0x0000000a   Code   RO         3032    .text               c_w.l(defsig_exit.o)
    0x0800062c   0x0800062c   0x000000ac   Code   RO         3034    .text               c_w.l(defsig_fpe_inner.o)
    0x080006d8   0x080006d8   0x0000000c   Code   RO         3083    .text               c_w.l(sys_exit.o)
    0x080006e4   0x080006e4   0x00000032   Code   RO         3096    .text               c_w.l(defsig_general.o)
    0x08000716   0x08000716   0x0000000e   Code   RO         3102    .text               c_w.l(sys_wrch.o)
    0x08000724   0x08000724   0x00000002   Code   RO         3106    .text               c_w.l(use_no_semi.o)
    0x08000726   0x08000726   0x00000000   Code   RO         3108    .text               c_w.l(indicate_semi.o)
    0x08000726   0x08000726   0x00000002   PAD
    0x08000728   0x08000728   0x00000004   Code   RO         2076    .text.AHRS_asinf    ahrs_middleware.o
    0x0800072c   0x0800072c   0x00000004   Code   RO         2080    .text.AHRS_atan2f   ahrs_middleware.o
    0x08000730   0x08000730   0x00000004   Code   RO         2072    .text.AHRS_cosf     ahrs_middleware.o
    0x08000734   0x08000734   0x0000000a   Code   RO         2064    .text.AHRS_get_height  ahrs_middleware.o
    0x0800073e   0x0800073e   0x00000002   PAD
    0x08000740   0x08000740   0x0000000e   Code   RO         2066    .text.AHRS_get_latitude  ahrs_middleware.o
    0x0800074e   0x0800074e   0x00000002   PAD
    0x08000750   0x08000750   0x0000000e   Code   RO         2068    .text.AHRS_invSqrt  ahrs_middleware.o
    0x0800075e   0x0800075e   0x00000002   PAD
    0x08000760   0x08000760   0x00000004   Code   RO         2070    .text.AHRS_sinf     ahrs_middleware.o
    0x08000764   0x08000764   0x0000000e   Code   RO         2176    .text.BMI088_ACCEL_NS_H  bmi088middleware.o
    0x08000772   0x08000772   0x00000002   PAD
    0x08000774   0x08000774   0x0000000e   Code   RO         2174    .text.BMI088_ACCEL_NS_L  bmi088middleware.o
    0x08000782   0x08000782   0x00000002   PAD
    0x08000784   0x08000784   0x00000002   Code   RO         2166    .text.BMI088_GPIO_init  bmi088middleware.o
    0x08000786   0x08000786   0x00000002   PAD
    0x08000788   0x08000788   0x00000010   Code   RO         2180    .text.BMI088_GYRO_NS_H  bmi088middleware.o
    0x08000798   0x08000798   0x00000010   Code   RO         2178    .text.BMI088_GYRO_NS_L  bmi088middleware.o
    0x080007a8   0x080007a8   0x00000074   Code   RO         2140    .text.BMI088_accel_read_over  bmi088driver.o
    0x0800081c   0x0800081c   0x00000002   Code   RO         2168    .text.BMI088_com_init  bmi088middleware.o
    0x0800081e   0x0800081e   0x00000002   PAD
    0x08000820   0x08000820   0x00000004   Code   RO         2170    .text.BMI088_delay_ms  bmi088middleware.o
    0x08000824   0x08000824   0x00000004   Code   RO         2172    .text.BMI088_delay_us  bmi088middleware.o
    0x08000828   0x08000828   0x0000004e   Code   RO         2142    .text.BMI088_gyro_read_over  bmi088driver.o
    0x08000876   0x08000876   0x00000002   PAD
    0x08000878   0x08000878   0x00000030   Code   RO         2124    .text.BMI088_init   bmi088driver.o
    0x080008a8   0x080008a8   0x0000019c   Code   RO         2144    .text.BMI088_read   bmi088driver.o
    0x08000a44   0x08000a44   0x0000002e   Code   RO         2182    .text.BMI088_read_write_byte  bmi088middleware.o
    0x08000a72   0x08000a72   0x00000002   PAD
    0x08000a74   0x08000a74   0x0000003a   Code   RO         2138    .text.BMI088_temperature_read_over  bmi088driver.o
    0x08000aae   0x08000aae   0x00000002   PAD
    0x08000ab0   0x08000ab0   0x00000002   Code   RO          160    .text.BusFault_Handler  stm32f4xx_it.o
    0x08000ab2   0x08000ab2   0x00000002   PAD
    0x08000ab4   0x08000ab4   0x0000000c   Code   RO          172    .text.CAN1_RX0_IRQHandler  stm32f4xx_it.o
    0x08000ac0   0x08000ac0   0x00000054   Code   RO         2001    .text.CAN_CMD_BASE  bsp_can.o
    0x08000b14   0x08000b14   0x00000050   Code   RO         2019    .text.CAN_Speed_SendCmd  bsp_can.o
    0x08000b64   0x08000b64   0x00000004   Code   RO         2400    .text.CDC_Control_FS  usbd_cdc_if.o
    0x08000b68   0x08000b68   0x00000004   Code   RO         2398    .text.CDC_DeInit_FS  usbd_cdc_if.o
    0x08000b6c   0x08000b6c   0x0000002c   Code   RO         2396    .text.CDC_Init_FS   usbd_cdc_if.o
    0x08000b98   0x08000b98   0x0000001c   Code   RO         2402    .text.CDC_Receive_FS  usbd_cdc_if.o
    0x08000bb4   0x08000bb4   0x00000004   Code   RO         2404    .text.CDC_TransmitCplt_FS  usbd_cdc_if.o
    0x08000bb8   0x08000bb8   0x00000034   Code   RO         2238    .text.DM4310_Disable  can_receive.o
    0x08000bec   0x08000bec   0x00000034   Code   RO         2236    .text.DM4310_Enable  can_receive.o
    0x08000c20   0x08000c20   0x0000003e   Code   RO         2240    .text.DM4310_SetMode  can_receive.o
    0x08000c5e   0x08000c5e   0x00000002   PAD
    0x08000c60   0x08000c60   0x00000016   Code   RO          178    .text.DMA2_Stream2_IRQHandler  stm32f4xx_it.o
    0x08000c76   0x08000c76   0x00000002   PAD
    0x08000c78   0x08000c78   0x0000049c   Code   RO         2315    .text.DMA2_Stream2_IRQHandler_1  ins_task.o
    0x08001114   0x08001114   0x0000000c   Code   RO          180    .text.DMA2_Stream3_IRQHandler  stm32f4xx_it.o
    0x08001120   0x08001120   0x00000002   Code   RO          164    .text.DebugMon_Handler  stm32f4xx_it.o
    0x08001122   0x08001122   0x00000002   PAD
    0x08001124   0x08001124   0x00000006   Code   RO          166    .text.EXTI0_IRQHandler  stm32f4xx_it.o
    0x0800112a   0x0800112a   0x00000002   PAD
    0x0800112c   0x0800112c   0x00000006   Code   RO          168    .text.EXTI3_IRQHandler  stm32f4xx_it.o
    0x08001132   0x08001132   0x00000002   PAD
    0x08001134   0x08001134   0x00000006   Code   RO          170    .text.EXTI4_IRQHandler  stm32f4xx_it.o
    0x0800113a   0x0800113a   0x00000002   PAD
    0x0800113c   0x0800113c   0x00000006   Code   RO          174    .text.EXTI9_5_IRQHandler  stm32f4xx_it.o
    0x08001142   0x08001142   0x00000002   PAD
    0x08001144   0x08001144   0x00000006   Code   RO           15    .text.Error_Handler  main.o
    0x0800114a   0x0800114a   0x00000002   PAD
    0x0800114c   0x0800114c   0x0000013c   Code   RO         1159    .text.HAL_ADC_ConfigChannel  stm32f4xx_hal_adc.o
    0x08001288   0x08001288   0x0000015c   Code   RO         1117    .text.HAL_ADC_Init  stm32f4xx_hal_adc.o
    0x080013e4   0x080013e4   0x0000006e   Code   RO           61    .text.HAL_ADC_MspInit  adc.o
    0x08001452   0x08001452   0x00000002   PAD
    0x08001454   0x08001454   0x0000002e   Code   RO         1247    .text.HAL_CAN_ActivateNotification  stm32f4xx_hal_can.o
    0x08001482   0x08001482   0x00000002   PAD
    0x08001484   0x08001484   0x000000a4   Code   RO         1233    .text.HAL_CAN_AddTxMessage  stm32f4xx_hal_can.o
    0x08001528   0x08001528   0x000000de   Code   RO         1223    .text.HAL_CAN_ConfigFilter  stm32f4xx_hal_can.o
    0x08001606   0x08001606   0x00000002   PAD
    0x08001608   0x08001608   0x00000002   Code   RO         1277    .text.HAL_CAN_ErrorCallback  stm32f4xx_hal_can.o
    0x0800160a   0x0800160a   0x00000002   PAD
    0x0800160c   0x0800160c   0x0000012e   Code   RO         1243    .text.HAL_CAN_GetRxMessage  stm32f4xx_hal_can.o
    0x0800173a   0x0800173a   0x00000002   PAD
    0x0800173c   0x0800173c   0x0000025e   Code   RO         1251    .text.HAL_CAN_IRQHandler  stm32f4xx_hal_can.o
    0x0800199a   0x0800199a   0x00000002   PAD
    0x0800199c   0x0800199c   0x000000f4   Code   RO         1213    .text.HAL_CAN_Init  stm32f4xx_hal_can.o
    0x08001a90   0x08001a90   0x0000012e   Code   RO           78    .text.HAL_CAN_MspInit  can.o
    0x08001bbe   0x08001bbe   0x00000002   PAD
    0x08001bc0   0x08001bc0   0x00000002   Code   RO         1265    .text.HAL_CAN_RxFifo0FullCallback  stm32f4xx_hal_can.o
    0x08001bc2   0x08001bc2   0x00000006   PAD
    0x08001bc8   0x08001bc8   0x00000134   Code   RO         2234    .text.HAL_CAN_RxFifo0MsgPendingCallback  can_receive.o
    0x08001cfc   0x08001cfc   0x00000002   Code   RO         1269    .text.HAL_CAN_RxFifo1FullCallback  stm32f4xx_hal_can.o
    0x08001cfe   0x08001cfe   0x00000002   PAD
    0x08001d00   0x08001d00   0x00000002   Code   RO         1271    .text.HAL_CAN_RxFifo1MsgPendingCallback  stm32f4xx_hal_can.o
    0x08001d02   0x08001d02   0x00000002   PAD
    0x08001d04   0x08001d04   0x00000002   Code   RO         1273    .text.HAL_CAN_SleepCallback  stm32f4xx_hal_can.o
    0x08001d06   0x08001d06   0x00000002   PAD
    0x08001d08   0x08001d08   0x0000005a   Code   RO         1225    .text.HAL_CAN_Start  stm32f4xx_hal_can.o
    0x08001d62   0x08001d62   0x00000002   PAD
    0x08001d64   0x08001d64   0x00000002   Code   RO         1255    .text.HAL_CAN_TxMailbox0AbortCallback  stm32f4xx_hal_can.o
    0x08001d66   0x08001d66   0x00000002   PAD
    0x08001d68   0x08001d68   0x00000002   Code   RO         1253    .text.HAL_CAN_TxMailbox0CompleteCallback  stm32f4xx_hal_can.o
    0x08001d6a   0x08001d6a   0x00000002   PAD
    0x08001d6c   0x08001d6c   0x00000002   Code   RO         1259    .text.HAL_CAN_TxMailbox1AbortCallback  stm32f4xx_hal_can.o
    0x08001d6e   0x08001d6e   0x00000002   PAD
    0x08001d70   0x08001d70   0x00000002   Code   RO         1257    .text.HAL_CAN_TxMailbox1CompleteCallback  stm32f4xx_hal_can.o
    0x08001d72   0x08001d72   0x00000002   PAD
    0x08001d74   0x08001d74   0x00000002   Code   RO         1263    .text.HAL_CAN_TxMailbox2AbortCallback  stm32f4xx_hal_can.o
    0x08001d76   0x08001d76   0x00000002   PAD
    0x08001d78   0x08001d78   0x00000002   Code   RO         1261    .text.HAL_CAN_TxMailbox2CompleteCallback  stm32f4xx_hal_can.o
    0x08001d7a   0x08001d7a   0x00000002   PAD
    0x08001d7c   0x08001d7c   0x00000002   Code   RO         1275    .text.HAL_CAN_WakeUpFromRxMsgCallback  stm32f4xx_hal_can.o
    0x08001d7e   0x08001d7e   0x00000002   PAD
    0x08001d80   0x08001d80   0x000001c4   Code   RO          894    .text.HAL_DMA_IRQHandler  stm32f4xx_hal_dma.o
    0x08001f44   0x08001f44   0x00000162   Code   RO          880    .text.HAL_DMA_Init  stm32f4xx_hal_dma.o
    0x080020a6   0x080020a6   0x00000002   PAD
    0x080020a8   0x080020a8   0x00000028   Code   RO         1047    .text.HAL_Delay     stm32f4xx_hal.o
    0x080020d0   0x080020d0   0x000000da   Code   RO         2311    .text.HAL_GPIO_EXTI_Callback  ins_task.o
    0x080021aa   0x080021aa   0x00000002   PAD
    0x080021ac   0x080021ac   0x00000016   Code   RO          854    .text.HAL_GPIO_EXTI_IRQHandler  stm32f4xx_hal_gpio.o
    0x080021c2   0x080021c2   0x00000002   PAD
    0x080021c4   0x080021c4   0x0000019e   Code   RO          842    .text.HAL_GPIO_Init  stm32f4xx_hal_gpio.o
    0x08002362   0x08002362   0x00000002   PAD
    0x08002364   0x08002364   0x0000000a   Code   RO          848    .text.HAL_GPIO_WritePin  stm32f4xx_hal_gpio.o
    0x0800236e   0x0800236e   0x00000002   PAD
    0x08002370   0x08002370   0x0000000c   Code   RO         1039    .text.HAL_GetTick   stm32f4xx_hal.o
    0x0800237c   0x0800237c   0x00000164   Code   RO         1293    .text.HAL_I2C_Init  stm32f4xx_hal_i2c.o
    0x080024e0   0x080024e0   0x00000258   Code   RO         1341    .text.HAL_I2C_Mem_Read  stm32f4xx_hal_i2c.o
    0x08002738   0x08002738   0x0000015c   Code   RO         1337    .text.HAL_I2C_Mem_Write  stm32f4xx_hal_i2c.o
    0x08002894   0x08002894   0x000000b4   Code   RO          104    .text.HAL_I2C_MspInit  i2c.o
    0x08002948   0x08002948   0x0000001a   Code   RO         1037    .text.HAL_IncTick   stm32f4xx_hal.o
    0x08002962   0x08002962   0x00000002   PAD
    0x08002964   0x08002964   0x00000036   Code   RO         1027    .text.HAL_Init      stm32f4xx_hal.o
    0x0800299a   0x0800299a   0x00000002   PAD
    0x0800299c   0x0800299c   0x000000ae   Code   RO          200    .text.HAL_InitTick  stm32f4xx_hal_timebase_tim.o
    0x08002a4a   0x08002a4a   0x00000002   PAD
    0x08002a4c   0x08002a4c   0x00000042   Code   RO          191    .text.HAL_MspInit   stm32f4xx_hal_msp.o
    0x08002a8e   0x08002a8e   0x00000002   PAD
    0x08002a90   0x08002a90   0x00000022   Code   RO          979    .text.HAL_NVIC_EnableIRQ  stm32f4xx_hal_cortex.o
    0x08002ab2   0x08002ab2   0x00000002   PAD
    0x08002ab4   0x08002ab4   0x00000056   Code   RO          977    .text.HAL_NVIC_SetPriority  stm32f4xx_hal_cortex.o
    0x08002b0a   0x08002b0a   0x00000002   PAD
    0x08002b0c   0x08002b0c   0x00000020   Code   RO          975    .text.HAL_NVIC_SetPriorityGrouping  stm32f4xx_hal_cortex.o
    0x08002b2c   0x08002b2c   0x00000002   Code   RO          616    .text.HAL_PCDEx_LPM_Callback  stm32f4xx_hal_pcd_ex.o
    0x08002b2e   0x08002b2e   0x00000002   PAD
    0x08002b30   0x08002b30   0x00000008   Code   RO          614    .text.HAL_PCDEx_SetRxFiFo  stm32f4xx_hal_pcd_ex.o
    0x08002b38   0x08002b38   0x000000ce   Code   RO          612    .text.HAL_PCDEx_SetTxFiFo  stm32f4xx_hal_pcd_ex.o
    0x08002c06   0x08002c06   0x00000002   PAD
    0x08002c08   0x08002c08   0x00000008   Code   RO         2441    .text.HAL_PCD_ConnectCallback  usbd_conf.o
    0x08002c10   0x08002c10   0x00000014   Code   RO         2427    .text.HAL_PCD_DataInStageCallback  usbd_conf.o
    0x08002c24   0x08002c24   0x00000016   Code   RO         2425    .text.HAL_PCD_DataOutStageCallback  usbd_conf.o
    0x08002c3a   0x08002c3a   0x00000002   PAD
    0x08002c3c   0x08002c3c   0x00000008   Code   RO         2443    .text.HAL_PCD_DisconnectCallback  usbd_conf.o
    0x08002c44   0x08002c44   0x00000050   Code   RO          582    .text.HAL_PCD_EP_Close  stm32f4xx_hal_pcd.o
    0x08002c94   0x08002c94   0x0000005e   Code   RO          592    .text.HAL_PCD_EP_ClrStall  stm32f4xx_hal_pcd.o
    0x08002cf2   0x08002cf2   0x00000002   PAD
    0x08002cf4   0x08002cf4   0x00000012   Code   RO          586    .text.HAL_PCD_EP_GetRxCount  stm32f4xx_hal_pcd.o
    0x08002d06   0x08002d06   0x00000002   PAD
    0x08002d08   0x08002d08   0x00000074   Code   RO          580    .text.HAL_PCD_EP_Open  stm32f4xx_hal_pcd.o
    0x08002d7c   0x08002d7c   0x00000042   Code   RO          584    .text.HAL_PCD_EP_Receive  stm32f4xx_hal_pcd.o
    0x08002dbe   0x08002dbe   0x00000002   PAD
    0x08002dc0   0x08002dc0   0x0000006e   Code   RO          590    .text.HAL_PCD_EP_SetStall  stm32f4xx_hal_pcd.o
    0x08002e2e   0x08002e2e   0x00000002   PAD
    0x08002e30   0x08002e30   0x0000003a   Code   RO          588    .text.HAL_PCD_EP_Transmit  stm32f4xx_hal_pcd.o
    0x08002e6a   0x08002e6a   0x00000002   PAD
    0x08002e6c   0x08002e6c   0x000008fe   Code   RO          546    .text.HAL_PCD_IRQHandler  stm32f4xx_hal_pcd.o
    0x0800376a   0x0800376a   0x00000002   PAD
    0x0800376c   0x0800376c   0x00000008   Code   RO         2439    .text.HAL_PCD_ISOINIncompleteCallback  usbd_conf.o
    0x08003774   0x08003774   0x00000008   Code   RO         2437    .text.HAL_PCD_ISOOUTIncompleteCallback  usbd_conf.o
    0x0800377c   0x0800377c   0x0000026e   Code   RO          534    .text.HAL_PCD_Init  stm32f4xx_hal_pcd.o
    0x080039ea   0x080039ea   0x00000002   PAD
    0x080039ec   0x080039ec   0x00000088   Code   RO         2419    .text.HAL_PCD_MspInit  usbd_conf.o
    0x08003a74   0x08003a74   0x0000002a   Code   RO         2431    .text.HAL_PCD_ResetCallback  usbd_conf.o
    0x08003a9e   0x08003a9e   0x00000002   PAD
    0x08003aa0   0x08003aa0   0x00000008   Code   RO         2435    .text.HAL_PCD_ResumeCallback  usbd_conf.o
    0x08003aa8   0x08003aa8   0x00000008   Code   RO         2429    .text.HAL_PCD_SOFCallback  usbd_conf.o
    0x08003ab0   0x08003ab0   0x00000028   Code   RO          578    .text.HAL_PCD_SetAddress  stm32f4xx_hal_pcd.o
    0x08003ad8   0x08003ad8   0x0000000e   Code   RO         2423    .text.HAL_PCD_SetupStageCallback  usbd_conf.o
    0x08003ae6   0x08003ae6   0x00000002   PAD
    0x08003ae8   0x08003ae8   0x0000003e   Code   RO          542    .text.HAL_PCD_Start  stm32f4xx_hal_pcd.o
    0x08003b26   0x08003b26   0x00000002   PAD
    0x08003b28   0x08003b28   0x00000034   Code   RO         2433    .text.HAL_PCD_SuspendCallback  usbd_conf.o
    0x08003b5c   0x08003b5c   0x00000164   Code   RO          736    .text.HAL_RCC_ClockConfig  stm32f4xx_hal_rcc.o
    0x08003cc0   0x08003cc0   0x0000003e   Code   RO          754    .text.HAL_RCC_GetClockConfig  stm32f4xx_hal_rcc.o
    0x08003cfe   0x08003cfe   0x00000002   PAD
    0x08003d00   0x08003d00   0x0000000c   Code   RO          746    .text.HAL_RCC_GetHCLKFreq  stm32f4xx_hal_rcc.o
    0x08003d0c   0x08003d0c   0x00000026   Code   RO          748    .text.HAL_RCC_GetPCLK1Freq  stm32f4xx_hal_rcc.o
    0x08003d32   0x08003d32   0x00000002   PAD
    0x08003d34   0x08003d34   0x0000006e   Code   RO          738    .text.HAL_RCC_GetSysClockFreq  stm32f4xx_hal_rcc.o
    0x08003da2   0x08003da2   0x00000002   PAD
    0x08003da4   0x08003da4   0x000003ac   Code   RO          734    .text.HAL_RCC_OscConfig  stm32f4xx_hal_rcc.o
    0x08004150   0x08004150   0x000000b0   Code   RO         1432    .text.HAL_SPI_Init  stm32f4xx_hal_spi.o
    0x08004200   0x08004200   0x00000136   Code   RO          119    .text.HAL_SPI_MspInit  spi.o
    0x08004336   0x08004336   0x00000002   PAD
    0x08004338   0x08004338   0x00000340   Code   RO         1444    .text.HAL_SPI_TransmitReceive  stm32f4xx_hal_spi.o
    0x08004678   0x08004678   0x00000002   Code   RO          520    .text.HAL_TIMEx_BreakCallback  stm32f4xx_hal_tim_ex.o
    0x0800467a   0x0800467a   0x00000002   PAD
    0x0800467c   0x0800467c   0x00000002   Code   RO          516    .text.HAL_TIMEx_CommutCallback  stm32f4xx_hal_tim_ex.o
    0x0800467e   0x0800467e   0x00000002   PAD
    0x08004680   0x08004680   0x000000ba   Code   RO          510    .text.HAL_TIMEx_MasterConfigSynchronization  stm32f4xx_hal_tim_ex.o
    0x0800473a   0x0800473a   0x00000002   PAD
    0x0800473c   0x0800473c   0x0000005a   Code   RO          215    .text.HAL_TIM_Base_Init  stm32f4xx_hal_tim.o
    0x08004796   0x08004796   0x00000002   PAD
    0x08004798   0x08004798   0x00000062   Code   RO          140    .text.HAL_TIM_Base_MspInit  tim.o
    0x080047fa   0x080047fa   0x00000002   PAD
    0x080047fc   0x080047fc   0x000000aa   Code   RO          229    .text.HAL_TIM_Base_Start_IT  stm32f4xx_hal_tim.o
    0x080048a6   0x080048a6   0x00000002   PAD
    0x080048a8   0x080048a8   0x000001a0   Code   RO          395    .text.HAL_TIM_ConfigClockSource  stm32f4xx_hal_tim.o
    0x08004a48   0x08004a48   0x00000002   Code   RO          351    .text.HAL_TIM_IC_CaptureCallback  stm32f4xx_hal_tim.o
    0x08004a4a   0x08004a4a   0x00000002   PAD
    0x08004a4c   0x08004a4c   0x0000014e   Code   RO          349    .text.HAL_TIM_IRQHandler  stm32f4xx_hal_tim.o
    0x08004b9a   0x08004b9a   0x00000002   PAD
    0x08004b9c   0x08004b9c   0x000001b4   Code   RO          361    .text.HAL_TIM_OC_ConfigChannel  stm32f4xx_hal_tim.o
    0x08004d50   0x08004d50   0x00000002   Code   RO          353    .text.HAL_TIM_OC_DelayElapsedCallback  stm32f4xx_hal_tim.o
    0x08004d52   0x08004d52   0x00000002   PAD
    0x08004d54   0x08004d54   0x0000005a   Code   RO          243    .text.HAL_TIM_OC_Init  stm32f4xx_hal_tim.o
    0x08004dae   0x08004dae   0x00000002   PAD
    0x08004db0   0x08004db0   0x00000002   Code   RO          245    .text.HAL_TIM_OC_MspInit  stm32f4xx_hal_tim.o
    0x08004db2   0x08004db2   0x00000002   PAD
    0x08004db4   0x08004db4   0x00000220   Code   RO          369    .text.HAL_TIM_PWM_ConfigChannel  stm32f4xx_hal_tim.o
    0x08004fd4   0x08004fd4   0x0000005a   Code   RO          269    .text.HAL_TIM_PWM_Init  stm32f4xx_hal_tim.o
    0x0800502e   0x0800502e   0x00000002   PAD
    0x08005030   0x08005030   0x00000002   Code   RO          271    .text.HAL_TIM_PWM_MspInit  stm32f4xx_hal_tim.o
    0x08005032   0x08005032   0x00000002   PAD
    0x08005034   0x08005034   0x00000002   Code   RO          355    .text.HAL_TIM_PWM_PulseFinishedCallback  stm32f4xx_hal_tim.o
    0x08005036   0x08005036   0x00000002   PAD
    0x08005038   0x08005038   0x0000000e   Code   RO           17    .text.HAL_TIM_PeriodElapsedCallback  main.o
    0x08005046   0x08005046   0x00000002   PAD
    0x08005048   0x08005048   0x00000002   Code   RO          359    .text.HAL_TIM_TriggerCallback  stm32f4xx_hal_tim.o
    0x0800504a   0x0800504a   0x00000002   PAD
    0x0800504c   0x0800504c   0x00000002   Code   RO          156    .text.HardFault_Handler  stm32f4xx_it.o
    0x0800504e   0x0800504e   0x00000002   PAD
    0x08005050   0x08005050   0x00000112   Code   RO         1343    .text.I2C_RequestMemoryRead  stm32f4xx_hal_i2c.o
    0x08005162   0x08005162   0x00000002   PAD
    0x08005164   0x08005164   0x000000c8   Code   RO         1339    .text.I2C_RequestMemoryWrite  stm32f4xx_hal_i2c.o
    0x0800522c   0x0800522c   0x000000ba   Code   RO         1307    .text.I2C_WaitOnBTFFlagUntilTimeout  stm32f4xx_hal_i2c.o
    0x080052e6   0x080052e6   0x00000002   PAD
    0x080052e8   0x080052e8   0x000001ca   Code   RO         1303    .text.I2C_WaitOnFlagUntilTimeout  stm32f4xx_hal_i2c.o
    0x080054b2   0x080054b2   0x00000002   PAD
    0x080054b4   0x080054b4   0x000000d6   Code   RO         1421    .text.I2C_WaitOnMasterAddressFlagUntilTimeout  stm32f4xx_hal_i2c.o
    0x0800558a   0x0800558a   0x00000002   PAD
    0x0800558c   0x0800558c   0x00000090   Code   RO         1311    .text.I2C_WaitOnRXNEFlagUntilTimeout  stm32f4xx_hal_i2c.o
    0x0800561c   0x0800561c   0x000000ba   Code   RO         1305    .text.I2C_WaitOnTXEFlagUntilTimeout  stm32f4xx_hal_i2c.o
    0x080056d6   0x080056d6   0x00000002   PAD
    0x080056d8   0x080056d8   0x00000508   Code   RO         2291    .text.INS_Task      ins_task.o
    0x08005be0   0x08005be0   0x0000006c   Code   RO           59    .text.MX_ADC3_Init  adc.o
    0x08005c4c   0x08005c4c   0x00000040   Code   RO           74    .text.MX_CAN1_Init  can.o
    0x08005c8c   0x08005c8c   0x00000040   Code   RO           76    .text.MX_CAN2_Init  can.o
    0x08005ccc   0x08005ccc   0x00000048   Code   RO           93    .text.MX_DMA_Init   dma.o
    0x08005d14   0x08005d14   0x000000cc   Code   RO           39    .text.MX_FREERTOS_Init  freertos.o
    0x08005de0   0x08005de0   0x0000018a   Code   RO           28    .text.MX_GPIO_Init  gpio.o
    0x08005f6a   0x08005f6a   0x00000002   PAD
    0x08005f6c   0x08005f6c   0x00000042   Code   RO          102    .text.MX_I2C3_Init  i2c.o
    0x08005fae   0x08005fae   0x00000002   PAD
    0x08005fb0   0x08005fb0   0x00000052   Code   RO          117    .text.MX_SPI1_Init  spi.o
    0x08006002   0x08006002   0x00000002   PAD
    0x08006004   0x08006004   0x000000f6   Code   RO          138    .text.MX_TIM10_Init  tim.o
    0x080060fa   0x080060fa   0x00000002   PAD
    0x080060fc   0x080060fc   0x00000186   Code   RO          134    .text.MX_TIM5_Init  tim.o
    0x08006282   0x08006282   0x00000002   PAD
    0x08006284   0x08006284   0x00000072   Code   RO         2360    .text.MX_USB_DEVICE_Init  usb_device.o
    0x080062f6   0x080062f6   0x00000002   PAD
    0x080062f8   0x080062f8   0x00000002   Code   RO          158    .text.MemManage_Handler  stm32f4xx_it.o
    0x080062fa   0x080062fa   0x00000002   PAD
    0x080062fc   0x080062fc   0x00000002   Code   RO          154    .text.NMI_Handler   stm32f4xx_it.o
    0x080062fe   0x080062fe   0x00000002   PAD
    0x08006300   0x08006300   0x0000000c   Code   RO          182    .text.OTG_FS_IRQHandler  stm32f4xx_it.o
    0x0800630c   0x0800630c   0x0000016c   Code   RO         1987    .text.PID_calc      pid.o
    0x08006478   0x08006478   0x0000002e   Code   RO         1985    .text.PID_init      pid.o
    0x080064a6   0x080064a6   0x0000000a   PAD
    0x080064b0   0x080064b0   0x00000064   Code   RO         1969    .text.PendSV_Handler  port.o
    0x08006514   0x08006514   0x00000b98   Code   RO         2039    .text.SPI1_DMA_enable  bsp_spi.o
    0x080070ac   0x080070ac   0x00000132   Code   RO         2037    .text.SPI1_DMA_init  bsp_spi.o
    0x080071de   0x080071de   0x00000002   PAD
    0x080071e0   0x080071e0   0x00000124   Code   RO         1536    .text.SPI_WaitFlagStateUntilTimeout  stm32f4xx_hal_spi.o
    0x08007304   0x08007304   0x0000000c   PAD
    0x08007310   0x08007310   0x00000024   Code   RO         1953    .text.SVC_Handler   port.o
    0x08007334   0x08007334   0x0000000c   Code   RO           41    .text.StartDefaultTask  freertos.o
    0x08007340   0x08007340   0x0000002e   Code   RO         1971    .text.SysTick_Handler  port.o
    0x0800736e   0x0800736e   0x00000002   PAD
    0x08007370   0x08007370   0x000000ac   Code   RO           13    .text.SystemClock_Config  main.o
    0x0800741c   0x0800741c   0x00000012   Code   RO         1546    .text.SystemInit    system_stm32f4xx.o
    0x0800742e   0x0800742e   0x00000002   PAD
    0x08007430   0x08007430   0x0000000c   Code   RO          176    .text.TIM2_IRQHandler  stm32f4xx_it.o
    0x0800743c   0x0800743c   0x0000013a   Code   RO          219    .text.TIM_Base_SetConfig  stm32f4xx_hal_tim.o
    0x08007576   0x08007576   0x00000002   PAD
    0x08007578   0x08007578   0x00000288   Code   RO         2337    .text.Try_Try       try_try.o
    0x08007800   0x08007800   0x00000078   Code   RO         2598    .text.USBD_CDC_DataIn  usbd_cdc.o
    0x08007878   0x08007878   0x0000003c   Code   RO         2600    .text.USBD_CDC_DataOut  usbd_cdc.o
    0x080078b4   0x080078b4   0x00000060   Code   RO         2592    .text.USBD_CDC_DeInit  usbd_cdc.o
    0x08007914   0x08007914   0x00000038   Code   RO         2596    .text.USBD_CDC_EP0_RxReady  usbd_cdc.o
    0x0800794c   0x0800794c   0x00000010   Code   RO         2608    .text.USBD_CDC_GetDeviceQualifierDescriptor  usbd_cdc.o
    0x0800795c   0x0800795c   0x00000052   Code   RO         2604    .text.USBD_CDC_GetFSCfgDesc  usbd_cdc.o
    0x080079ae   0x080079ae   0x00000002   PAD
    0x080079b0   0x080079b0   0x00000056   Code   RO         2602    .text.USBD_CDC_GetHSCfgDesc  usbd_cdc.o
    0x08007a06   0x08007a06   0x00000002   PAD
    0x08007a08   0x08007a08   0x00000052   Code   RO         2606    .text.USBD_CDC_GetOtherSpeedCfgDesc  usbd_cdc.o
    0x08007a5a   0x08007a5a   0x00000002   PAD
    0x08007a5c   0x08007a5c   0x000000c8   Code   RO         2590    .text.USBD_CDC_Init  usbd_cdc.o
    0x08007b24   0x08007b24   0x00000034   Code   RO         2618    .text.USBD_CDC_ReceivePacket  usbd_cdc.o
    0x08007b58   0x08007b58   0x00000018   Code   RO         2610    .text.USBD_CDC_RegisterInterface  usbd_cdc.o
    0x08007b70   0x08007b70   0x0000001a   Code   RO         2614    .text.USBD_CDC_SetRxBuffer  usbd_cdc.o
    0x08007b8a   0x08007b8a   0x00000002   PAD
    0x08007b8c   0x08007b8c   0x0000001e   Code   RO         2612    .text.USBD_CDC_SetTxBuffer  usbd_cdc.o
    0x08007baa   0x08007baa   0x00000002   PAD
    0x08007bac   0x08007bac   0x000000e8   Code   RO         2594    .text.USBD_CDC_Setup  usbd_cdc.o
    0x08007c94   0x08007c94   0x00000012   Code   RO         2505    .text.USBD_ClrClassConfig  usbd_core.o
    0x08007ca6   0x08007ca6   0x00000002   PAD
    0x08007ca8   0x08007ca8   0x00000004   Code   RO         2513    .text.USBD_CoreFindEP  usbd_core.o
    0x08007cac   0x08007cac   0x00000004   Code   RO         2511    .text.USBD_CoreFindIF  usbd_core.o
    0x08007cb0   0x08007cb0   0x00000010   Code   RO         2574    .text.USBD_CtlContinueRx  usbd_ioreq.o
    0x08007cc0   0x08007cc0   0x00000010   Code   RO         2570    .text.USBD_CtlContinueSendData  usbd_ioreq.o
    0x08007cd0   0x08007cd0   0x00000016   Code   RO         2549    .text.USBD_CtlError  usbd_ctlreq.o
    0x08007ce6   0x08007ce6   0x00000002   PAD
    0x08007ce8   0x08007ce8   0x0000001e   Code   RO         2572    .text.USBD_CtlPrepareRx  usbd_ioreq.o
    0x08007d06   0x08007d06   0x00000002   PAD
    0x08007d08   0x08007d08   0x00000016   Code   RO         2578    .text.USBD_CtlReceiveStatus  usbd_ioreq.o
    0x08007d1e   0x08007d1e   0x00000002   PAD
    0x08007d20   0x08007d20   0x0000001c   Code   RO         2568    .text.USBD_CtlSendData  usbd_ioreq.o
    0x08007d3c   0x08007d3c   0x00000016   Code   RO         2576    .text.USBD_CtlSendStatus  usbd_ioreq.o
    0x08007d52   0x08007d52   0x00000002   PAD
    0x08007d54   0x08007d54   0x00000024   Code   RO         2379    .text.USBD_FS_ConfigStrDescriptor  usbd_desc.o
    0x08007d78   0x08007d78   0x0000000e   Code   RO         2369    .text.USBD_FS_DeviceDescriptor  usbd_desc.o
    0x08007d86   0x08007d86   0x00000002   PAD
    0x08007d88   0x08007d88   0x00000028   Code   RO         2381    .text.USBD_FS_InterfaceStrDescriptor  usbd_desc.o
    0x08007db0   0x08007db0   0x0000000e   Code   RO         2371    .text.USBD_FS_LangIDStrDescriptor  usbd_desc.o
    0x08007dbe   0x08007dbe   0x00000002   PAD
    0x08007dc0   0x08007dc0   0x0000001c   Code   RO         2373    .text.USBD_FS_ManufacturerStrDescriptor  usbd_desc.o
    0x08007ddc   0x08007ddc   0x00000030   Code   RO         2375    .text.USBD_FS_ProductStrDescriptor  usbd_desc.o
    0x08007e0c   0x08007e0c   0x00000170   Code   RO         2377    .text.USBD_FS_SerialStrDescriptor  usbd_desc.o
    0x08007f7c   0x08007f7c   0x00000084   Code   RO         2535    .text.USBD_GetEpDesc  usbd_core.o
    0x08008000   0x08008000   0x000000fe   Code   RO         2557    .text.USBD_GetString  usbd_ctlreq.o
    0x080080fe   0x080080fe   0x00000002   PAD
    0x08008100   0x08008100   0x0000002a   Code   RO         2491    .text.USBD_Init     usbd_core.o
    0x0800812a   0x0800812a   0x00000002   PAD
    0x0800812c   0x0800812c   0x00000022   Code   RO         2463    .text.USBD_LL_ClearStallEP  usbd_conf.o
    0x0800814e   0x0800814e   0x00000002   PAD
    0x08008150   0x08008150   0x00000022   Code   RO         2457    .text.USBD_LL_CloseEP  usbd_conf.o
    0x08008172   0x08008172   0x00000002   PAD
    0x08008174   0x08008174   0x000000ba   Code   RO         2515    .text.USBD_LL_DataInStage  usbd_core.o
    0x0800822e   0x0800822e   0x00000002   PAD
    0x08008230   0x08008230   0x0000007c   Code   RO         2509    .text.USBD_LL_DataOutStage  usbd_core.o
    0x080082ac   0x080082ac   0x00000004   Code   RO         2531    .text.USBD_LL_DevConnected  usbd_core.o
    0x080082b0   0x080082b0   0x00000022   Code   RO         2533    .text.USBD_LL_DevDisconnected  usbd_core.o
    0x080082d2   0x080082d2   0x00000002   PAD
    0x080082d4   0x080082d4   0x00000008   Code   RO         2473    .text.USBD_LL_GetRxDataSize  usbd_conf.o
    0x080082dc   0x080082dc   0x0000006e   Code   RO         2445    .text.USBD_LL_Init  usbd_conf.o
    0x0800834a   0x0800834a   0x00000002   PAD
    0x0800834c   0x0800834c   0x0000002a   Code   RO         2465    .text.USBD_LL_IsStallEP  usbd_conf.o
    0x08008376   0x08008376   0x00000002   PAD
    0x08008378   0x08008378   0x0000002c   Code   RO         2527    .text.USBD_LL_IsoINIncomplete  usbd_core.o
    0x080083a4   0x080083a4   0x0000002c   Code   RO         2529    .text.USBD_LL_IsoOUTIncomplete  usbd_core.o
    0x080083d0   0x080083d0   0x00000028   Code   RO         2455    .text.USBD_LL_OpenEP  usbd_conf.o
    0x080083f8   0x080083f8   0x00000022   Code   RO         2471    .text.USBD_LL_PrepareReceive  usbd_conf.o
    0x0800841a   0x0800841a   0x00000002   PAD
    0x0800841c   0x0800841c   0x00000062   Code   RO         2517    .text.USBD_LL_Reset  usbd_core.o
    0x0800847e   0x0800847e   0x00000002   PAD
    0x08008480   0x08008480   0x00000014   Code   RO         2523    .text.USBD_LL_Resume  usbd_core.o
    0x08008494   0x08008494   0x0000001e   Code   RO         2525    .text.USBD_LL_SOF   usbd_core.o
    0x080084b2   0x080084b2   0x00000002   PAD
    0x080084b4   0x080084b4   0x00000008   Code   RO         2519    .text.USBD_LL_SetSpeed  usbd_core.o
    0x080084bc   0x080084bc   0x00000022   Code   RO         2467    .text.USBD_LL_SetUSBAddress  usbd_conf.o
    0x080084de   0x080084de   0x00000002   PAD
    0x080084e0   0x080084e0   0x00000062   Code   RO         2507    .text.USBD_LL_SetupStage  usbd_core.o
    0x08008542   0x08008542   0x00000002   PAD
    0x08008544   0x08008544   0x00000022   Code   RO         2461    .text.USBD_LL_StallEP  usbd_conf.o
    0x08008566   0x08008566   0x00000002   PAD
    0x08008568   0x08008568   0x00000022   Code   RO         2451    .text.USBD_LL_Start  usbd_conf.o
    0x0800858a   0x0800858a   0x00000002   PAD
    0x0800858c   0x0800858c   0x0000001c   Code   RO         2521    .text.USBD_LL_Suspend  usbd_core.o
    0x080085a8   0x080085a8   0x00000022   Code   RO         2469    .text.USBD_LL_Transmit  usbd_conf.o
    0x080085ca   0x080085ca   0x00000002   PAD
    0x080085cc   0x080085cc   0x00000016   Code   RO         2555    .text.USBD_ParseSetupRequest  usbd_ctlreq.o
    0x080085e2   0x080085e2   0x00000002   PAD
    0x080085e4   0x080085e4   0x00000042   Code   RO         2495    .text.USBD_RegisterClass  usbd_core.o
    0x08008626   0x08008626   0x00000002   PAD
    0x08008628   0x08008628   0x00000010   Code   RO         2503    .text.USBD_SetClassConfig  usbd_core.o
    0x08008638   0x08008638   0x00000004   Code   RO         2497    .text.USBD_Start    usbd_core.o
    0x0800863c   0x0800863c   0x00000378   Code   RO         2547    .text.USBD_StdDevReq  usbd_ctlreq.o
    0x080089b4   0x080089b4   0x0000015c   Code   RO         2553    .text.USBD_StdEPReq  usbd_ctlreq.o
    0x08008b10   0x08008b10   0x00000070   Code   RO         2551    .text.USBD_StdItfReq  usbd_ctlreq.o
    0x08008b80   0x08008b80   0x00000002   Code   RO         2477    .text.USBD_static_free  usbd_conf.o
    0x08008b82   0x08008b82   0x00000002   PAD
    0x08008b84   0x08008b84   0x0000000a   Code   RO         2475    .text.USBD_static_malloc  usbd_conf.o
    0x08008b8e   0x08008b8e   0x00000002   PAD
    0x08008b90   0x08008b90   0x00000082   Code   RO          650    .text.USB_ActivateEndpoint  stm32f4xx_ll_usb.o
    0x08008c12   0x08008c12   0x00000002   PAD
    0x08008c14   0x08008c14   0x00000020   Code   RO          692    .text.USB_ActivateSetup  stm32f4xx_ll_usb.o
    0x08008c34   0x08008c34   0x00000276   Code   RO          628    .text.USB_CoreInit  stm32f4xx_ll_usb.o
    0x08008eaa   0x08008eaa   0x00000002   PAD
    0x08008eac   0x08008eac   0x00000082   Code   RO          654    .text.USB_DeactivateEndpoint  stm32f4xx_ll_usb.o
    0x08008f2e   0x08008f2e   0x00000002   PAD
    0x08008f30   0x08008f30   0x0000001e   Code   RO          674    .text.USB_DevConnect  stm32f4xx_ll_usb.o
    0x08008f4e   0x08008f4e   0x00000002   PAD
    0x08008f50   0x08008f50   0x0000001e   Code   RO          676    .text.USB_DevDisconnect  stm32f4xx_ll_usb.o
    0x08008f6e   0x08008f6e   0x00000002   PAD
    0x08008f70   0x08008f70   0x000004b6   Code   RO          640    .text.USB_DevInit   stm32f4xx_ll_usb.o
    0x08009426   0x08009426   0x00000002   PAD
    0x08009428   0x08009428   0x0000000e   Code   RO          634    .text.USB_DisableGlobalInt  stm32f4xx_ll_usb.o
    0x08009436   0x08009436   0x00000002   PAD
    0x08009438   0x08009438   0x0000005a   Code   RO          694    .text.USB_EP0_OutStart  stm32f4xx_ll_usb.o
    0x08009492   0x08009492   0x00000002   PAD
    0x08009494   0x08009494   0x00000052   Code   RO          668    .text.USB_EPClearStall  stm32f4xx_ll_usb.o
    0x080094e6   0x080094e6   0x00000002   PAD
    0x080094e8   0x080094e8   0x0000003e   Code   RO          666    .text.USB_EPSetStall  stm32f4xx_ll_usb.o
    0x08009526   0x08009526   0x00000002   PAD
    0x08009528   0x08009528   0x0000023a   Code   RO          658    .text.USB_EPStartXfer  stm32f4xx_ll_usb.o
    0x08009762   0x08009762   0x00000002   PAD
    0x08009764   0x08009764   0x0000010e   Code   RO          662    .text.USB_EPStopXfer  stm32f4xx_ll_usb.o
    0x08009872   0x08009872   0x00000002   PAD
    0x08009874   0x08009874   0x0000000e   Code   RO          632    .text.USB_EnableGlobalInt  stm32f4xx_ll_usb.o
    0x08009882   0x08009882   0x00000002   PAD
    0x08009884   0x08009884   0x000000be   Code   RO          644    .text.USB_FlushTxFifo  stm32f4xx_ll_usb.o
    0x08009942   0x08009942   0x00000002   PAD
    0x08009944   0x08009944   0x0000001a   Code   RO          648    .text.USB_GetDevSpeed  stm32f4xx_ll_usb.o
    0x0800995e   0x0800995e   0x00000002   PAD
    0x08009960   0x08009960   0x00000008   Code   RO          638    .text.USB_GetMode   stm32f4xx_ll_usb.o
    0x08009968   0x08009968   0x0000000e   Code   RO          684    .text.USB_ReadDevAllInEpInterrupt  stm32f4xx_ll_usb.o
    0x08009976   0x08009976   0x00000002   PAD
    0x08009978   0x08009978   0x0000000e   Code   RO          682    .text.USB_ReadDevAllOutEpInterrupt  stm32f4xx_ll_usb.o
    0x08009986   0x08009986   0x00000002   PAD
    0x08009988   0x08009988   0x00000024   Code   RO          688    .text.USB_ReadDevInEPInterrupt  stm32f4xx_ll_usb.o
    0x080099ac   0x080099ac   0x00000010   Code   RO          686    .text.USB_ReadDevOutEPInterrupt  stm32f4xx_ll_usb.o
    0x080099bc   0x080099bc   0x00000008   Code   RO          678    .text.USB_ReadInterrupts  stm32f4xx_ll_usb.o
    0x080099c4   0x080099c4   0x000000aa   Code   RO          664    .text.USB_ReadPacket  stm32f4xx_ll_usb.o
    0x08009a6e   0x08009a6e   0x00000002   PAD
    0x08009a70   0x08009a70   0x00000368   Code   RO          636    .text.USB_SetCurrentMode  stm32f4xx_ll_usb.o
    0x08009dd8   0x08009dd8   0x00000022   Code   RO          672    .text.USB_SetDevAddress  stm32f4xx_ll_usb.o
    0x08009dfa   0x08009dfa   0x00000002   PAD
    0x08009dfc   0x08009dfc   0x00000118   Code   RO          630    .text.USB_SetTurnaroundTime  stm32f4xx_ll_usb.o
    0x08009f14   0x08009f14   0x0000006a   Code   RO          660    .text.USB_WritePacket  stm32f4xx_ll_usb.o
    0x08009f7e   0x08009f7e   0x00000002   PAD
    0x08009f80   0x08009f80   0x00000002   Code   RO          162    .text.UsageFault_Handler  stm32f4xx_it.o
    0x08009f82   0x08009f82   0x00000002   PAD
    0x08009f84   0x08009f84   0x000002a0   Code   RO         2128    .text.bmi088_accel_init  bmi088driver.o
    0x0800a224   0x0800a224   0x00000470   Code   RO         2126    .text.bmi088_accel_self_test  bmi088driver.o
    0x0800a694   0x0800a694   0x00000218   Code   RO         2132    .text.bmi088_gyro_init  bmi088driver.o
    0x0800a8ac   0x0800a8ac   0x000001f4   Code   RO         2130    .text.bmi088_gyro_self_test  bmi088driver.o
    0x0800aaa0   0x0800aaa0   0x00000062   Code   RO         1999    .text.can_filter_init  bsp_can.o
    0x0800ab02   0x0800ab02   0x00000002   PAD
    0x0800ab04   0x0800ab04   0x00000034   Code   RO         2049    .text.delay_init    bsp_delay.o
    0x0800ab38   0x0800ab38   0x00000052   Code   RO         2051    .text.delay_us      bsp_delay.o
    0x0800ab8a   0x0800ab8a   0x00000002   PAD
    0x0800ab8c   0x0800ab8c   0x00000054   Code   RO         2276    .text.detect_hook   detect_task.o
    0x0800abe0   0x0800abe0   0x000001c2   Code   RO         2293    .text.imu_cali_slove  ins_task.o
    0x0800ada2   0x0800ada2   0x00000002   PAD
    0x0800ada4   0x0800ada4   0x00000146   Code   RO         2313    .text.imu_cmd_spi_dma  ins_task.o
    0x0800aeea   0x0800aeea   0x00000002   PAD
    0x0800aeec   0x0800aeec   0x0000000e   Code   RO         2029    .text.imu_pwm_set   bsp_imu_pwm.o
    0x0800aefa   0x0800aefa   0x00000002   PAD
    0x0800aefc   0x0800aefc   0x00000002   Code   RO         2206    .text.ist8310_GPIO_init  ist8310driver_middleware.o
    0x0800aefe   0x0800aefe   0x00000002   PAD
    0x0800af00   0x0800af00   0x00000030   Code   RO         2210    .text.ist8310_IIC_read_single_reg  ist8310driver_middleware.o
    0x0800af30   0x0800af30   0x00000030   Code   RO         2212    .text.ist8310_IIC_write_single_reg  ist8310driver_middleware.o
    0x0800af60   0x0800af60   0x00000010   Code   RO         2222    .text.ist8310_RST_H  ist8310driver_middleware.o
    0x0800af70   0x0800af70   0x00000010   Code   RO         2224    .text.ist8310_RST_L  ist8310driver_middleware.o
    0x0800af80   0x0800af80   0x00000002   Code   RO         2208    .text.ist8310_com_init  ist8310driver_middleware.o
    0x0800af82   0x0800af82   0x00000002   PAD
    0x0800af84   0x0800af84   0x00000004   Code   RO         2218    .text.ist8310_delay_ms  ist8310driver_middleware.o
    0x0800af88   0x0800af88   0x000000d2   Code   RO         2191    .text.ist8310_init  ist8310driver.o
    0x0800b05a   0x0800b05a   0x00000002   PAD
    0x0800b05c   0x0800b05c   0x0000003e   Code   RO           11    .text.main          main.o
    0x0800b09a   0x0800b09a   0x00000002   PAD
    0x0800b09c   0x0800b09c   0x00000010   Code   RO         1831    .text.osDelay       cmsis_os.o
    0x0800b0ac   0x0800b0ac   0x0000000a   Code   RO         1813    .text.osKernelStart  cmsis_os.o
    0x0800b0b6   0x0800b0b6   0x00000002   PAD
    0x0800b0b8   0x0800b0b8   0x0000005c   Code   RO         1819    .text.osThreadCreate  cmsis_os.o
    0x0800b114   0x0800b114   0x00000026   Code   RO         1751    .text.pcTaskGetName  tasks.o
    0x0800b13a   0x0800b13a   0x00000002   PAD
    0x0800b13c   0x0800b13c   0x0000007e   Code   RO         1719    .text.prvAddCurrentTaskToDelayedList  tasks.o
    0x0800b1ba   0x0800b1ba   0x00000002   PAD
    0x0800b1bc   0x0800b1bc   0x000000fc   Code   RO         1709    .text.prvAddNewTaskToReadyList  tasks.o
    0x0800b2b8   0x0800b2b8   0x00000086   Code   RO         1739    .text.prvIdleTask   tasks.o
    0x0800b33e   0x0800b33e   0x00000002   PAD
    0x0800b340   0x0800b340   0x000000f4   Code   RO         1707    .text.prvInitialiseNewTask  tasks.o
    0x0800b434   0x0800b434   0x00000028   Code   RO         1961    .text.prvPortStartFirstTask  port.o
    0x0800b45c   0x0800b45c   0x0000003e   Code   RO         1951    .text.prvTaskExitError  port.o
    0x0800b49a   0x0800b49a   0x00000002   PAD
    0x0800b49c   0x0800b49c   0x000001e8   Code   RO         1927    .text.pvPortMalloc  heap_4.o
    0x0800b684   0x0800b684   0x00000024   Code   RO         1949    .text.pxPortInitialiseStack  port.o
    0x0800b6a8   0x0800b6a8   0x00000068   Code   RO         1787    .text.ulTaskNotifyTake  tasks.o
    0x0800b710   0x0800b710   0x00000022   Code   RO         1598    .text.uxListRemove  list.o
    0x0800b732   0x0800b732   0x00000002   PAD
    0x0800b734   0x0800b734   0x0000001a   Code   RO           37    .text.vApplicationGetIdleTaskMemory  freertos.o
    0x0800b74e   0x0800b74e   0x00000002   PAD
    0x0800b750   0x0800b750   0x00000016   Code   RO         1590    .text.vListInitialise  list.o
    0x0800b766   0x0800b766   0x00000002   PAD
    0x0800b768   0x0800b768   0x00000006   Code   RO         1592    .text.vListInitialiseItem  list.o
    0x0800b76e   0x0800b76e   0x00000002   PAD
    0x0800b770   0x0800b770   0x00000062   Code   RO         1596    .text.vListInsert   list.o
    0x0800b7d2   0x0800b7d2   0x00000002   PAD
    0x0800b7d4   0x0800b7d4   0x0000001a   Code   RO         1594    .text.vListInsertEnd  list.o
    0x0800b7ee   0x0800b7ee   0x00000002   PAD
    0x0800b7f0   0x0800b7f0   0x00000014   Code   RO         1959    .text.vPortEnableVFP  port.o
    0x0800b804   0x0800b804   0x00000046   Code   RO         1965    .text.vPortEnterCritical  port.o
    0x0800b84a   0x0800b84a   0x00000002   PAD
    0x0800b84c   0x0800b84c   0x0000002e   Code   RO         1967    .text.vPortExitCritical  port.o
    0x0800b87a   0x0800b87a   0x00000002   PAD
    0x0800b87c   0x0800b87c   0x000000de   Code   RO         1929    .text.vPortFree     heap_4.o
    0x0800b95a   0x0800b95a   0x00000002   PAD
    0x0800b95c   0x0800b95c   0x00000034   Code   RO         1957    .text.vPortSetupTimerInterrupt  port.o
    0x0800b990   0x0800b990   0x0000005e   Code   RO         1973    .text.vPortValidateInterruptPriority  port.o
    0x0800b9ee   0x0800b9ee   0x00000002   PAD
    0x0800b9f0   0x0800b9f0   0x0000009e   Code   RO         1715    .text.vTaskDelay    tasks.o
    0x0800ba8e   0x0800ba8e   0x00000002   PAD
    0x0800ba90   0x0800ba90   0x000000c6   Code   RO         1795    .text.vTaskNotifyGiveFromISR  tasks.o
    0x0800bb56   0x0800bb56   0x00000002   PAD
    0x0800bb58   0x0800bb58   0x000000cc   Code   RO         1737    .text.vTaskStartScheduler  tasks.o
    0x0800bc24   0x0800bc24   0x00000010   Code   RO         1717    .text.vTaskSuspendAll  tasks.o
    0x0800bc34   0x0800bc34   0x0000006e   Code   RO         1731    .text.vTaskSwitchContext  tasks.o
    0x0800bca2   0x0800bca2   0x00000002   PAD
    0x0800bca4   0x0800bca4   0x00000188   Code   RO         1955    .text.xPortStartScheduler  port.o
    0x0800be2c   0x0800be2c   0x00000060   Code   RO         1711    .text.xTaskCreate   tasks.o
    0x0800be8c   0x0800be8c   0x00000076   Code   RO         1705    .text.xTaskCreateStatic  tasks.o
    0x0800bf02   0x0800bf02   0x00000002   PAD
    0x0800bf04   0x0800bf04   0x00000f1a   Code   RO         1753    .text.xTaskGetHandle  tasks.o
    0x0800ce1e   0x0800ce1e   0x00000002   PAD
    0x0800ce20   0x0800ce20   0x0000001e   Code   RO         1775    .text.xTaskGetSchedulerState  tasks.o
    0x0800ce3e   0x0800ce3e   0x00000002   PAD
    0x0800ce40   0x0800ce40   0x0000000c   Code   RO         1745    .text.xTaskGetTickCount  tasks.o
    0x0800ce4c   0x0800ce4c   0x00000106   Code   RO         1743    .text.xTaskIncrementTick  tasks.o
    0x0800cf52   0x0800cf52   0x00000002   PAD
    0x0800cf54   0x0800cf54   0x000000ea   Code   RO         1721    .text.xTaskResumeAll  tasks.o
    0x0800d03e   0x0800d03e   0x0000001a   Code   RO         2705    i.AHRS_fabs         AHRS.lib(ahrs.o)
    0x0800d058   0x0800d058   0x0000029c   Code   RO         2706    i.AHRS_init         AHRS.lib(ahrs.o)
    0x0800d2f4   0x0800d2f4   0x0000013a   Code   RO         2707    i.AHRS_update       AHRS.lib(ahrs.o)
    0x0800d42e   0x0800d42e   0x00000026   Code   RO         2960    i.__ARM_fpclassifyf  m_wm.l(fpclassifyf.o)
    0x0800d454   0x0800d454   0x0000012c   Code   RO         2906    i.__hardfp_asinf    m_wm.l(asinf.o)
    0x0800d580   0x0800d580   0x000002ac   Code   RO         2912    i.__hardfp_atan2f   m_wm.l(atan2f.o)
    0x0800d82c   0x0800d82c   0x00000006   Code   RO         2963    i.__mathlib_flt_infnan  m_wm.l(funder.o)
    0x0800d832   0x0800d832   0x00000006   Code   RO         2964    i.__mathlib_flt_infnan2  m_wm.l(funder.o)
    0x0800d838   0x0800d838   0x00000010   Code   RO         2965    i.__mathlib_flt_invalid  m_wm.l(funder.o)
    0x0800d848   0x0800d848   0x00000010   Code   RO         2968    i.__mathlib_flt_underflow  m_wm.l(funder.o)
    0x0800d858   0x0800d858   0x000001d0   Code   RO         2708    i.accel_comple_filter  AHRS.lib(ahrs.o)
    0x0800da28   0x0800da28   0x0000018c   Code   RO         2709    i.accel_update_kp_ki  AHRS.lib(ahrs.o)
    0x0800dbb4   0x0800dbb4   0x0000016c   Code   RO         2710    i.angle_to_quat     AHRS.lib(ahrs.o)
    0x0800dd20   0x0800dd20   0x000000e8   Code   RO         2711    i.get_angle         AHRS.lib(ahrs.o)
    0x0800de08   0x0800de08   0x00000084   Code   RO         2716    i.quat_normalization  AHRS.lib(ahrs.o)
    0x0800de8c   0x0800de8c   0x0000003e   Code   RO         2981    i.sqrtf             m_wm.l(sqrtf.o)
    0x0800deca   0x0800deca   0x0000007a   Code   RO         2717    i.update_w          AHRS.lib(ahrs.o)
    0x0800df44   0x0800df44   0x000002c4   Code   RO         2890    x$fpl$d2f           g_wm.l(d2f_clz.o)
    0x0800e208   0x0800e208   0x00000384   Code   RO         2893    x$fpl$ddiv          g_wm.l(ddiv_clz.o)
    0x0800e58c   0x0800e58c   0x0000001a   Code   RO         2937    x$fpl$dfltn         g_wm.l(dflt_clz.o)
    0x0800e5a6   0x0800e5a6   0x00000002   PAD
    0x0800e5a8   0x0800e5a8   0x000001c0   Code   RO         2896    x$fpl$dmul          g_wm.l(dmul_clz.o)
    0x0800e768   0x0800e768   0x00000106   Code   RO         2941    x$fpl$dnaninf       g_wm.l(dnaninf.o)
    0x0800e86e   0x0800e86e   0x00000070   Code   RO         2943    x$fpl$drenorm       g_wm.l(drenorm_clz.o)
    0x0800e8de   0x0800e8de   0x0000000c   Code   RO         2945    x$fpl$dretinf       g_wm.l(dretinf.o)
    0x0800e8ea   0x0800e8ea   0x0000017a   Code   RO         2947    x$fpl$dunder        g_wm.l(dunder_clz.o)
    0x0800ea64   0x0800ea64   0x000001ec   Code   RO         2949    x$fpl$exception     g_wm.l(except.o)
    0x0800ec50   0x0800ec50   0x0000007a   Code   RO         2898    x$fpl$f2d           g_wm.l(f2d.o)
    0x0800ecca   0x0800ecca   0x000000f6   Code   RO         2951    x$fpl$fnaninf       g_wm.l(fnaninf.o)
    0x0800edc0   0x0800edc0   0x00000016   Code   RO         3100    x$fpl$fpinit        g_wm.l(fpinit.o)
    0x0800edd6   0x0800edd6   0x0000000a   Code   RO         2953    x$fpl$fretinf       g_wm.l(fretinf.o)
    0x0800ede0   0x0800ede0   0x0000013c   Code   RO         2955    x$fpl$funder        g_wm.l(funder_clz.o)
    0x0800ef1c   0x0800ef1c   0x000000b2   Code   RO         3009    x$fpl$retnan        g_wm.l(retnan.o)
    0x0800efce   0x0800efce   0x0000007e   Code   RO         2957    x$fpl$trapveneer    g_wm.l(trapv.o)
    0x0800f04c   0x0800f04c   0x00000000   Code   RO         2959    x$fpl$usenofp       g_wm.l(usenofp.o)
    0x0800f04c   0x0800f04c   0x0000000c   Data   RO         2718    .constdata          AHRS.lib(ahrs.o)
    0x0800f058   0x0800f058   0x00000804   Data   RO         2851    .constdata          arm_cortexM4lf_math.lib(arm_common_tables.o)
    0x0800f85c   0x0800f85c   0x00000010   Data   RO         1551    .rodata.AHBPrescTable  system_stm32f4xx.o
    0x0800f86c   0x0800f86c   0x00000008   Data   RO         1552    .rodata.APBPrescTable  system_stm32f4xx.o
    0x0800f874   0x0800f874   0x00000012   Data   RO         2156    .rodata.bmi088_accel_self_test.write_BMI088_ACCEL_self_test_Reg_Data_Error  bmi088driver.o
    0x0800f886   0x0800f886   0x00000008   Data   RO          904    .rodata.cst8        stm32f4xx_hal_dma.o
    0x0800f88e   0x0800f88e   0x00000002   PAD
    0x0800f890   0x0800f890   0x0000000c   Data   RO         2321    .rodata.imu_temp_PID  ins_task.o
    0x0800f89c   0x0800f89c   0x0000000c   Data   RO         2197    .rodata.ist8310_write_reg_data_error  ist8310driver.o
    0x0800f8a8   0x0800f8a8   0x0000001d   Data   RO           49    .rodata.str1.1      freertos.o
    0x0800f8c5   0x0800f8c5   0x00000012   Data   RO         2154    .rodata.write_BMI088_accel_reg_data_error  bmi088driver.o
    0x0800f8d7   0x0800f8d7   0x00000012   Data   RO         2155    .rodata.write_BMI088_gyro_reg_data_error  bmi088driver.o
    0x0800f8e9   0x0800f8e9   0x00000003   PAD
    0x0800f8ec   0x0800f8ec   0x00000020   Data   RO         3161    Region$$Table       anon$$obj.o


    Execution Region RW_IRAM1 (Exec base: 0x20000000, Load base: 0x0800f910, Size: 0x00006b68, Max: 0x0001c000, ABSOLUTE, COMPRESSED[0x000000f8])

    Exec Addr    Load Addr    Size         Type   Attr      Idx    E Section Name        Object

    0x20000000   COMPRESSED   0x00000010   Data   RW         2719    .data               AHRS.lib(ahrs.o)
    0x20000010   COMPRESSED   0x00000008   Data   RW         1082    .data..L_MergedGlobals  stm32f4xx_hal.o
    0x20000018   COMPRESSED   0x00000008   Data   RW         2157    .data..L_MergedGlobals  bmi088driver.o
    0x20000020   COMPRESSED   0x00000060   Data   RW         2325    .data..L_MergedGlobals  ins_task.o
    0x20000080   COMPRESSED   0x0000001c   Data   RW         2351    .data..L_MergedGlobals  try_try.o
    0x2000009c   COMPRESSED   0x0000001c   Data   RW         2383    .data.FS_Desc       usbd_desc.o
    0x200000b8   COMPRESSED   0x00000004   Data   RW         1550    .data.SystemCoreClock  system_stm32f4xx.o
    0x200000bc   COMPRESSED   0x00000038   Data   RW         2620    .data.USBD_CDC      usbd_cdc.o
    0x200000f4   COMPRESSED   0x00000043   Data   RW         2622    .data.USBD_CDC_CfgDesc  usbd_cdc.o
    0x20000137   COMPRESSED   0x00000001   PAD
    0x20000138   COMPRESSED   0x0000000a   Data   RW         2621    .data.USBD_CDC_DeviceQualifierDesc  usbd_cdc.o
    0x20000142   COMPRESSED   0x00000002   PAD
    0x20000144   COMPRESSED   0x00000012   Data   RW         2384    .data.USBD_FS_DeviceDesc  usbd_desc.o
    0x20000156   COMPRESSED   0x00000002   PAD
    0x20000158   COMPRESSED   0x00000014   Data   RW         2408    .data.USBD_Interface_fops_FS  usbd_cdc_if.o
    0x2000016c   COMPRESSED   0x00000004   Data   RW         2385    .data.USBD_LangIDDesc  usbd_desc.o
    0x20000170   COMPRESSED   0x0000001a   Data   RW         2386    .data.USBD_StringSerial  usbd_desc.o
    0x2000018a   COMPRESSED   0x00000002   PAD
    0x2000018c   COMPRESSED   0x00000024   Data   RW         2319    .data.mag_scale_factor  ins_task.o
    0x200001b0   COMPRESSED   0x00000004   Data   RW         1975    .data.uxCriticalNesting  port.o
    0x200001b4   COMPRESSED   0x00000004   PAD
    0x200001b8        -       0x00000060   Zero   RW         3012    .bss                c_w.l(libspace.o)
    0x20000218        -       0x0000000c   Zero   RW           50    .bss..L_MergedGlobals  freertos.o
    0x20000224        -       0x00000078   Zero   RW         1802    .bss..L_MergedGlobals  tasks.o
    0x2000029c        -       0x00000020   Zero   RW         1940    .bss..L_MergedGlobals  heap_4.o
    0x200002bc        -       0x00000008   Zero   RW         1976    .bss..L_MergedGlobals  port.o
    0x200002c4        -       0x00000008   Zero   RW         2055    .bss..L_MergedGlobals  bsp_delay.o
    0x200002cc   COMPRESSED   0x00000004   PAD
    0x200002d0        -       0x0000005c   Zero   RW         2263    .bss..L_MergedGlobals  can_receive.o
    0x2000032c        -       0x00000074   Zero   RW         2352    .bss..L_MergedGlobals.1  try_try.o
    0x200003a0        -       0x00000028   Zero   RW         1803    .bss..L_MergedGlobals.2  tasks.o
    0x200003c8        -       0x00000078   Zero   RW         2326    .bss..L_MergedGlobals.2  ins_task.o
    0x20000440        -       0x0000005c   Zero   RW         2327    .bss..L_MergedGlobals.3  ins_task.o
    0x2000049c        -       0x00000048   Zero   RW         2328    .bss..L_MergedGlobals.4  ins_task.o
    0x200004e4        -       0x00000004   Zero   RW           84    .bss.HAL_RCC_CAN1_CLK_ENABLED  can.o
    0x200004e8        -       0x00000001   Zero   RW         2559    .bss.USBD_SetConfig.cfgidx  usbd_ctlreq.o
    0x200004e9   COMPRESSED   0x00000003   PAD
    0x200004ec        -       0x00000200   Zero   RW         2387    .bss.USBD_StrDesc   usbd_desc.o
    0x200006ec        -       0x00000220   Zero   RW         2482    .bss.USBD_static_malloc.mem  usbd_conf.o
    0x2000090c        -       0x00000800   Zero   RW         2409    .bss.UserRxBufferFS  usbd_cdc_if.o
    0x2000110c        -       0x00000800   Zero   RW         2410    .bss.UserTxBufferFS  usbd_cdc_if.o
    0x2000190c        -       0x000001f8   Zero   RW         2280    .bss.error_list     detect_task.o
    0x20001b04        -       0x000002dc   Zero   RW         2362    .bss.hUsbDeviceFS   usb_device.o
    0x20001de0        -       0x00000048   Zero   RW           65    .bss.hadc3          adc.o
    0x20001e28        -       0x00000028   Zero   RW           82    .bss.hcan1          can.o
    0x20001e50        -       0x00000028   Zero   RW           83    .bss.hcan2          can.o
    0x20001e78        -       0x00000060   Zero   RW          124    .bss.hdma_spi1_rx   spi.o
    0x20001ed8        -       0x00000060   Zero   RW          125    .bss.hdma_spi1_tx   spi.o
    0x20001f38        -       0x00000054   Zero   RW          108    .bss.hi2c3          i2c.o
    0x20001f8c        -       0x000004e4   Zero   RW         2481    .bss.hpcd_USB_OTG_FS  usbd_conf.o
    0x20002470        -       0x00000058   Zero   RW          123    .bss.hspi1          spi.o
    0x200024c8        -       0x00000048   Zero   RW          145    .bss.htim10         tim.o
    0x20002510        -       0x00000048   Zero   RW          206    .bss.htim2          stm32f4xx_hal_timebase_tim.o
    0x20002558        -       0x00000048   Zero   RW          144    .bss.htim5          tim.o
    0x200025a0        -       0x00000048   Zero   RW         2320    .bss.imu_temp_pid   ins_task.o
    0x200025e8        -       0x00000050   Zero   RW         2262    .bss.motor_chassis  can_receive.o
    0x20002638        -       0x00000048   Zero   RW         2345    .bss.motor_p_pitch  try_try.o
    0x20002680        -       0x0000008c   Zero   RW         1801    .bss.pxReadyTasksLists  tasks.o
    0x2000270c        -       0x00003c00   Zero   RW         1939    .bss.ucHeap         heap_4.o
    0x2000630c        -       0x00000004   Zero   RW         1081    .bss.uwTick         stm32f4xx_hal.o
    0x20006310        -       0x00000200   Zero   RW           48    .bss.xIdleStack     freertos.o
    0x20006510        -       0x00000054   Zero   RW           47    .bss.xIdleTaskTCBBuffer  freertos.o
    0x20006564   COMPRESSED   0x00000004   PAD
    0x20006568        -       0x00000200   Zero   RW            2    HEAP                startup_stm32f407xx.o
    0x20006768        -       0x00000400   Zero   RW            1    STACK               startup_stm32f407xx.o


    Execution Region RW_IRAM2 (Exec base: 0x2001c000, Load base: 0x0800fa08, Size: 0x00000000, Max: 0x00004000, ABSOLUTE)

    **** No section assigned to this execution region ****


==============================================================================

Image component sizes


      Code (inc. data)   RO Data    RW Data    ZI Data      Debug   Object Name

       218          0          0          0         72       5135   adc.o
        54          0          0          0          0       1720   ahrs_middleware.o
      3556          4         54          8          0      12770   bmi088driver.o
       118          0          0          0          0       3256   bmi088middleware.o
       262          0          0          0          0       7875   bsp_can.o
       134          0          0          0          8       2021   bsp_delay.o
        14          0          0          0          0        522   bsp_imu_pwm.o
      3274          0          0          0          0       3585   bsp_spi.o
       430          0          0          0         84       6645   can.o
       474         28          0          0        172       7683   can_receive.o
       118          0          0          0          0      24756   cmsis_os.o
        84          0          0          0        504       3626   detect_task.o
        72          0          0          0          0       3446   dma.o
       242         84         29          0        608       3607   freertos.o
       394          0          0          0          0       4159   gpio.o
       710          0          0          0      15392       5850   heap_4.o
       246          0          0          0         84       5275   i2c.o
      3462         74         12        132        356      11150   ins_task.o
       210          0         12          0          0       2002   ist8310driver.o
       136          0          0          0          0       4106   ist8310driver_middleware.o
       186          0          0          0          0       2327   list.o
       254          0          0          0          0       6405   main.o
       410         12          0          0          0       2053   pid.o
       994         16          0          4          8       4352   port.o
       392          0          0          0        280       5291   spi.o
        64         26        392          0       1536        824   startup_stm32f407xx.o
       132          0          0          8          4       7287   stm32f4xx_hal.o
       664          0          0          0          0      12241   stm32f4xx_hal_adc.o
      1698          6          0          0          0      14036   stm32f4xx_hal_can.o
       152          0          0          0          0      10705   stm32f4xx_hal_cortex.o
       806          6          8          0          0      10553   stm32f4xx_hal_dma.o
       446          0          0          0          0       5415   stm32f4xx_hal_gpio.o
      2966          0          0          0          0      44576   stm32f4xx_hal_i2c.o
        66          0          0          0          0       3510   stm32f4xx_hal_msp.o
      3568          0          0          0          0      17405   stm32f4xx_hal_pcd.o
       216          0          0          0          0       4732   stm32f4xx_hal_pcd_ex.o
      1518          4          0          0          0       7557   stm32f4xx_hal_rcc.o
      1300          0          0          0          0      26210   stm32f4xx_hal_spi.o
      2496         10          0          0          0      58466   stm32f4xx_hal_tim.o
       190          0          0          0          0      21913   stm32f4xx_hal_tim_ex.o
       174          0          0          0         72       7234   stm32f4xx_hal_timebase_tim.o
       106          0          0          0          0       8793   stm32f4xx_it.o
      5064          0          0          0          0      37503   stm32f4xx_ll_usb.o
        18          0         24          4          0       2576   system_stm32f4xx.o
      6202          8          0          0        300      37102   tasks.o
       734          0          0          0        144       7771   tim.o
       648         40          0         28        188       2874   try_try.o
       114          0          0          0        732       3188   usb_device.o
      1162         12          0        133          0      11524   usbd_cdc.o
        84          0          0         20       4096       4886   usbd_cdc_if.o
       784          0          0          0       1796      18345   usbd_conf.o
      1004          0          0          0          0      11142   usbd_core.o
      1646         32          0          0          1      11194   usbd_ctlreq.o
       548         56          0         76        512       4093   usbd_desc.o
       134          0          0          0          0       4719   usbd_ioreq.o

    ----------------------------------------------------------------------
     51542        418        568        420      26964     557991   Object Totals
         0          0         32          0          0          0   (incl. Generated)
       394          0          5          7         15          0   (incl. Padding)

    ----------------------------------------------------------------------

      Code (inc. data)   RO Data    RW Data    ZI Data      Debug   Library Member Name

      2718         84         12         16          0       9922   ahrs.o
         0          0       2052          0          0       4704   arm_common_tables.o
       120         12          0          0          0      18614   arm_cos_f32.o
       148         18          0          0          0        814   arm_sin_f32.o
        90          0          0          0          0          0   __dczerorl2.o
         8          0          0          0          0         68   __main.o
         0          0          0          0          0          0   __rtentry.o
        12          0          0          0          0          0   __rtentry2.o
         6          0          0          0          0          0   __rtentry4.o
        94          8          0          0          0          0   __scatter.o
        28          0          0          0          0          0   __scatter_zi.o
        48          4          0          0          0         84   _fptrap.o
        22          0          0          0          0        100   _rserrno.o
        10          0          0          0          0         68   defsig_exit.o
       172        110          0          0          0         76   defsig_fpe_inner.o
        14          0          0          0          0         80   defsig_fpe_outer.o
        50          0          0          0          0         88   defsig_general.o
        18          0          0          0          0         80   exit.o
         6          0          0          0          0        152   heapauxi.o
         0          0          0          0          0          0   indicate_semi.o
         2          0          0          0          0          0   libinit.o
         6          0          0          0          0          0   libinit2.o
         2          0          0          0          0          0   libshutdown.o
         2          0          0          0          0          0   libshutdown2.o
         8          4          0          0         96         68   libspace.o
       240          0          0          0          0        100   lludivv7m.o
         8          4          0          0          0         68   rt_errno_addr_intlibspace.o
        78          0          0          0          0         80   rt_memclr_w.o
         2          0          0          0          0          0   rtexit.o
        10          0          0          0          0          0   rtexit2.o
        62          0          0          0          0         76   strlen.o
        12          4          0          0          0         68   sys_exit.o
        74          0          0          0          0         80   sys_stackheap_outer.o
        14          0          0          0          0         76   sys_wrch.o
         2          0          0          0          0         68   use_no_semi.o
       708         16          0          0          0        140   d2f_clz.o
       900        152          0          0          0        300   ddiv_clz.o
        26          0          0          0          0        116   dflt_clz.o
       448         16          0          0          0        164   dmul_clz.o
       262          4          0          0          0        156   dnaninf.o
       112          0          0          0          0        160   drenorm_clz.o
        12          0          0          0          0        116   dretinf.o
       378          0          0          0          0        168   dunder_clz.o
       492         36          0          0          0        152   except.o
       122          8          0          0          0        132   f2d.o
       246          4          0          0          0        148   fnaninf.o
        22          0          0          0          0        116   fpinit.o
        10          0          0          0          0        116   fretinf.o
       316          0          0          0          0        132   funder_clz.o
       178          0          0          0          0        116   retnan.o
       126          0          0          0          0        148   trapv.o
         0          0          0          0          0          0   usenofp.o
       300         42          0          0          0        176   asinf.o
       684         90          0          0          0        208   atan2f.o
        38          0          0          0          0        116   fpclassifyf.o
        44         12          0          0          0        464   funder.o
        62          0          0          0          0        136   sqrtf.o

    ----------------------------------------------------------------------
      9582        628       2064         16         96      39014   Library Totals
        10          0          0          0          0          0   (incl. Padding)

    ----------------------------------------------------------------------

      Code (inc. data)   RO Data    RW Data    ZI Data      Debug   Library Name

      2718         84         12         16          0       9922   AHRS.lib
       268         30       2052          0          0      24132   arm_cortexM4lf_math.lib
      1100        134          0          0         96       1480   c_w.l
      4358        236          0          0          0       2380   g_wm.l
      1128        144          0          0          0       1100   m_wm.l

    ----------------------------------------------------------------------
      9582        628       2064         16         96      39014   Library Totals

    ----------------------------------------------------------------------

==============================================================================


      Code (inc. data)   RO Data    RW Data    ZI Data      Debug   

     61124       1046       2632        436      27060     592085   Grand Totals
     61124       1046       2632        248      27060     592085   ELF Image Totals (compressed)
     61124       1046       2632        248          0          0   ROM Totals

==============================================================================

    Total RO  Size (Code + RO Data)                63756 (  62.26kB)
    Total RW  Size (RW Data + ZI Data)             27496 (  26.85kB)
    Total ROM Size (Code + RO Data + RW Data)      64004 (  62.50kB)

==============================================================================

