Component: Arm Compiler for Embedded 6.24 Tool: armlink [5f371500]

==============================================================================

Section Cross References

    startup_stm32f407xx.o(STACK) refers (Special) to heapauxi.o(.text) for __use_two_region_memory
    startup_stm32f407xx.o(HEAP) refers (Special) to heapauxi.o(.text) for __use_two_region_memory
    startup_stm32f407xx.o(RESET) refers (Special) to heapauxi.o(.text) for __use_two_region_memory
    startup_stm32f407xx.o(RESET) refers to startup_stm32f407xx.o(STACK) for __initial_sp
    startup_stm32f407xx.o(RESET) refers to startup_stm32f407xx.o(.text) for Reset_Handler
    startup_stm32f407xx.o(RESET) refers to stm32f4xx_it.o(.text.NMI_Handler) for NMI_Handler
    startup_stm32f407xx.o(RESET) refers to stm32f4xx_it.o(.text.HardFault_Handler) for HardFault_Handler
    startup_stm32f407xx.o(RESET) refers to stm32f4xx_it.o(.text.MemManage_Handler) for MemManage_Handler
    startup_stm32f407xx.o(RESET) refers to stm32f4xx_it.o(.text.BusFault_Handler) for BusFault_Handler
    startup_stm32f407xx.o(RESET) refers to stm32f4xx_it.o(.text.UsageFault_Handler) for UsageFault_Handler
    startup_stm32f407xx.o(RESET) refers to port.o(.text.SVC_Handler) for SVC_Handler
    startup_stm32f407xx.o(RESET) refers to stm32f4xx_it.o(.text.DebugMon_Handler) for DebugMon_Handler
    startup_stm32f407xx.o(RESET) refers to port.o(.text.PendSV_Handler) for PendSV_Handler
    startup_stm32f407xx.o(RESET) refers to port.o(.text.SysTick_Handler) for SysTick_Handler
    startup_stm32f407xx.o(RESET) refers to stm32f4xx_it.o(.text.TIM1_UP_TIM10_IRQHandler) for TIM1_UP_TIM10_IRQHandler
    startup_stm32f407xx.o(RESET) refers to stm32f4xx_it.o(.text.DMA2_Stream2_IRQHandler) for DMA2_Stream2_IRQHandler
    startup_stm32f407xx.o(RESET) refers to stm32f4xx_it.o(.text.DMA2_Stream3_IRQHandler) for DMA2_Stream3_IRQHandler
    startup_stm32f407xx.o(RESET) refers to stm32f4xx_it.o(.text.OTG_FS_IRQHandler) for OTG_FS_IRQHandler
    startup_stm32f407xx.o(.text) refers (Special) to heapauxi.o(.text) for __use_two_region_memory
    startup_stm32f407xx.o(.text) refers to system_stm32f4xx.o(.text.SystemInit) for SystemInit
    startup_stm32f407xx.o(.text) refers to __main.o(!!!main) for __main
    startup_stm32f407xx.o(.text) refers to startup_stm32f407xx.o(HEAP) for Heap_Mem
    startup_stm32f407xx.o(.text) refers to startup_stm32f407xx.o(STACK) for Stack_Mem
    main.o(.text.main) refers to stm32f4xx_hal.o(.text.HAL_Init) for HAL_Init
    main.o(.text.main) refers to main.o(.text.SystemClock_Config) for SystemClock_Config
    main.o(.text.main) refers to gpio.o(.text.MX_GPIO_Init) for MX_GPIO_Init
    main.o(.text.main) refers to dma.o(.text.MX_DMA_Init) for MX_DMA_Init
    main.o(.text.main) refers to spi.o(.text.MX_SPI1_Init) for MX_SPI1_Init
    main.o(.text.main) refers to tim.o(.text.MX_TIM10_Init) for MX_TIM10_Init
    main.o(.text.main) refers to bsp_usb.o(.text.usb_init) for usb_init
    main.o(.text.main) refers to freertos.o(.text.MX_FREERTOS_Init) for MX_FREERTOS_Init
    main.o(.text.main) refers to cmsis_os.o(.text.osKernelStart) for osKernelStart
    main.o(.ARM.exidx.text.main) refers to main.o(.text.main) for [Anonymous Symbol]
    main.o(.text.SystemClock_Config) refers to rt_memclr_w.o(.text) for __aeabi_memclr4
    main.o(.text.SystemClock_Config) refers to stm32f4xx_hal_rcc.o(.text.HAL_RCC_OscConfig) for HAL_RCC_OscConfig
    main.o(.text.SystemClock_Config) refers to stm32f4xx_hal_rcc.o(.text.HAL_RCC_ClockConfig) for HAL_RCC_ClockConfig
    main.o(.ARM.exidx.text.SystemClock_Config) refers to main.o(.text.SystemClock_Config) for [Anonymous Symbol]
    main.o(.ARM.exidx.text.Error_Handler) refers to main.o(.text.Error_Handler) for [Anonymous Symbol]
    main.o(.text.HAL_TIM_PeriodElapsedCallback) refers to stm32f4xx_hal.o(.text.HAL_IncTick) for HAL_IncTick
    main.o(.ARM.exidx.text.HAL_TIM_PeriodElapsedCallback) refers to main.o(.text.HAL_TIM_PeriodElapsedCallback) for [Anonymous Symbol]
    gpio.o(.text.MX_GPIO_Init) refers to stm32f4xx_hal_gpio.o(.text.HAL_GPIO_WritePin) for HAL_GPIO_WritePin
    gpio.o(.text.MX_GPIO_Init) refers to stm32f4xx_hal_gpio.o(.text.HAL_GPIO_Init) for HAL_GPIO_Init
    gpio.o(.ARM.exidx.text.MX_GPIO_Init) refers to gpio.o(.text.MX_GPIO_Init) for [Anonymous Symbol]
    freertos.o(.text.vApplicationGetIdleTaskMemory) refers to freertos.o(.bss.xIdleTaskTCBBuffer) for xIdleTaskTCBBuffer
    freertos.o(.text.vApplicationGetIdleTaskMemory) refers to freertos.o(.bss.xIdleStack) for xIdleStack
    freertos.o(.ARM.exidx.text.vApplicationGetIdleTaskMemory) refers to freertos.o(.text.vApplicationGetIdleTaskMemory) for [Anonymous Symbol]
    freertos.o(.text.MX_FREERTOS_Init) refers to cmsis_os.o(.text.osThreadCreate) for osThreadCreate
    freertos.o(.text.MX_FREERTOS_Init) refers to freertos.o(.bss..L_MergedGlobals) for .L_MergedGlobals
    freertos.o(.text.MX_FREERTOS_Init) refers to freertos.o(.rodata.str1.1) for [Anonymous Symbol]
[...]
    __rt_lib_init_exceptions_1               0x0800022f   Thumb Code     0  libinit2.o(.ARM.Collect$$libinit$$00000032)
    __rt_lib_init_fp_trap_1                  0x0800022f   Thumb Code     0  libinit2.o(.ARM.Collect$$libinit$$00000021)
    __rt_lib_init_getenv_1                   0x0800022f   Thumb Code     0  libinit2.o(.ARM.Collect$$libinit$$00000025)
    __rt_lib_init_heap_1                     0x0800022f   Thumb Code     0  libinit2.o(.ARM.Collect$$libinit$$0000000C)
    __rt_lib_init_lc_collate_1               0x0800022f   Thumb Code     0  libinit2.o(.ARM.Collect$$libinit$$00000013)
    __rt_lib_init_lc_ctype_1                 0x0800022f   Thumb Code     0  libinit2.o(.ARM.Collect$$libinit$$00000015)
    __rt_lib_init_lc_monetary_1              0x0800022f   Thumb Code     0  libinit2.o(.ARM.Collect$$libinit$$00000017)
    __rt_lib_init_lc_numeric_1               0x0800022f   Thumb Code     0  libinit2.o(.ARM.Collect$$libinit$$00000019)
    __rt_lib_init_lc_time_1                  0x0800022f   Thumb Code     0  libinit2.o(.ARM.Collect$$libinit$$0000001B)
    __rt_lib_init_preinit_1                  0x0800022f   Thumb Code     0  libinit2.o(.ARM.Collect$$libinit$$00000006)
    __rt_lib_init_rand_1                     0x0800022f   Thumb Code     0  libinit2.o(.ARM.Collect$$libinit$$00000010)
    __rt_lib_init_relocate_pie_1             0x0800022f   Thumb Code     0  libinit2.o(.ARM.Collect$$libinit$$00000004)
    __rt_lib_init_return                     0x0800022f   Thumb Code     0  libinit2.o(.ARM.Collect$$libinit$$00000035)
    __rt_lib_init_signal_1                   0x0800022f   Thumb Code     0  libinit2.o(.ARM.Collect$$libinit$$0000001F)
    __rt_lib_init_stdio_1                    0x0800022f   Thumb Code     0  libinit2.o(.ARM.Collect$$libinit$$00000027)
    __rt_lib_init_user_alloc_1               0x0800022f   Thumb Code     0  libinit2.o(.ARM.Collect$$libinit$$0000000E)
    __rt_lib_shutdown                        0x08000231   Thumb Code     0  libshutdown.o(.ARM.Collect$$libshutdown$$00000000)
    __rt_lib_shutdown_cpp_1                  0x08000233   Thumb Code     0  libshutdown2.o(.ARM.Collect$$libshutdown$$00000002)
    __rt_lib_shutdown_fp_trap_1              0x08000233   Thumb Code     0  libshutdown2.o(.ARM.Collect$$libshutdown$$00000007)
    __rt_lib_shutdown_heap_1                 0x08000233   Thumb Code     0  libshutdown2.o(.ARM.Collect$$libshutdown$$0000000F)
    __rt_lib_shutdown_return                 0x08000233   Thumb Code     0  libshutdown2.o(.ARM.Collect$$libshutdown$$00000010)
    __rt_lib_shutdown_signal_1               0x08000233   Thumb Code     0  libshutdown2.o(.ARM.Collect$$libshutdown$$0000000A)
    __rt_lib_shutdown_stdio_1                0x08000233   Thumb Code     0  libshutdown2.o(.ARM.Collect$$libshutdown$$00000004)
    __rt_lib_shutdown_user_alloc_1           0x08000233   Thumb Code     0  libshutdown2.o(.ARM.Collect$$libshutdown$$0000000C)
    __rt_entry                               0x08000235   Thumb Code     0  __rtentry.o(.ARM.Collect$$rtentry$$00000000)
    __rt_entry_presh_1                       0x08000235   Thumb Code     0  __rtentry2.o(.ARM.Collect$$rtentry$$00000002)
    __rt_entry_sh                            0x08000235   Thumb Code     0  __rtentry4.o(.ARM.Collect$$rtentry$$00000004)
    __rt_entry_li                            0x0800023b   Thumb Code     0  __rtentry2.o(.ARM.Collect$$rtentry$$0000000A)
    __rt_entry_postsh_1                      0x0800023b   Thumb Code     0  __rtentry2.o(.ARM.Collect$$rtentry$$00000009)
    __rt_entry_main                          0x0800023f   Thumb Code     0  __rtentry2.o(.ARM.Collect$$rtentry$$0000000D)
    __rt_entry_postli_1                      0x0800023f   Thumb Code     0  __rtentry2.o(.ARM.Collect$$rtentry$$0000000C)
    __rt_exit                                0x08000247   Thumb Code     0  rtexit.o(.ARM.Collect$$rtexit$$00000000)
    __rt_exit_ls                             0x08000249   Thumb Code     0  rtexit2.o(.ARM.Collect$$rtexit$$00000003)
    __rt_exit_prels_1                        0x08000249   Thumb Code     0  rtexit2.o(.ARM.Collect$$rtexit$$00000002)
    __rt_exit_exit                           0x0800024d   Thumb Code     0  rtexit2.o(.ARM.Collect$$rtexit$$00000004)
    Reset_Handler                            0x08000255   Thumb Code     8  startup_stm32f407xx.o(.text)
    ADC_IRQHandler                           0x0800026f   Thumb Code     0  startup_stm32f407xx.o(.text)
    CAN1_RX0_IRQHandler                      0x0800026f   Thumb Code     0  startup_stm32f407xx.o(.text)
    CAN1_RX1_IRQHandler                      0x0800026f   Thumb Code     0  startup_stm32f407xx.o(.text)
    CAN1_SCE_IRQHandler                      0x0800026f   Thumb Code     0  startup_stm32f407xx.o(.text)
    CAN1_TX_IRQHandler                       0x0800026f   Thumb Code     0  startup_stm32f407xx.o(.text)
    CAN2_RX0_IRQHandler                      0x0800026f   Thumb Code     0  startup_stm32f407xx.o(.text)
    CAN2_RX1_IRQHandler                      0x0800026f   Thumb Code     0  startup_stm32f407xx.o(.text)
    CAN2_SCE_IRQHandler                      0x0800026f   Thumb Code     0  startup_stm32f407xx.o(.text)
    CAN2_TX_IRQHandler                       0x0800026f   Thumb Code     0  startup_stm32f407xx.o(.text)
    DCMI_IRQHandler                          0x0800026f   Thumb Code     0  startup_stm32f407xx.o(.text)
    DMA1_Stream0_IRQHandler                  0x0800026f   Thumb Code     0  startup_stm32f407xx.o(.text)
    DMA1_Stream1_IRQHandler                  0x0800026f   Thumb Code     0  startup_stm32f407xx.o(.text)
    DMA1_Stream2_IRQHandler                  0x0800026f   Thumb Code     0  startup_stm32f407xx.o(.text)
    DMA1_Stream3_IRQHandler                  0x0800026f   Thumb Code     0  startup_stm32f407xx.o(.text)
    DMA1_Stream4_IRQHandler                  0x0800026f   Thumb Code     0  startup_stm32f407xx.o(.text)
    DMA1_Stream5_IRQHandler                  0x0800026f   Thumb Code     0  startup_stm32f407xx.o(.text)
    DMA1_Stream6_IRQHandler                  0x0800026f   Thumb Code     0  startup_stm32f407xx.o(.text)
    DMA1_Stream7_IRQHandler                  0x0800026f   Thumb Code     0  startup_stm32f407xx.o(.text)
    DMA2_Stream0_IRQHandler                  0x0800026f   Thumb Code     0  startup_stm32f407xx.o(.text)
    DMA2_Stream1_IRQHandler                  0x0800026f   Thumb Code     0  startup_stm32f407xx.o(.text)
    DMA2_Stream4_IRQHandler                  0x0800026f   Thumb Code     0  startup_stm32f407xx.o(.text)
    DMA2_Stream5_IRQHandler                  0x0800026f   Thumb Code     0  startup_stm32f407xx.o(.text)
    DMA2_Stream6_IRQHandler                  0x0800026f   Thumb Code     0  startup_stm32f407xx.o(.text)
    DMA2_Stream7_IRQHandler                  0x0800026f   Thumb Code     0  startup_stm32f407xx.o(.text)
    ETH_IRQHandler                           0x0800026f   Thumb Code     0  startup_stm32f407xx.o(.text)
    ETH_WKUP_IRQHandler                      0x0800026f   Thumb Code     0  startup_stm32f407xx.o(.text)
    EXTI0_IRQHandler                         0x0800026f   Thumb Code     0  startup_stm32f407xx.o(.text)
    EXTI15_10_IRQHandler                     0x0800026f   Thumb Code     0  startup_stm32f407xx.o(.text)
    EXTI1_IRQHandler                         0x0800026f   Thumb Code     0  startup_stm32f407xx.o(.text)
    EXTI2_IRQHandler                         0x0800026f   Thumb Code     0  startup_stm32f407xx.o(.text)
    EXTI3_IRQHandler                         0x0800026f   Thumb Code     0  startup_stm32f407xx.o(.text)
    EXTI4_IRQHandler                         0x0800026f   Thumb Code     0  startup_stm32f407xx.o(.text)
    EXTI9_5_IRQHandler                       0x0800026f   Thumb Code     0  startup_stm32f407xx.o(.text)
    FLASH_IRQHandler                         0x0800026f   Thumb Code     0  startup_stm32f407xx.o(.text)
    FMC_IRQHandler                           0x0800026f   Thumb Code     0  startup_stm32f407xx.o(.text)
    FPU_IRQHandler                           0x0800026f   Thumb Code     0  startup_stm32f407xx.o(.text)
    HASH_RNG_IRQHandler                      0x0800026f   Thumb Code     0  startup_stm32f407xx.o(.text)
    I2C1_ER_IRQHandler                       0x0800026f   Thumb Code     0  startup_stm32f407xx.o(.text)
    I2C1_EV_IRQHandler                       0x0800026f   Thumb Code     0  startup_stm32f407xx.o(.text)
    I2C2_ER_IRQHandler                       0x0800026f   Thumb Code     0  startup_stm32f407xx.o(.text)
    I2C2_EV_IRQHandler                       0x0800026f   Thumb Code     0  startup_stm32f407xx.o(.text)
    I2C3_ER_IRQHandler                       0x0800026f   Thumb Code     0  startup_stm32f407xx.o(.text)
    I2C3_EV_IRQHandler                       0x0800026f   Thumb Code     0  startup_stm32f407xx.o(.text)
    OTG_FS_WKUP_IRQHandler                   0x0800026f   Thumb Code     0  startup_stm32f407xx.o(.text)
    OTG_HS_EP1_IN_IRQHandler                 0x0800026f   Thumb Code     0  startup_stm32f407xx.o(.text)
    OTG_HS_EP1_OUT_IRQHandler                0x0800026f   Thumb Code     0  startup_stm32f407xx.o(.text)
    OTG_HS_IRQHandler                        0x0800026f   Thumb Code     0  startup_stm32f407xx.o(.text)
    OTG_HS_WKUP_IRQHandler                   0x0800026f   Thumb Code     0  startup_stm32f407xx.o(.text)
    PVD_IRQHandler                           0x0800026f   Thumb Code     0  startup_stm32f407xx.o(.text)
    RCC_IRQHandler                           0x0800026f   Thumb Code     0  startup_stm32f407xx.o(.text)
    RTC_Alarm_IRQHandler                     0x0800026f   Thumb Code     0  startup_stm32f407xx.o(.text)
    RTC_WKUP_IRQHandler                      0x0800026f   Thumb Code     0  startup_stm32f407xx.o(.text)
    SDIO_IRQHandler                          0x0800026f   Thumb Code     0  startup_stm32f407xx.o(.text)
    SPI1_IRQHandler                          0x0800026f   Thumb Code     0  startup_stm32f407xx.o(.text)
    SPI2_IRQHandler                          0x0800026f   Thumb Code     0  startup_stm32f407xx.o(.text)
    SPI3_IRQHandler                          0x0800026f   Thumb Code     0  startup_stm32f407xx.o(.text)
    TAMP_STAMP_IRQHandler                    0x0800026f   Thumb Code     0  startup_stm32f407xx.o(.text)
    TIM1_BRK_TIM9_IRQHandler                 0x0800026f   Thumb Code     0  startup_stm32f407xx.o(.text)
    TIM1_CC_IRQHandler                       0x0800026f   Thumb Code     0  startup_stm32f407xx.o(.text)
    TIM1_TRG_COM_TIM11_IRQHandler            0x0800026f   Thumb Code     0  startup_stm32f407xx.o(.text)
    TIM2_IRQHandler                          0x0800026f   Thumb Code     0  startup_stm32f407xx.o(.text)
    TIM3_IRQHandler                          0x0800026f   Thumb Code     0  startup_stm32f407xx.o(.text)
    TIM4_IRQHandler                          0x0800026f   Thumb Code     0  startup_stm32f407xx.o(.text)
    TIM5_IRQHandler                          0x0800026f   Thumb Code     0  startup_stm32f407xx.o(.text)
    TIM6_DAC_IRQHandler                      0x0800026f   Thumb Code     0  startup_stm32f407xx.o(.text)
    TIM7_IRQHandler                          0x0800026f   Thumb Code     0  startup_stm32f407xx.o(.text)
    TIM8_BRK_TIM12_IRQHandler                0x0800026f   Thumb Code     0  startup_stm32f407xx.o(.text)
    TIM8_CC_IRQHandler                       0x0800026f   Thumb Code     0  startup_stm32f407xx.o(.text)
    TIM8_TRG_COM_TIM14_IRQHandler            0x0800026f   Thumb Code     0  startup_stm32f407xx.o(.text)
    TIM8_UP_TIM13_IRQHandler                 0x0800026f   Thumb Code     0  startup_stm32f407xx.o(.text)
    UART4_IRQHandler                         0x0800026f   Thumb Code     0  startup_stm32f407xx.o(.text)
    UART5_IRQHandler                         0x0800026f   Thumb Code     0  startup_stm32f407xx.o(.text)
    USART1_IRQHandler                        0x0800026f   Thumb Code     0  startup_stm32f407xx.o(.text)
    USART2_IRQHandler                        0x0800026f   Thumb Code     0  startup_stm32f407xx.o(.text)
    USART3_IRQHandler                        0x0800026f   Thumb Code     0  startup_stm32f407xx.o(.text)
    USART6_IRQHandler                        0x0800026f   Thumb Code     0  startup_stm32f407xx.o(.text)
    WWDG_IRQHandler                          0x0800026f   Thumb Code     0  startup_stm32f407xx.o(.text)
    __user_initial_stackheap                 0x08000271   Thumb Code     0  startup_stm32f407xx.o(.text)
    __aeabi_uldivmod                         0x08000295   Thumb Code     0  lludivv7m.o(.text)
    _ll_udiv                                 0x08000295   Thumb Code   240  lludivv7m.o(.text)
    __aeabi_memclr4                          0x08000385   Thumb Code     0  rt_memclr_w.o(.text)
    __aeabi_memclr8                          0x08000385   Thumb Code     0  rt_memclr_w.o(.text)
    __rt_memclr_w                            0x08000385   Thumb Code     0  rt_memclr_w.o(.text)
    _memset_w                                0x08000389   Thumb Code    74  rt_memclr_w.o(.text)
    __use_two_region_memory                  0x080003d3   Thumb Code     2  heapauxi.o(.text)
    __rt_heap_escrow$2region                 0x080003d5   Thumb Code     2  heapauxi.o(.text)
    __rt_heap_expand$2region                 0x080003d7   Thumb Code     2  heapauxi.o(.text)
    __user_setup_stackheap                   0x080003d9   Thumb Code    74  sys_stackheap_outer.o(.text)
    exit                                     0x08000423   Thumb Code    18  exit.o(.text)
    __user_libspace                          0x08000435   Thumb Code     8  libspace.o(.text)
    __user_perproc_libspace                  0x08000435   Thumb Code     0  libspace.o(.text)
    __user_perthread_libspace                0x08000435   Thumb Code     0  libspace.o(.text)
    _sys_exit                                0x0800043d   Thumb Code     8  sys_exit.o(.text)
    __I$use$semihosting                      0x08000449   Thumb Code     0  use_no_semi.o(.text)
    __use_no_semihosting_swi                 0x08000449   Thumb Code     2  use_no_semi.o(.text)
    __semihosting_library_function           0x0800044b   Thumb Code     0  indicate_semi.o(.text)
    BMI088_ACCEL_NS_H                        0x0800044d   Thumb Code    14  bmi088middleware.o(.text.BMI088_ACCEL_NS_H)
    BMI088_ACCEL_NS_L                        0x0800045d   Thumb Code    14  bmi088middleware.o(.text.BMI088_ACCEL_NS_L)
    BMI088_GPIO_init                         0x0800046d   Thumb Code     2  bmi088middleware.o(.text.BMI088_GPIO_init)
    BMI088_GYRO_NS_H                         0x08000471   Thumb Code    16  bmi088middleware.o(.text.BMI088_GYRO_NS_H)
    BMI088_GYRO_NS_L                         0x08000481   Thumb Code    16  bmi088middleware.o(.text.BMI088_GYRO_NS_L)
    BMI088_com_init                          0x08000491   Thumb Code     2  bmi088middleware.o(.text.BMI088_com_init)
    BMI088_delay_ms                          0x08000495   Thumb Code   486  bmi088middleware.o(.text.BMI088_delay_ms)
    BMI088_delay_us                          0x0800067d   Thumb Code    74  bmi088middleware.o(.text.BMI088_delay_us)
    BMI088_init                              0x080006c9   Thumb Code    24  bmi088driver.o(.text.BMI088_init)
    BMI088_read                              0x080006e1   Thumb Code   412  bmi088driver.o(.text.BMI088_read)
    BMI088_read_write_byte                   0x0800087d   Thumb Code    46  bmi088middleware.o(.text.BMI088_read_write_byte)
    BusFault_Handler                         0x080008ad   Thumb Code     2  stm32f4xx_it.o(.text.BusFault_Handler)
    DMA2_Stream2_IRQHandler                  0x0800091d   Thumb Code    12  stm32f4xx_it.o(.text.DMA2_Stream2_IRQHandler)
    DMA2_Stream3_IRQHandler                  0x08000929   Thumb Code    12  stm32f4xx_it.o(.text.DMA2_Stream3_IRQHandler)
    DebugMon_Handler                         0x08000935   Thumb Code     2  stm32f4xx_it.o(.text.DebugMon_Handler)
    Error_Handler                            0x08000939   Thumb Code     6  main.o(.text.Error_Handler)
    HAL_DMA_IRQHandler                       0x08000941   Thumb Code   452  stm32f4xx_hal_dma.o(.text.HAL_DMA_IRQHandler)
    HAL_DMA_Init                             0x08000b05   Thumb Code   354  stm32f4xx_hal_dma.o(.text.HAL_DMA_Init)
    HAL_Delay                                0x08000c69   Thumb Code    40  stm32f4xx_hal.o(.text.HAL_Delay)
    HAL_GPIO_Init                            0x08000c91   Thumb Code   414  stm32f4xx_hal_gpio.o(.text.HAL_GPIO_Init)
    HAL_GPIO_WritePin                        0x08000e31   Thumb Code    10  stm32f4xx_hal_gpio.o(.text.HAL_GPIO_WritePin)
    HAL_GetTick                              0x08000e3d   Thumb Code    12  stm32f4xx_hal.o(.text.HAL_GetTick)
    HAL_IncTick                              0x08000e49   Thumb Code    26  stm32f4xx_hal.o(.text.HAL_IncTick)
    HAL_Init                                 0x08000e65   Thumb Code    54  stm32f4xx_hal.o(.text.HAL_Init)
    HAL_InitTick                             0x08000e9d   Thumb Code   166  stm32f4xx_hal_timebase_tim.o(.text.HAL_InitTick)
    HAL_MspInit                              0x08000f45   Thumb Code    66  stm32f4xx_hal_msp.o(.text.HAL_MspInit)
    HAL_NVIC_EnableIRQ                       0x08000f89   Thumb Code    34  stm32f4xx_hal_cortex.o(.text.HAL_NVIC_EnableIRQ)
    HAL_NVIC_SetPriority                     0x08000fad   Thumb Code    86  stm32f4xx_hal_cortex.o(.text.HAL_NVIC_SetPriority)
    HAL_NVIC_SetPriorityGrouping             0x08001005   Thumb Code    32  stm32f4xx_hal_cortex.o(.text.HAL_NVIC_SetPriorityGrouping)
    HAL_PCDEx_LPM_Callback                   0x08001025   Thumb Code     2  stm32f4xx_hal_pcd_ex.o(.text.HAL_PCDEx_LPM_Callback)
    HAL_PCDEx_SetRxFiFo                      0x08001029   Thumb Code     8  stm32f4xx_hal_pcd_ex.o(.text.HAL_PCDEx_SetRxFiFo)
    HAL_PCDEx_SetTxFiFo                      0x08001031   Thumb Code   206  stm32f4xx_hal_pcd_ex.o(.text.HAL_PCDEx_SetTxFiFo)
    HAL_PCD_ConnectCallback                  0x08001101   Thumb Code     8  usbd_conf.o(.text.HAL_PCD_ConnectCallback)
    HAL_PCD_DataInStageCallback              0x08001109   Thumb Code    20  usbd_conf.o(.text.HAL_PCD_DataInStageCallback)
    HAL_PCD_DataOutStageCallback             0x0800111d   Thumb Code    22  usbd_conf.o(.text.HAL_PCD_DataOutStageCallback)
    HAL_PCD_DisconnectCallback               0x08001135   Thumb Code     8  usbd_conf.o(.text.HAL_PCD_DisconnectCallback)
    HAL_PCD_EP_Close                         0x0800113d   Thumb Code    80  stm32f4xx_hal_pcd.o(.text.HAL_PCD_EP_Close)
    HAL_PCD_EP_ClrStall                      0x0800118d   Thumb Code    94  stm32f4xx_hal_pcd.o(.text.HAL_PCD_EP_ClrStall)
    HAL_PCD_EP_GetRxCount                    0x080011ed   Thumb Code    18  stm32f4xx_hal_pcd.o(.text.HAL_PCD_EP_GetRxCount)
    HAL_PCD_EP_Open                          0x08001201   Thumb Code   116  stm32f4xx_hal_pcd.o(.text.HAL_PCD_EP_Open)
    HAL_PCD_EP_Receive                       0x08001275   Thumb Code    66  stm32f4xx_hal_pcd.o(.text.HAL_PCD_EP_Receive)
    HAL_PCD_EP_SetStall                      0x080012b9   Thumb Code   110  stm32f4xx_hal_pcd.o(.text.HAL_PCD_EP_SetStall)
    HAL_PCD_EP_Transmit                      0x08001329   Thumb Code    58  stm32f4xx_hal_pcd.o(.text.HAL_PCD_EP_Transmit)
    HAL_PCD_IRQHandler                       0x08001365   Thumb Code  2302  stm32f4xx_hal_pcd.o(.text.HAL_PCD_IRQHandler)
    HAL_PCD_ISOINIncompleteCallback          0x08001c65   Thumb Code     8  usbd_conf.o(.text.HAL_PCD_ISOINIncompleteCallback)
    HAL_PCD_ISOOUTIncompleteCallback         0x08001c6d   Thumb Code     8  usbd_conf.o(.text.HAL_PCD_ISOOUTIncompleteCallback)
    HAL_PCD_Init                             0x08001c75   Thumb Code   622  stm32f4xx_hal_pcd.o(.text.HAL_PCD_Init)
    HAL_PCD_MspInit                          0x08001ee5   Thumb Code   136  usbd_conf.o(.text.HAL_PCD_MspInit)
    HAL_PCD_ResetCallback                    0x08001f6d   Thumb Code    42  usbd_conf.o(.text.HAL_PCD_ResetCallback)
    HAL_PCD_ResumeCallback                   0x08001f99   Thumb Code     8  usbd_conf.o(.text.HAL_PCD_ResumeCallback)
    HAL_PCD_SOFCallback                      0x08001fa1   Thumb Code     8  usbd_conf.o(.text.HAL_PCD_SOFCallback)
    HAL_PCD_SetAddress                       0x08001fa9   Thumb Code    40  stm32f4xx_hal_pcd.o(.text.HAL_PCD_SetAddress)
    HAL_PCD_SetupStageCallback               0x08001fd1   Thumb Code    14  usbd_conf.o(.text.HAL_PCD_SetupStageCallback)
    HAL_PCD_Start                            0x08001fe1   Thumb Code    62  stm32f4xx_hal_pcd.o(.text.HAL_PCD_Start)
    HAL_PCD_SuspendCallback                  0x08002021   Thumb Code    52  usbd_conf.o(.text.HAL_PCD_SuspendCallback)
    HAL_RCC_ClockConfig                      0x08002055   Thumb Code   356  stm32f4xx_hal_rcc.o(.text.HAL_RCC_ClockConfig)
    HAL_RCC_GetClockConfig                   0x080021b9   Thumb Code    62  stm32f4xx_hal_rcc.o(.text.HAL_RCC_GetClockConfig)
    HAL_RCC_GetHCLKFreq                      0x080021f9   Thumb Code    12  stm32f4xx_hal_rcc.o(.text.HAL_RCC_GetHCLKFreq)
    HAL_RCC_GetPCLK2Freq                     0x08002205   Thumb Code    38  stm32f4xx_hal_rcc.o(.text.HAL_RCC_GetPCLK2Freq)
    HAL_RCC_GetSysClockFreq                  0x0800222d   Thumb Code   110  stm32f4xx_hal_rcc.o(.text.HAL_RCC_GetSysClockFreq)
    HAL_RCC_OscConfig                        0x0800229d   Thumb Code   940  stm32f4xx_hal_rcc.o(.text.HAL_RCC_OscConfig)
    HAL_SPI_Init                             0x08002649   Thumb Code   176  stm32f4xx_hal_spi.o(.text.HAL_SPI_Init)
    HAL_SPI_MspInit                          0x080026f9   Thumb Code   302  spi.o(.text.HAL_SPI_MspInit)
    HAL_SPI_TransmitReceive                  0x08002829   Thumb Code   832  stm32f4xx_hal_spi.o(.text.HAL_SPI_TransmitReceive)
    HAL_TIMEx_BreakCallback                  0x08002b69   Thumb Code     2  stm32f4xx_hal_tim_ex.o(.text.HAL_TIMEx_BreakCallback)
    HAL_TIMEx_CommutCallback                 0x08002b6d   Thumb Code     2  stm32f4xx_hal_tim_ex.o(.text.HAL_TIMEx_CommutCallback)
    HAL_TIM_Base_Init                        0x08002b71   Thumb Code    90  stm32f4xx_hal_tim.o(.text.HAL_TIM_Base_Init)
    HAL_TIM_Base_MspInit                     0x08002bcd   Thumb Code    72  tim.o(.text.HAL_TIM_Base_MspInit)
    HAL_TIM_Base_Start_IT                    0x08002c15   Thumb Code   170  stm32f4xx_hal_tim.o(.text.HAL_TIM_Base_Start_IT)
    HAL_TIM_IC_CaptureCallback               0x08002cc1   Thumb Code     2  stm32f4xx_hal_tim.o(.text.HAL_TIM_IC_CaptureCallback)
    HAL_TIM_IRQHandler                       0x08002cc5   Thumb Code   334  stm32f4xx_hal_tim.o(.text.HAL_TIM_IRQHandler)
    HAL_TIM_OC_DelayElapsedCallback          0x08002e15   Thumb Code     2  stm32f4xx_hal_tim.o(.text.HAL_TIM_OC_DelayElapsedCallback)
    HAL_TIM_PWM_ConfigChannel                0x08002e19   Thumb Code   544  stm32f4xx_hal_tim.o(.text.HAL_TIM_PWM_ConfigChannel)
    HAL_TIM_PWM_Init                         0x08003039   Thumb Code    90  stm32f4xx_hal_tim.o(.text.HAL_TIM_PWM_Init)
    HAL_TIM_PWM_MspInit                      0x08003095   Thumb Code     2  stm32f4xx_hal_tim.o(.text.HAL_TIM_PWM_MspInit)
    HAL_TIM_PWM_PulseFinishedCallback        0x08003099   Thumb Code     2  stm32f4xx_hal_tim.o(.text.HAL_TIM_PWM_PulseFinishedCallback)
    HAL_TIM_PeriodElapsedCallback            0x0800309d   Thumb Code    18  main.o(.text.HAL_TIM_PeriodElapsedCallback)
    HAL_TIM_TriggerCallback                  0x080030b1   Thumb Code     2  stm32f4xx_hal_tim.o(.text.HAL_TIM_TriggerCallback)
    HardFault_Handler                        0x080030b5   Thumb Code     2  stm32f4xx_it.o(.text.HardFault_Handler)
    MX_DMA_Init                              0x080030b9   Thumb Code    72  dma.o(.text.MX_DMA_Init)
    MX_FREERTOS_Init                         0x08003101   Thumb Code    84  freertos.o(.text.MX_FREERTOS_Init)
    MX_GPIO_Init                             0x0800318d   Thumb Code   228  gpio.o(.text.MX_GPIO_Init)
    MX_SPI1_Init                             0x08003271   Thumb Code    82  spi.o(.text.MX_SPI1_Init)
    MX_TIM10_Init                            0x080032c5   Thumb Code   198  tim.o(.text.MX_TIM10_Init)
    MX_USB_DEVICE_Init                       0x0800338d   Thumb Code   114  usb_device.o(.text.MX_USB_DEVICE_Init)
    MemManage_Handler                        0x08003401   Thumb Code     2  stm32f4xx_it.o(.text.MemManage_Handler)
    NMI_Handler                              0x08003405   Thumb Code     2  stm32f4xx_it.o(.text.NMI_Handler)
    OTG_FS_IRQHandler                        0x08003409   Thumb Code    12  stm32f4xx_it.o(.text.OTG_FS_IRQHandler)
    PendSV_Handler                           0x08003421   Thumb Code   100  port.o(.text.PendSV_Handler)
    SVC_Handler                              0x080035b1   Thumb Code    36  port.o(.text.SVC_Handler)
    StartDefaultTask                         0x080035d5   Thumb Code    12  freertos.o(.text.StartDefaultTask)
    SysTick_Handler                          0x080035e1   Thumb Code    46  port.o(.text.SysTick_Handler)
    SystemClock_Config                       0x08003611   Thumb Code   168  main.o(.text.SystemClock_Config)
    SystemInit                               0x080036b9   Thumb Code    18  system_stm32f4xx.o(.text.SystemInit)
    TIM1_UP_TIM10_IRQHandler                 0x080036cd   Thumb Code    30  stm32f4xx_it.o(.text.TIM1_UP_TIM10_IRQHandler)
    TIM_Base_SetConfig                       0x080036ed   Thumb Code   314  stm32f4xx_hal_tim.o(.text.TIM_Base_SetConfig)
    USBD_CDC_GetDeviceQualifierDescriptor    0x08003975   Thumb Code    16  usbd_cdc.o(.text.USBD_CDC_GetDeviceQualifierDescriptor)
    USBD_CDC_ReceivePacket                   0x08003b4d   Thumb Code    52  usbd_cdc.o(.text.USBD_CDC_ReceivePacket)
    USBD_CDC_RegisterInterface               0x08003b81   Thumb Code    24  usbd_cdc.o(.text.USBD_CDC_RegisterInterface)
    USBD_CDC_SetRxBuffer                     0x08003b99   Thumb Code    26  usbd_cdc.o(.text.USBD_CDC_SetRxBuffer)
    USBD_CDC_SetTxBuffer                     0x08003bb5   Thumb Code    30  usbd_cdc.o(.text.USBD_CDC_SetTxBuffer)
    USBD_ClrClassConfig                      0x08003cbd   Thumb Code    18  usbd_core.o(.text.USBD_ClrClassConfig)
    USBD_CoreFindEP                          0x08003cd1   Thumb Code     4  usbd_core.o(.text.USBD_CoreFindEP)
    USBD_CoreFindIF                          0x08003cd5   Thumb Code     4  usbd_core.o(.text.USBD_CoreFindIF)
    USBD_CtlContinueRx                       0x08003cd9   Thumb Code    16  usbd_ioreq.o(.text.USBD_CtlContinueRx)
    USBD_CtlContinueSendData                 0x08003ce9   Thumb Code    16  usbd_ioreq.o(.text.USBD_CtlContinueSendData)
    USBD_CtlError                            0x08003cf9   Thumb Code    22  usbd_ctlreq.o(.text.USBD_CtlError)
    USBD_CtlPrepareRx                        0x08003d11   Thumb Code    30  usbd_ioreq.o(.text.USBD_CtlPrepareRx)
    USBD_CtlReceiveStatus                    0x08003d31   Thumb Code    22  usbd_ioreq.o(.text.USBD_CtlReceiveStatus)
    USBD_CtlSendData                         0x08003d49   Thumb Code    28  usbd_ioreq.o(.text.USBD_CtlSendData)
    USBD_CtlSendStatus                       0x08003d65   Thumb Code    22  usbd_ioreq.o(.text.USBD_CtlSendStatus)
    USBD_FS_ConfigStrDescriptor              0x08003d7d   Thumb Code    24  usbd_desc.o(.text.USBD_FS_ConfigStrDescriptor)
    USBD_FS_DeviceDescriptor                 0x08003da1   Thumb Code    14  usbd_desc.o(.text.USBD_FS_DeviceDescriptor)
    USBD_FS_InterfaceStrDescriptor           0x08003db1   Thumb Code    24  usbd_desc.o(.text.USBD_FS_InterfaceStrDescriptor)
    USBD_FS_LangIDStrDescriptor              0x08003dd9   Thumb Code    14  usbd_desc.o(.text.USBD_FS_LangIDStrDescriptor)
    USBD_FS_ManufacturerStrDescriptor        0x08003de9   Thumb Code    24  usbd_desc.o(.text.USBD_FS_ManufacturerStrDescriptor)
    USBD_FS_ProductStrDescriptor             0x08003e05   Thumb Code    24  usbd_desc.o(.text.USBD_FS_ProductStrDescriptor)
    USBD_FS_SerialStrDescriptor              0x08003e35   Thumb Code   368  usbd_desc.o(.text.USBD_FS_SerialStrDescriptor)
    USBD_GetEpDesc                           0x08003fa5   Thumb Code   132  usbd_core.o(.text.USBD_GetEpDesc)
    USBD_GetString                           0x08004029   Thumb Code   254  usbd_ctlreq.o(.text.USBD_GetString)
    USBD_Init                                0x08004129   Thumb Code    42  usbd_core.o(.text.USBD_Init)
    USBD_LL_ClearStallEP                     0x08004155   Thumb Code    34  usbd_conf.o(.text.USBD_LL_ClearStallEP)
    USBD_LL_CloseEP                          0x08004179   Thumb Code    34  usbd_conf.o(.text.USBD_LL_CloseEP)
    USBD_LL_DataInStage                      0x0800419d   Thumb Code   186  usbd_core.o(.text.USBD_LL_DataInStage)
    USBD_LL_DataOutStage                     0x08004259   Thumb Code   124  usbd_core.o(.text.USBD_LL_DataOutStage)
    USBD_LL_DevConnected                     0x080042d5   Thumb Code     4  usbd_core.o(.text.USBD_LL_DevConnected)
    USBD_LL_DevDisconnected                  0x080042d9   Thumb Code    34  usbd_core.o(.text.USBD_LL_DevDisconnected)
    USBD_LL_GetRxDataSize                    0x080042fd   Thumb Code     8  usbd_conf.o(.text.USBD_LL_GetRxDataSize)
    USBD_LL_Init                             0x08004305   Thumb Code   110  usbd_conf.o(.text.USBD_LL_Init)
    USBD_LL_IsStallEP                        0x08004375   Thumb Code    42  usbd_conf.o(.text.USBD_LL_IsStallEP)
    USBD_LL_IsoINIncomplete                  0x080043a1   Thumb Code    44  usbd_core.o(.text.USBD_LL_IsoINIncomplete)
    USBD_LL_IsoOUTIncomplete                 0x080043cd   Thumb Code    44  usbd_core.o(.text.USBD_LL_IsoOUTIncomplete)
    USBD_LL_OpenEP                           0x080043f9   Thumb Code    40  usbd_conf.o(.text.USBD_LL_OpenEP)
    USBD_LL_PrepareReceive                   0x08004421   Thumb Code    34  usbd_conf.o(.text.USBD_LL_PrepareReceive)
    USBD_LL_Reset                            0x08004445   Thumb Code    98  usbd_core.o(.text.USBD_LL_Reset)
    USBD_LL_Resume                           0x080044a9   Thumb Code    20  usbd_core.o(.text.USBD_LL_Resume)
    USBD_LL_SOF                              0x080044bd   Thumb Code    30  usbd_core.o(.text.USBD_LL_SOF)
    USBD_LL_SetSpeed                         0x080044dd   Thumb Code     8  usbd_core.o(.text.USBD_LL_SetSpeed)
    USBD_LL_SetUSBAddress                    0x080044e5   Thumb Code    34  usbd_conf.o(.text.USBD_LL_SetUSBAddress)
    USBD_LL_SetupStage                       0x08004509   Thumb Code    98  usbd_core.o(.text.USBD_LL_SetupStage)
    USBD_LL_StallEP                          0x0800456d   Thumb Code    34  usbd_conf.o(.text.USBD_LL_StallEP)
    USBD_LL_Start                            0x08004591   Thumb Code    34  usbd_conf.o(.text.USBD_LL_Start)
    USBD_LL_Suspend                          0x080045b5   Thumb Code    28  usbd_core.o(.text.USBD_LL_Suspend)
    USBD_LL_Transmit                         0x080045d1   Thumb Code    34  usbd_conf.o(.text.USBD_LL_Transmit)
    USBD_ParseSetupRequest                   0x080045f5   Thumb Code    22  usbd_ctlreq.o(.text.USBD_ParseSetupRequest)
    USBD_RegisterClass                       0x0800460d   Thumb Code    66  usbd_core.o(.text.USBD_RegisterClass)
    USBD_SetClassConfig                      0x08004651   Thumb Code    16  usbd_core.o(.text.USBD_SetClassConfig)
    USBD_Start                               0x08004661   Thumb Code     4  usbd_core.o(.text.USBD_Start)
    USBD_StdDevReq                           0x08004665   Thumb Code   888  usbd_ctlreq.o(.text.USBD_StdDevReq)
    USBD_StdEPReq                            0x080049dd   Thumb Code   348  usbd_ctlreq.o(.text.USBD_StdEPReq)
    USBD_StdItfReq                           0x08004b39   Thumb Code   112  usbd_ctlreq.o(.text.USBD_StdItfReq)
    USBD_static_free                         0x08004ba9   Thumb Code     2  usbd_conf.o(.text.USBD_static_free)
    USBD_static_malloc                       0x08004bad   Thumb Code    10  usbd_conf.o(.text.USBD_static_malloc)
    USB_ActivateEndpoint                     0x08004bb9   Thumb Code   130  stm32f4xx_ll_usb.o(.text.USB_ActivateEndpoint)
    USB_ActivateSetup                        0x08004c3d   Thumb Code    32  stm32f4xx_ll_usb.o(.text.USB_ActivateSetup)
    USB_CoreInit                             0x08004c5d   Thumb Code   630  stm32f4xx_ll_usb.o(.text.USB_CoreInit)
    USB_DeactivateEndpoint                   0x08004ed5   Thumb Code   130  stm32f4xx_ll_usb.o(.text.USB_DeactivateEndpoint)
    USB_DevConnect                           0x08004f59   Thumb Code    30  stm32f4xx_ll_usb.o(.text.USB_DevConnect)
    USB_DevDisconnect                        0x08004f79   Thumb Code    30  stm32f4xx_ll_usb.o(.text.USB_DevDisconnect)
    USB_DevInit                              0x08004f99   Thumb Code  1206  stm32f4xx_ll_usb.o(.text.USB_DevInit)
    USB_DisableGlobalInt                     0x08005451   Thumb Code    14  stm32f4xx_ll_usb.o(.text.USB_DisableGlobalInt)
    USB_EP0_OutStart                         0x08005461   Thumb Code    90  stm32f4xx_ll_usb.o(.text.USB_EP0_OutStart)
    USB_EPClearStall                         0x080054bd   Thumb Code    82  stm32f4xx_ll_usb.o(.text.USB_EPClearStall)
    USB_EPSetStall                           0x08005511   Thumb Code    62  stm32f4xx_ll_usb.o(.text.USB_EPSetStall)
    USB_EPStartXfer                          0x08005551   Thumb Code   570  stm32f4xx_ll_usb.o(.text.USB_EPStartXfer)
    USB_EPStopXfer                           0x0800578d   Thumb Code   270  stm32f4xx_ll_usb.o(.text.USB_EPStopXfer)
    USB_EnableGlobalInt                      0x0800589d   Thumb Code    14  stm32f4xx_ll_usb.o(.text.USB_EnableGlobalInt)
    USB_FlushTxFifo                          0x080058ad   Thumb Code   190  stm32f4xx_ll_usb.o(.text.USB_FlushTxFifo)
    USB_GetDevSpeed                          0x0800596d   Thumb Code    26  stm32f4xx_ll_usb.o(.text.USB_GetDevSpeed)
    USB_GetMode                              0x08005989   Thumb Code     8  stm32f4xx_ll_usb.o(.text.USB_GetMode)
    USB_ReadDevAllInEpInterrupt              0x08005991   Thumb Code    14  stm32f4xx_ll_usb.o(.text.USB_ReadDevAllInEpInterrupt)
    USB_ReadDevAllOutEpInterrupt             0x080059a1   Thumb Code    14  stm32f4xx_ll_usb.o(.text.USB_ReadDevAllOutEpInterrupt)
    USB_ReadDevInEPInterrupt                 0x080059b1   Thumb Code    36  stm32f4xx_ll_usb.o(.text.USB_ReadDevInEPInterrupt)
    USB_ReadDevOutEPInterrupt                0x080059d5   Thumb Code    16  stm32f4xx_ll_usb.o(.text.USB_ReadDevOutEPInterrupt)
    USB_ReadInterrupts                       0x080059e5   Thumb Code     8  stm32f4xx_ll_usb.o(.text.USB_ReadInterrupts)
    USB_ReadPacket                           0x080059ed   Thumb Code   170  stm32f4xx_ll_usb.o(.text.USB_ReadPacket)
    USB_SetCurrentMode                       0x08005a99   Thumb Code   872  stm32f4xx_ll_usb.o(.text.USB_SetCurrentMode)
    USB_SetDevAddress                        0x08005e01   Thumb Code    34  stm32f4xx_ll_usb.o(.text.USB_SetDevAddress)
    USB_SetTurnaroundTime                    0x08005e25   Thumb Code   280  stm32f4xx_ll_usb.o(.text.USB_SetTurnaroundTime)
    USB_WritePacket                          0x08005f3d   Thumb Code   106  stm32f4xx_ll_usb.o(.text.USB_WritePacket)
    UsageFault_Handler                       0x08005fa9   Thumb Code     2  stm32f4xx_it.o(.text.UsageFault_Handler)
    bmi088_accel_init                        0x08005fad   Thumb Code   594  bmi088driver.o(.text.bmi088_accel_init)
    bmi088_gyro_init                         0x08006201   Thumb Code   536  bmi088driver.o(.text.bmi088_gyro_init)
    main                                     0x08006419   Thumb Code    38  main.o(.text.main)
    osDelay                                  0x08006441   Thumb Code    16  cmsis_os.o(.text.osDelay)
    osKernelStart                            0x08006451   Thumb Code    10  cmsis_os.o(.text.osKernelStart)
    osThreadCreate                           0x0800645d   Thumb Code    92  cmsis_os.o(.text.osThreadCreate)
    pvPortMalloc                             0x08006799   Thumb Code   488  heap_4.o(.text.pvPortMalloc)
    pxPortInitialiseStack                    0x08006981   Thumb Code    36  port.o(.text.pxPortInitialiseStack)
    usb_init                                 0x080069a5   Thumb Code    22  bsp_usb.o(.text.usb_init)
    usb_task                                 0x080069bd   Thumb Code    42  usb_task.o(.text.usb_task)
    uxListRemove                             0x080069e9   Thumb Code    34  list.o(.text.uxListRemove)
    vApplicationGetIdleTaskMemory            0x08006a0d   Thumb Code    26  freertos.o(.text.vApplicationGetIdleTaskMemory)
    vListInitialise                          0x08006a29   Thumb Code    22  list.o(.text.vListInitialise)
    vListInitialiseItem                      0x08006a41   Thumb Code     6  list.o(.text.vListInitialiseItem)
    vListInsert                              0x08006a49   Thumb Code    98  list.o(.text.vListInsert)
    vListInsertEnd                           0x08006aad   Thumb Code    26  list.o(.text.vListInsertEnd)
    vPortEnterCritical                       0x08006add   Thumb Code    70  port.o(.text.vPortEnterCritical)
    vPortExitCritical                        0x08006b25   Thumb Code    46  port.o(.text.vPortExitCritical)
    vPortFree                                0x08006b55   Thumb Code   222  heap_4.o(.text.vPortFree)
    vPortSetupTimerInterrupt                 0x08006c35   Thumb Code    52  port.o(.text.vPortSetupTimerInterrupt)
    vTaskDelay                               0x08006c69   Thumb Code   158  tasks.o(.text.vTaskDelay)
    vTaskStartScheduler                      0x08006d09   Thumb Code   196  tasks.o(.text.vTaskStartScheduler)
    vTaskSuspendAll                          0x08006dd5   Thumb Code    16  tasks.o(.text.vTaskSuspendAll)
    vTaskSwitchContext                       0x08006de5   Thumb Code   110  tasks.o(.text.vTaskSwitchContext)
    xPortStartScheduler                      0x08006e55   Thumb Code   392  port.o(.text.xPortStartScheduler)
    xTaskCreate                              0x08006fdd   Thumb Code    96  tasks.o(.text.xTaskCreate)
    xTaskCreateStatic                        0x0800703d   Thumb Code   118  tasks.o(.text.xTaskCreateStatic)
    xTaskIncrementTick                       0x080070b5   Thumb Code   262  tasks.o(.text.xTaskIncrementTick)
    xTaskResumeAll                           0x080071bd   Thumb Code   234  tasks.o(.text.xTaskResumeAll)
    _fp_init                                 0x080072a7   Thumb Code    26  fpinit.o(x$fpl$fpinit)
    __fplib_config_fpu_vfp                   0x080072bf   Thumb Code     0  fpinit.o(x$fpl$fpinit)
    __fplib_config_pureend_doubles           0x080072bf   Thumb Code     0  fpinit.o(x$fpl$fpinit)
    AHBPrescTable                            0x080072c0   Data          16  system_stm32f4xx.o(.rodata.AHBPrescTable)
    APBPrescTable                            0x080072d0   Data           8  system_stm32f4xx.o(.rodata.APBPrescTable)
    Region$$Table$$Base                      0x0800731c   Number         0  anon$$obj.o(Region$$Table)
    Region$$Table$$Limit                     0x0800733c   Number         0  anon$$obj.o(Region$$Table)
    uwTickFreq                               0x20000000   Data           1  stm32f4xx_hal.o(.data..L_MergedGlobals)
    uwTickPrio                               0x20000004   Data           4  stm32f4xx_hal.o(.data..L_MergedGlobals)
    BMI088_ACCEL_SEN                         0x20000008   Data           4  bmi088driver.o(.data..L_MergedGlobals)
    BMI088_GYRO_SEN                          0x2000000c   Data           4  bmi088driver.o(.data..L_MergedGlobals)
    FS_Desc                                  0x20000010   Data          28  usbd_desc.o(.data.FS_Desc)
    SystemCoreClock                          0x2000002c   Data           4  system_stm32f4xx.o(.data.SystemCoreClock)
    USBD_CDC                                 0x20000030   Data          56  usbd_cdc.o(.data.USBD_CDC)
    USBD_FS_DeviceDesc                       0x200000b8   Data          18  usbd_desc.o(.data.USBD_FS_DeviceDesc)
    USBD_Interface_fops_FS                   0x200000cc   Data          20  usbd_cdc_if.o(.data.USBD_Interface_fops_FS)
    USBD_LangIDDesc                          0x200000e0   Data           4  usbd_desc.o(.data.USBD_LangIDDesc)
    USBD_StringSerial                        0x200000e4   Data          26  usbd_desc.o(.data.USBD_StringSerial)
    __libspace_start                         0x20000108   Data          96  libspace.o(.bss)
    __temporary_stack_top$libspace           0x20000168   Data           0  libspace.o(.bss)
    defaultTaskHandle                        0x20000168   Data           4  freertos.o(.bss..L_MergedGlobals)
    Usb_taskHandle                           0x2000016c   Data           4  freertos.o(.bss..L_MergedGlobals)
    pxCurrentTCB                             0x20000170   Data           4  tasks.o(.bss..L_MergedGlobals)
    temp                                     0x20000210   Data           4  usb_task.o(.bss..L_MergedGlobals)
    gyro                                     0x20000214   Data          12  usb_task.o(.bss..L_MergedGlobals)
    accel                                    0x20000220   Data          12  usb_task.o(.bss..L_MergedGlobals)
    USBD_StrDesc                             0x20000258   Data         512  usbd_desc.o(.bss.USBD_StrDesc)
    UserRxBufferFS                           0x20000678   Data        2048  usbd_cdc_if.o(.bss.UserRxBufferFS)
    UserTxBufferFS                           0x20000e78   Data        2048  usbd_cdc_if.o(.bss.UserTxBufferFS)
    hUsbDeviceFS                             0x20001678   Data         732  usb_device.o(.bss.hUsbDeviceFS)
    hdma_spi1_rx                             0x20001954   Data          96  spi.o(.bss.hdma_spi1_rx)
    hdma_spi1_tx                             0x200019b4   Data          96  spi.o(.bss.hdma_spi1_tx)
    hpcd_USB_OTG_FS                          0x20001a14   Data        1252  usbd_conf.o(.bss.hpcd_USB_OTG_FS)
    hspi1                                    0x20001ef8   Data          88  spi.o(.bss.hspi1)
    htim1                                    0x20001f50   Data          72  stm32f4xx_hal_timebase_tim.o(.bss.htim1)
    htim10                                   0x20001f98   Data          72  tim.o(.bss.htim10)
    usb_cdc_data                             0x20005c6c   Data        4100  bsp_usb.o(.bss.usb_cdc_data)
    uwTick                                   0x20006c70   Data           4  stm32f4xx_hal.o(.bss.uwTick)



==============================================================================

Memory Map of the image

  Image Entry point : 0x08000189

  Load Region LR_IROM1 (Base: 0x08000000, Size: 0x00007448, Max: 0x00100000, ABSOLUTE)

    Execution Region ER_IROM1 (Exec base: 0x08000000, Load base: 0x08000000, Size: 0x0000733c, Max: 0x00100000, ABSOLUTE)

    Exec Addr    Load Addr    Size         Type   Attr      Idx    E Section Name        Object

    0x08000000   0x08000000   0x00000188   Data   RO            3    RESET               startup_stm32f407xx.o
    0x08000188   0x08000188   0x00000008   Code   RO         1953  * !!!main             c_w.l(__main.o)
    0x08000190   0x08000190   0x0000005c   Code   RO         2132    !!!scatter          c_w.l(__scatter.o)
    0x080001ec   0x080001ec   0x0000001a   Code   RO         2136    !!handler_copy      c_w.l(__scatter_copy.o)
    0x08000206   0x08000206   0x00000002   PAD
    0x08000208   0x08000208   0x00000002   Code   RO         2133    !!handler_null      c_w.l(__scatter.o)
    0x0800020a   0x0800020a   0x00000002   PAD
    0x0800020c   0x0800020c   0x0000001c   Code   RO         2138    !!handler_zi        c_w.l(__scatter_zi.o)
    0x08000228   0x08000228   0x00000002   Code   RO         1994    .ARM.Collect$$libinit$$00000000  c_w.l(libinit.o)
    0x0800022a   0x0800022a   0x00000004   Code   RO         2006    .ARM.Collect$$libinit$$00000001  c_w.l(libinit2.o)
    0x0800022e   0x0800022e   0x00000000   Code   RO         2009    .ARM.Collect$$libinit$$00000004  c_w.l(libinit2.o)
    0x0800022e   0x0800022e   0x00000000   Code   RO         2011    .ARM.Collect$$libinit$$00000006  c_w.l(libinit2.o)
    0x0800022e   0x0800022e   0x00000000   Code   RO         2014    .ARM.Collect$$libinit$$0000000C  c_w.l(libinit2.o)
    0x0800022e   0x0800022e   0x00000000   Code   RO         2016    .ARM.Collect$$libinit$$0000000E  c_w.l(libinit2.o)
    0x0800022e   0x0800022e   0x00000000   Code   RO         2018    .ARM.Collect$$libinit$$00000010  c_w.l(libinit2.o)
    0x0800022e   0x0800022e   0x00000000   Code   RO         2021    .ARM.Collect$$libinit$$00000013  c_w.l(libinit2.o)
    0x0800022e   0x0800022e   0x00000000   Code   RO         2023    .ARM.Collect$$libinit$$00000015  c_w.l(libinit2.o)
    0x0800022e   0x0800022e   0x00000000   Code   RO         2025    .ARM.Collect$$libinit$$00000017  c_w.l(libinit2.o)
    0x0800022e   0x0800022e   0x00000000   Code   RO         2027    .ARM.Collect$$libinit$$00000019  c_w.l(libinit2.o)
    0x0800022e   0x0800022e   0x00000000   Code   RO         2029    .ARM.Collect$$libinit$$0000001B  c_w.l(libinit2.o)
    0x0800022e   0x0800022e   0x00000000   Code   RO         2031    .ARM.Collect$$libinit$$0000001D  c_w.l(libinit2.o)
    0x0800022e   0x0800022e   0x00000000   Code   RO         2033    .ARM.Collect$$libinit$$0000001F  c_w.l(libinit2.o)
    0x0800022e   0x0800022e   0x00000000   Code   RO         2035    .ARM.Collect$$libinit$$00000021  c_w.l(libinit2.o)
    0x0800022e   0x0800022e   0x00000000   Code   RO         2037    .ARM.Collect$$libinit$$00000023  c_w.l(libinit2.o)
    0x0800022e   0x0800022e   0x00000000   Code   RO         2039    .ARM.Collect$$libinit$$00000025  c_w.l(libinit2.o)
    0x0800022e   0x0800022e   0x00000000   Code   RO         2041    .ARM.Collect$$libinit$$00000027  c_w.l(libinit2.o)
    0x0800022e   0x0800022e   0x00000000   Code   RO         2045    .ARM.Collect$$libinit$$0000002E  c_w.l(libinit2.o)
    0x0800022e   0x0800022e   0x00000000   Code   RO         2047    .ARM.Collect$$libinit$$00000030  c_w.l(libinit2.o)
    0x0800022e   0x0800022e   0x00000000   Code   RO         2049    .ARM.Collect$$libinit$$00000032  c_w.l(libinit2.o)
    0x0800022e   0x0800022e   0x00000000   Code   RO         2051    .ARM.Collect$$libinit$$00000034  c_w.l(libinit2.o)
    0x0800022e   0x0800022e   0x00000002   Code   RO         2052    .ARM.Collect$$libinit$$00000035  c_w.l(libinit2.o)
    0x08000230   0x08000230   0x00000002   Code   RO         2087    .ARM.Collect$$libshutdown$$00000000  c_w.l(libshutdown.o)
    0x08000232   0x08000232   0x00000000   Code   RO         2115    .ARM.Collect$$libshutdown$$00000002  c_w.l(libshutdown2.o)
    0x08000232   0x08000232   0x00000000   Code   RO         2117    .ARM.Collect$$libshutdown$$00000004  c_w.l(libshutdown2.o)
    0x08000232   0x08000232   0x00000000   Code   RO         2120    .ARM.Collect$$libshutdown$$00000007  c_w.l(libshutdown2.o)
    0x08000232   0x08000232   0x00000000   Code   RO         2123    .ARM.Collect$$libshutdown$$0000000A  c_w.l(libshutdown2.o)
    0x08000232   0x08000232   0x00000000   Code   RO         2125    .ARM.Collect$$libshutdown$$0000000C  c_w.l(libshutdown2.o)
    0x08000232   0x08000232   0x00000000   Code   RO         2128    .ARM.Collect$$libshutdown$$0000000F  c_w.l(libshutdown2.o)
    0x08000232   0x08000232   0x00000002   Code   RO         2129    .ARM.Collect$$libshutdown$$00000010  c_w.l(libshutdown2.o)
    0x08000234   0x08000234   0x00000000   Code   RO         1955    .ARM.Collect$$rtentry$$00000000  c_w.l(__rtentry.o)
    0x08000234   0x08000234   0x00000000   Code   RO         1965    .ARM.Collect$$rtentry$$00000002  c_w.l(__rtentry2.o)
    0x08000234   0x08000234   0x00000006   Code   RO         1977    .ARM.Collect$$rtentry$$00000004  c_w.l(__rtentry4.o)
    0x0800023a   0x0800023a   0x00000000   Code   RO         1967    .ARM.Collect$$rtentry$$00000009  c_w.l(__rtentry2.o)
    0x0800023a   0x0800023a   0x00000004   Code   RO         1968    .ARM.Collect$$rtentry$$0000000A  c_w.l(__rtentry2.o)
    0x0800023e   0x0800023e   0x00000000   Code   RO         1970    .ARM.Collect$$rtentry$$0000000C  c_w.l(__rtentry2.o)
    0x0800023e   0x0800023e   0x00000008   Code   RO         1971    .ARM.Collect$$rtentry$$0000000D  c_w.l(__rtentry2.o)
    0x08000246   0x08000246   0x00000002   Code   RO         1998    .ARM.Collect$$rtexit$$00000000  c_w.l(rtexit.o)
    0x08000248   0x08000248   0x00000000   Code   RO         2058    .ARM.Collect$$rtexit$$00000002  c_w.l(rtexit2.o)
    0x08000248   0x08000248   0x00000004   Code   RO         2059    .ARM.Collect$$rtexit$$00000003  c_w.l(rtexit2.o)
    0x0800024c   0x0800024c   0x00000006   Code   RO         2060    .ARM.Collect$$rtexit$$00000004  c_w.l(rtexit2.o)
    0x08000252   0x08000252   0x00000002   PAD
    0x08000254   0x08000254   0x00000040   Code   RO            4    .text               startup_stm32f407xx.o
    0x08000294   0x08000294   0x000000f0   Code   RO         1943    .text               c_w.l(lludivv7m.o)
    0x08000384   0x08000384   0x0000004e   Code   RO         1949    .text               c_w.l(rt_memclr_w.o)
    0x080003d2   0x080003d2   0x00000006   Code   RO         1951    .text               c_w.l(heapauxi.o)
    0x080003d8   0x080003d8   0x0000004a   Code   RO         1981    .text               c_w.l(sys_stackheap_outer.o)
    0x08000422   0x08000422   0x00000012   Code   RO         1983    .text               c_w.l(exit.o)
    0x08000434   0x08000434   0x00000008   Code   RO         1995    .text               c_w.l(libspace.o)
    0x0800043c   0x0800043c   0x0000000c   Code   RO         2053    .text               c_w.l(sys_exit.o)
    0x08000448   0x08000448   0x00000002   Code   RO         2076    .text               c_w.l(use_no_semi.o)
    0x0800044a   0x0800044a   0x00000000   Code   RO         2078    .text               c_w.l(indicate_semi.o)
    0x0800044a   0x0800044a   0x00000002   PAD
    0x0800044c   0x0800044c   0x0000000e   Code   RO         1916    .text.BMI088_ACCEL_NS_H  bmi088middleware.o
    0x0800045a   0x0800045a   0x00000002   PAD
    0x0800045c   0x0800045c   0x0000000e   Code   RO         1914    .text.BMI088_ACCEL_NS_L  bmi088middleware.o
    0x0800046a   0x0800046a   0x00000002   PAD
    0x0800046c   0x0800046c   0x00000002   Code   RO         1906    .text.BMI088_GPIO_init  bmi088middleware.o
    0x0800046e   0x0800046e   0x00000002   PAD
    0x08000470   0x08000470   0x00000010   Code   RO         1920    .text.BMI088_GYRO_NS_H  bmi088middleware.o
    0x08000480   0x08000480   0x00000010   Code   RO         1918    .text.BMI088_GYRO_NS_L  bmi088middleware.o
    0x08000490   0x08000490   0x00000002   Code   RO         1908    .text.BMI088_com_init  bmi088middleware.o
    0x08000492   0x08000492   0x00000002   PAD
    0x08000494   0x08000494   0x000001e6   Code   RO         1910    .text.BMI088_delay_ms  bmi088middleware.o
    0x0800067a   0x0800067a   0x00000002   PAD
    0x0800067c   0x0800067c   0x0000004a   Code   RO         1912    .text.BMI088_delay_us  bmi088middleware.o
    0x080006c6   0x080006c6   0x00000002   PAD
    0x080006c8   0x080006c8   0x00000018   Code   RO         1887    .text.BMI088_init   bmi088driver.o
    0x080006e0   0x080006e0   0x0000019c   Code   RO         1893    .text.BMI088_read   bmi088driver.o
    0x0800087c   0x0800087c   0x0000002e   Code   RO         1922    .text.BMI088_read_write_byte  bmi088middleware.o
    0x080008aa   0x080008aa   0x00000002   PAD
    0x080008ac   0x080008ac   0x00000002   Code   RO          106    .text.BusFault_Handler  stm32f4xx_it.o
    0x080008ae   0x080008ae   0x00000002   PAD
    0x080008b0   0x080008b0   0x00000004   Code   RO          191    .text.CDC_Control_FS  usbd_cdc_if.o
    0x080008b4   0x080008b4   0x00000004   Code   RO          189    .text.CDC_DeInit_FS  usbd_cdc_if.o
    0x080008b8   0x080008b8   0x0000002c   Code   RO          187    .text.CDC_Init_FS   usbd_cdc_if.o
    0x080008e4   0x080008e4   0x00000032   Code   RO          193    .text.CDC_Receive_FS  usbd_cdc_if.o
    0x08000916   0x08000916   0x00000002   PAD
    0x08000918   0x08000918   0x00000004   Code   RO          195    .text.CDC_TransmitCplt_FS  usbd_cdc_if.o
    0x0800091c   0x0800091c   0x0000000c   Code   RO          114    .text.DMA2_Stream2_IRQHandler  stm32f4xx_it.o
    0x08000928   0x08000928   0x0000000c   Code   RO          116    .text.DMA2_Stream3_IRQHandler  stm32f4xx_it.o
    0x08000934   0x08000934   0x00000002   Code   RO          110    .text.DebugMon_Handler  stm32f4xx_it.o
    0x08000936   0x08000936   0x00000002   PAD
    0x08000938   0x08000938   0x00000006   Code   RO           15    .text.Error_Handler  main.o
    0x0800093e   0x0800093e   0x00000002   PAD
    0x08000940   0x08000940   0x000001c4   Code   RO          961    .text.HAL_DMA_IRQHandler  stm32f4xx_hal_dma.o
    0x08000b04   0x08000b04   0x00000162   Code   RO          947    .text.HAL_DMA_Init  stm32f4xx_hal_dma.o
    0x08000c66   0x08000c66   0x00000002   PAD
    0x08000c68   0x08000c68   0x00000028   Code   RO         1114    .text.HAL_Delay     stm32f4xx_hal.o
    0x08000c90   0x08000c90   0x0000019e   Code   RO          909    .text.HAL_GPIO_Init  stm32f4xx_hal_gpio.o
    0x08000e2e   0x08000e2e   0x00000002   PAD
    0x08000e30   0x08000e30   0x0000000a   Code   RO          915    .text.HAL_GPIO_WritePin  stm32f4xx_hal_gpio.o
    0x08000e3a   0x08000e3a   0x00000002   PAD
    0x08000e3c   0x08000e3c   0x0000000c   Code   RO         1106    .text.HAL_GetTick   stm32f4xx_hal.o
    0x08000e48   0x08000e48   0x0000001a   Code   RO         1104    .text.HAL_IncTick   stm32f4xx_hal.o
    0x08000e62   0x08000e62   0x00000002   PAD
    0x08000e64   0x08000e64   0x00000036   Code   RO         1094    .text.HAL_Init      stm32f4xx_hal.o
    0x08000e9a   0x08000e9a   0x00000002   PAD
    0x08000e9c   0x08000e9c   0x000000a6   Code   RO          136    .text.HAL_InitTick  stm32f4xx_hal_timebase_tim.o
    0x08000f42   0x08000f42   0x00000002   PAD
    0x08000f44   0x08000f44   0x00000042   Code   RO          127    .text.HAL_MspInit   stm32f4xx_hal_msp.o
    0x08000f86   0x08000f86   0x00000002   PAD
    0x08000f88   0x08000f88   0x00000022   Code   RO         1046    .text.HAL_NVIC_EnableIRQ  stm32f4xx_hal_cortex.o
    0x08000faa   0x08000faa   0x00000002   PAD
    0x08000fac   0x08000fac   0x00000056   Code   RO         1044    .text.HAL_NVIC_SetPriority  stm32f4xx_hal_cortex.o
    0x08001002   0x08001002   0x00000002   PAD
    0x08001004   0x08001004   0x00000020   Code   RO         1042    .text.HAL_NVIC_SetPriorityGrouping  stm32f4xx_hal_cortex.o
    0x08001024   0x08001024   0x00000002   Code   RO          683    .text.HAL_PCDEx_LPM_Callback  stm32f4xx_hal_pcd_ex.o
    0x08001026   0x08001026   0x00000002   PAD
    0x08001028   0x08001028   0x00000008   Code   RO          681    .text.HAL_PCDEx_SetRxFiFo  stm32f4xx_hal_pcd_ex.o
    0x08001030   0x08001030   0x000000ce   Code   RO          679    .text.HAL_PCDEx_SetTxFiFo  stm32f4xx_hal_pcd_ex.o
    0x080010fe   0x080010fe   0x00000002   PAD
    0x08001100   0x08001100   0x00000008   Code   RO          232    .text.HAL_PCD_ConnectCallback  usbd_conf.o
    0x08001108   0x08001108   0x00000014   Code   RO          218    .text.HAL_PCD_DataInStageCallback  usbd_conf.o
    0x0800111c   0x0800111c   0x00000016   Code   RO          216    .text.HAL_PCD_DataOutStageCallback  usbd_conf.o
    0x08001132   0x08001132   0x00000002   PAD
    0x08001134   0x08001134   0x00000008   Code   RO          234    .text.HAL_PCD_DisconnectCallback  usbd_conf.o
    0x0800113c   0x0800113c   0x00000050   Code   RO          649    .text.HAL_PCD_EP_Close  stm32f4xx_hal_pcd.o
    0x0800118c   0x0800118c   0x0000005e   Code   RO          659    .text.HAL_PCD_EP_ClrStall  stm32f4xx_hal_pcd.o
    0x080011ea   0x080011ea   0x00000002   PAD
    0x080011ec   0x080011ec   0x00000012   Code   RO          653    .text.HAL_PCD_EP_GetRxCount  stm32f4xx_hal_pcd.o
    0x080011fe   0x080011fe   0x00000002   PAD
    0x08001200   0x08001200   0x00000074   Code   RO          647    .text.HAL_PCD_EP_Open  stm32f4xx_hal_pcd.o
    0x08001274   0x08001274   0x00000042   Code   RO          651    .text.HAL_PCD_EP_Receive  stm32f4xx_hal_pcd.o
    0x080012b6   0x080012b6   0x00000002   PAD
    0x080012b8   0x080012b8   0x0000006e   Code   RO          657    .text.HAL_PCD_EP_SetStall  stm32f4xx_hal_pcd.o
    0x08001326   0x08001326   0x00000002   PAD
    0x08001328   0x08001328   0x0000003a   Code   RO          655    .text.HAL_PCD_EP_Transmit  stm32f4xx_hal_pcd.o
    0x08001362   0x08001362   0x00000002   PAD
    0x08001364   0x08001364   0x000008fe   Code   RO          613    .text.HAL_PCD_IRQHandler  stm32f4xx_hal_pcd.o
    0x08001c62   0x08001c62   0x00000002   PAD
    0x08001c64   0x08001c64   0x00000008   Code   RO          230    .text.HAL_PCD_ISOINIncompleteCallback  usbd_conf.o
    0x08001c6c   0x08001c6c   0x00000008   Code   RO          228    .text.HAL_PCD_ISOOUTIncompleteCallback  usbd_conf.o
    0x08001c74   0x08001c74   0x0000026e   Code   RO          601    .text.HAL_PCD_Init  stm32f4xx_hal_pcd.o
    0x08001ee2   0x08001ee2   0x00000002   PAD
    0x08001ee4   0x08001ee4   0x00000088   Code   RO          210    .text.HAL_PCD_MspInit  usbd_conf.o
    0x08001f6c   0x08001f6c   0x0000002a   Code   RO          222    .text.HAL_PCD_ResetCallback  usbd_conf.o
    0x08001f96   0x08001f96   0x00000002   PAD
    0x08001f98   0x08001f98   0x00000008   Code   RO          226    .text.HAL_PCD_ResumeCallback  usbd_conf.o
    0x08001fa0   0x08001fa0   0x00000008   Code   RO          220    .text.HAL_PCD_SOFCallback  usbd_conf.o
    0x08001fa8   0x08001fa8   0x00000028   Code   RO          645    .text.HAL_PCD_SetAddress  stm32f4xx_hal_pcd.o
    0x08001fd0   0x08001fd0   0x0000000e   Code   RO          214    .text.HAL_PCD_SetupStageCallback  usbd_conf.o
    0x08001fde   0x08001fde   0x00000002   PAD
    0x08001fe0   0x08001fe0   0x0000003e   Code   RO          609    .text.HAL_PCD_Start  stm32f4xx_hal_pcd.o
    0x0800201e   0x0800201e   0x00000002   PAD
    0x08002020   0x08002020   0x00000034   Code   RO          224    .text.HAL_PCD_SuspendCallback  usbd_conf.o
    0x08002054   0x08002054   0x00000164   Code   RO          803    .text.HAL_RCC_ClockConfig  stm32f4xx_hal_rcc.o
    0x080021b8   0x080021b8   0x0000003e   Code   RO          821    .text.HAL_RCC_GetClockConfig  stm32f4xx_hal_rcc.o
    0x080021f6   0x080021f6   0x00000002   PAD
    0x080021f8   0x080021f8   0x0000000c   Code   RO          813    .text.HAL_RCC_GetHCLKFreq  stm32f4xx_hal_rcc.o
    0x08002204   0x08002204   0x00000026   Code   RO          817    .text.HAL_RCC_GetPCLK2Freq  stm32f4xx_hal_rcc.o
    0x0800222a   0x0800222a   0x00000002   PAD
    0x0800222c   0x0800222c   0x0000006e   Code   RO          805    .text.HAL_RCC_GetSysClockFreq  stm32f4xx_hal_rcc.o
    0x0800229a   0x0800229a   0x00000002   PAD
    0x0800229c   0x0800229c   0x000003ac   Code   RO          801    .text.HAL_RCC_OscConfig  stm32f4xx_hal_rcc.o
    0x08002648   0x08002648   0x000000b0   Code   RO         1184    .text.HAL_SPI_Init  stm32f4xx_hal_spi.o
    0x080026f8   0x080026f8   0x0000012e   Code   RO           68    .text.HAL_SPI_MspInit  spi.o
    0x08002826   0x08002826   0x00000002   PAD
    0x08002828   0x08002828   0x00000340   Code   RO         1196    .text.HAL_SPI_TransmitReceive  stm32f4xx_hal_spi.o
    0x08002b68   0x08002b68   0x00000002   Code   RO          587    .text.HAL_TIMEx_BreakCallback  stm32f4xx_hal_tim_ex.o
    0x08002b6a   0x08002b6a   0x00000002   PAD
    0x08002b6c   0x08002b6c   0x00000002   Code   RO          583    .text.HAL_TIMEx_CommutCallback  stm32f4xx_hal_tim_ex.o
    0x08002b6e   0x08002b6e   0x00000002   PAD
    0x08002b70   0x08002b70   0x0000005a   Code   RO          282    .text.HAL_TIM_Base_Init  stm32f4xx_hal_tim.o
    0x08002bca   0x08002bca   0x00000002   PAD
    0x08002bcc   0x08002bcc   0x00000048   Code   RO           87    .text.HAL_TIM_Base_MspInit  tim.o
    0x08002c14   0x08002c14   0x000000aa   Code   RO          296    .text.HAL_TIM_Base_Start_IT  stm32f4xx_hal_tim.o
    0x08002cbe   0x08002cbe   0x00000002   PAD
    0x08002cc0   0x08002cc0   0x00000002   Code   RO          418    .text.HAL_TIM_IC_CaptureCallback  stm32f4xx_hal_tim.o
    0x08002cc2   0x08002cc2   0x00000002   PAD
    0x08002cc4   0x08002cc4   0x0000014e   Code   RO          416    .text.HAL_TIM_IRQHandler  stm32f4xx_hal_tim.o
    0x08002e12   0x08002e12   0x00000002   PAD
    0x08002e14   0x08002e14   0x00000002   Code   RO          420    .text.HAL_TIM_OC_DelayElapsedCallback  stm32f4xx_hal_tim.o
    0x08002e16   0x08002e16   0x00000002   PAD
    0x08002e18   0x08002e18   0x00000220   Code   RO          436    .text.HAL_TIM_PWM_ConfigChannel  stm32f4xx_hal_tim.o
    0x08003038   0x08003038   0x0000005a   Code   RO          336    .text.HAL_TIM_PWM_Init  stm32f4xx_hal_tim.o
    0x08003092   0x08003092   0x00000002   PAD
    0x08003094   0x08003094   0x00000002   Code   RO          338    .text.HAL_TIM_PWM_MspInit  stm32f4xx_hal_tim.o
    0x08003096   0x08003096   0x00000002   PAD
    0x08003098   0x08003098   0x00000002   Code   RO          422    .text.HAL_TIM_PWM_PulseFinishedCallback  stm32f4xx_hal_tim.o
    0x0800309a   0x0800309a   0x00000002   PAD
    0x0800309c   0x0800309c   0x00000012   Code   RO           17    .text.HAL_TIM_PeriodElapsedCallback  main.o
    0x080030ae   0x080030ae   0x00000002   PAD
    0x080030b0   0x080030b0   0x00000002   Code   RO          426    .text.HAL_TIM_TriggerCallback  stm32f4xx_hal_tim.o
    0x080030b2   0x080030b2   0x00000002   PAD
    0x080030b4   0x080030b4   0x00000002   Code   RO          102    .text.HardFault_Handler  stm32f4xx_it.o
    0x080030b6   0x080030b6   0x00000002   PAD
    0x080030b8   0x080030b8   0x00000048   Code   RO           57    .text.MX_DMA_Init   dma.o
    0x08003100   0x08003100   0x0000008c   Code   RO           39    .text.MX_FREERTOS_Init  freertos.o
    0x0800318c   0x0800318c   0x000000e4   Code   RO           28    .text.MX_GPIO_Init  gpio.o
    0x08003270   0x08003270   0x00000052   Code   RO           66    .text.MX_SPI1_Init  spi.o
    0x080032c2   0x080032c2   0x00000002   PAD
    0x080032c4   0x080032c4   0x000000c6   Code   RO           83    .text.MX_TIM10_Init  tim.o
    0x0800338a   0x0800338a   0x00000002   PAD
    0x0800338c   0x0800338c   0x00000072   Code   RO          151    .text.MX_USB_DEVICE_Init  usb_device.o
    0x080033fe   0x080033fe   0x00000002   PAD
    0x08003400   0x08003400   0x00000002   Code   RO          104    .text.MemManage_Handler  stm32f4xx_it.o
    0x08003402   0x08003402   0x00000002   PAD
    0x08003404   0x08003404   0x00000002   Code   RO          100    .text.NMI_Handler   stm32f4xx_it.o
    0x08003406   0x08003406   0x00000002   PAD
    0x08003408   0x08003408   0x0000000c   Code   RO          118    .text.OTG_FS_IRQHandler  stm32f4xx_it.o
    0x08003414   0x08003414   0x0000000c   PAD
    0x08003420   0x08003420   0x00000064   Code   RO         1719    .text.PendSV_Handler  port.o
    0x08003484   0x08003484   0x00000124   Code   RO         1288    .text.SPI_WaitFlagStateUntilTimeout  stm32f4xx_hal_spi.o
    0x080035a8   0x080035a8   0x00000008   PAD
    0x080035b0   0x080035b0   0x00000024   Code   RO         1703    .text.SVC_Handler   port.o
    0x080035d4   0x080035d4   0x0000000c   Code   RO           41    .text.StartDefaultTask  freertos.o
    0x080035e0   0x080035e0   0x0000002e   Code   RO         1721    .text.SysTick_Handler  port.o
    0x0800360e   0x0800360e   0x00000002   PAD
    0x08003610   0x08003610   0x000000a8   Code   RO           13    .text.SystemClock_Config  main.o
    0x080036b8   0x080036b8   0x00000012   Code   RO         1298    .text.SystemInit    system_stm32f4xx.o
    0x080036ca   0x080036ca   0x00000002   PAD
    0x080036cc   0x080036cc   0x0000001e   Code   RO          112    .text.TIM1_UP_TIM10_IRQHandler  stm32f4xx_it.o
    0x080036ea   0x080036ea   0x00000002   PAD
    0x080036ec   0x080036ec   0x0000013a   Code   RO          286    .text.TIM_Base_SetConfig  stm32f4xx_hal_tim.o
    0x08003826   0x08003826   0x00000002   PAD
    0x08003828   0x08003828   0x00000078   Code   RO         1842    .text.USBD_CDC_DataIn  usbd_cdc.o
    0x080038a0   0x080038a0   0x0000003c   Code   RO         1844    .text.USBD_CDC_DataOut  usbd_cdc.o
    0x080038dc   0x080038dc   0x00000060   Code   RO         1836    .text.USBD_CDC_DeInit  usbd_cdc.o
    0x0800393c   0x0800393c   0x00000038   Code   RO         1840    .text.USBD_CDC_EP0_RxReady  usbd_cdc.o
    0x08003974   0x08003974   0x00000010   Code   RO         1852    .text.USBD_CDC_GetDeviceQualifierDescriptor  usbd_cdc.o
    0x08003984   0x08003984   0x00000052   Code   RO         1848    .text.USBD_CDC_GetFSCfgDesc  usbd_cdc.o
    0x080039d6   0x080039d6   0x00000002   PAD
    0x080039d8   0x080039d8   0x00000056   Code   RO         1846    .text.USBD_CDC_GetHSCfgDesc  usbd_cdc.o
    0x08003a2e   0x08003a2e   0x00000002   PAD
    0x08003a30   0x08003a30   0x00000052   Code   RO         1850    .text.USBD_CDC_GetOtherSpeedCfgDesc  usbd_cdc.o
    0x08003a82   0x08003a82   0x00000002   PAD
    0x08003a84   0x08003a84   0x000000c8   Code   RO         1834    .text.USBD_CDC_Init  usbd_cdc.o
    0x08003b4c   0x08003b4c   0x00000034   Code   RO         1862    .text.USBD_CDC_ReceivePacket  usbd_cdc.o
    0x08003b80   0x08003b80   0x00000018   Code   RO         1854    .text.USBD_CDC_RegisterInterface  usbd_cdc.o
    0x08003b98   0x08003b98   0x0000001a   Code   RO         1858    .text.USBD_CDC_SetRxBuffer  usbd_cdc.o
    0x08003bb2   0x08003bb2   0x00000002   PAD
    0x08003bb4   0x08003bb4   0x0000001e   Code   RO         1856    .text.USBD_CDC_SetTxBuffer  usbd_cdc.o
    0x08003bd2   0x08003bd2   0x00000002   PAD
    0x08003bd4   0x08003bd4   0x000000e8   Code   RO         1838    .text.USBD_CDC_Setup  usbd_cdc.o
    0x08003cbc   0x08003cbc   0x00000012   Code   RO         1749    .text.USBD_ClrClassConfig  usbd_core.o
    0x08003cce   0x08003cce   0x00000002   PAD
    0x08003cd0   0x08003cd0   0x00000004   Code   RO         1757    .text.USBD_CoreFindEP  usbd_core.o
    0x08003cd4   0x08003cd4   0x00000004   Code   RO         1755    .text.USBD_CoreFindIF  usbd_core.o
    0x08003cd8   0x08003cd8   0x00000010   Code   RO         1818    .text.USBD_CtlContinueRx  usbd_ioreq.o
    0x08003ce8   0x08003ce8   0x00000010   Code   RO         1814    .text.USBD_CtlContinueSendData  usbd_ioreq.o
    0x08003cf8   0x08003cf8   0x00000016   Code   RO         1793    .text.USBD_CtlError  usbd_ctlreq.o
    0x08003d0e   0x08003d0e   0x00000002   PAD
    0x08003d10   0x08003d10   0x0000001e   Code   RO         1816    .text.USBD_CtlPrepareRx  usbd_ioreq.o
    0x08003d2e   0x08003d2e   0x00000002   PAD
    0x08003d30   0x08003d30   0x00000016   Code   RO         1822    .text.USBD_CtlReceiveStatus  usbd_ioreq.o
    0x08003d46   0x08003d46   0x00000002   PAD
    0x08003d48   0x08003d48   0x0000001c   Code   RO         1812    .text.USBD_CtlSendData  usbd_ioreq.o
    0x08003d64   0x08003d64   0x00000016   Code   RO         1820    .text.USBD_CtlSendStatus  usbd_ioreq.o
    0x08003d7a   0x08003d7a   0x00000002   PAD
    0x08003d7c   0x08003d7c   0x00000024   Code   RO          170    .text.USBD_FS_ConfigStrDescriptor  usbd_desc.o
    0x08003da0   0x08003da0   0x0000000e   Code   RO          160    .text.USBD_FS_DeviceDescriptor  usbd_desc.o
    0x08003dae   0x08003dae   0x00000002   PAD
    0x08003db0   0x08003db0   0x00000028   Code   RO          172    .text.USBD_FS_InterfaceStrDescriptor  usbd_desc.o
    0x08003dd8   0x08003dd8   0x0000000e   Code   RO          162    .text.USBD_FS_LangIDStrDescriptor  usbd_desc.o
    0x08003de6   0x08003de6   0x00000002   PAD
    0x08003de8   0x08003de8   0x0000001c   Code   RO          164    .text.USBD_FS_ManufacturerStrDescriptor  usbd_desc.o
    0x08003e04   0x08003e04   0x00000030   Code   RO          166    .text.USBD_FS_ProductStrDescriptor  usbd_desc.o
    0x08003e34   0x08003e34   0x00000170   Code   RO          168    .text.USBD_FS_SerialStrDescriptor  usbd_desc.o
    0x08003fa4   0x08003fa4   0x00000084   Code   RO         1779    .text.USBD_GetEpDesc  usbd_core.o
    0x08004028   0x08004028   0x000000fe   Code   RO         1801    .text.USBD_GetString  usbd_ctlreq.o
    0x08004126   0x08004126   0x00000002   PAD
    0x08004128   0x08004128   0x0000002a   Code   RO         1735    .text.USBD_Init     usbd_core.o
    0x08004152   0x08004152   0x00000002   PAD
    0x08004154   0x08004154   0x00000022   Code   RO          254    .text.USBD_LL_ClearStallEP  usbd_conf.o
    0x08004176   0x08004176   0x00000002   PAD
    0x08004178   0x08004178   0x00000022   Code   RO          248    .text.USBD_LL_CloseEP  usbd_conf.o
    0x0800419a   0x0800419a   0x00000002   PAD
    0x0800419c   0x0800419c   0x000000ba   Code   RO         1759    .text.USBD_LL_DataInStage  usbd_core.o
    0x08004256   0x08004256   0x00000002   PAD
    0x08004258   0x08004258   0x0000007c   Code   RO         1753    .text.USBD_LL_DataOutStage  usbd_core.o
    0x080042d4   0x080042d4   0x00000004   Code   RO         1775    .text.USBD_LL_DevConnected  usbd_core.o
    0x080042d8   0x080042d8   0x00000022   Code   RO         1777    .text.USBD_LL_DevDisconnected  usbd_core.o
    0x080042fa   0x080042fa   0x00000002   PAD
    0x080042fc   0x080042fc   0x00000008   Code   RO          264    .text.USBD_LL_GetRxDataSize  usbd_conf.o
    0x08004304   0x08004304   0x0000006e   Code   RO          236    .text.USBD_LL_Init  usbd_conf.o
    0x08004372   0x08004372   0x00000002   PAD
    0x08004374   0x08004374   0x0000002a   Code   RO          256    .text.USBD_LL_IsStallEP  usbd_conf.o
    0x0800439e   0x0800439e   0x00000002   PAD
    0x080043a0   0x080043a0   0x0000002c   Code   RO         1771    .text.USBD_LL_IsoINIncomplete  usbd_core.o
    0x080043cc   0x080043cc   0x0000002c   Code   RO         1773    .text.USBD_LL_IsoOUTIncomplete  usbd_core.o
    0x080043f8   0x080043f8   0x00000028   Code   RO          246    .text.USBD_LL_OpenEP  usbd_conf.o
    0x08004420   0x08004420   0x00000022   Code   RO          262    .text.USBD_LL_PrepareReceive  usbd_conf.o
    0x08004442   0x08004442   0x00000002   PAD
    0x08004444   0x08004444   0x00000062   Code   RO         1761    .text.USBD_LL_Reset  usbd_core.o
    0x080044a6   0x080044a6   0x00000002   PAD
    0x080044a8   0x080044a8   0x00000014   Code   RO         1767    .text.USBD_LL_Resume  usbd_core.o
    0x080044bc   0x080044bc   0x0000001e   Code   RO         1769    .text.USBD_LL_SOF   usbd_core.o
    0x080044da   0x080044da   0x00000002   PAD
    0x080044dc   0x080044dc   0x00000008   Code   RO         1763    .text.USBD_LL_SetSpeed  usbd_core.o
    0x080044e4   0x080044e4   0x00000022   Code   RO          258    .text.USBD_LL_SetUSBAddress  usbd_conf.o
    0x08004506   0x08004506   0x00000002   PAD
    0x08004508   0x08004508   0x00000062   Code   RO         1751    .text.USBD_LL_SetupStage  usbd_core.o
    0x0800456a   0x0800456a   0x00000002   PAD
    0x0800456c   0x0800456c   0x00000022   Code   RO          252    .text.USBD_LL_StallEP  usbd_conf.o
    0x0800458e   0x0800458e   0x00000002   PAD
    0x08004590   0x08004590   0x00000022   Code   RO          242    .text.USBD_LL_Start  usbd_conf.o
    0x080045b2   0x080045b2   0x00000002   PAD
    0x080045b4   0x080045b4   0x0000001c   Code   RO         1765    .text.USBD_LL_Suspend  usbd_core.o
    0x080045d0   0x080045d0   0x00000022   Code   RO          260    .text.USBD_LL_Transmit  usbd_conf.o
    0x080045f2   0x080045f2   0x00000002   PAD
    0x080045f4   0x080045f4   0x00000016   Code   RO         1799    .text.USBD_ParseSetupRequest  usbd_ctlreq.o
    0x0800460a   0x0800460a   0x00000002   PAD
    0x0800460c   0x0800460c   0x00000042   Code   RO         1739    .text.USBD_RegisterClass  usbd_core.o
    0x0800464e   0x0800464e   0x00000002   PAD
    0x08004650   0x08004650   0x00000010   Code   RO         1747    .text.USBD_SetClassConfig  usbd_core.o
    0x08004660   0x08004660   0x00000004   Code   RO         1741    .text.USBD_Start    usbd_core.o
    0x08004664   0x08004664   0x00000378   Code   RO         1791    .text.USBD_StdDevReq  usbd_ctlreq.o
    0x080049dc   0x080049dc   0x0000015c   Code   RO         1797    .text.USBD_StdEPReq  usbd_ctlreq.o
    0x08004b38   0x08004b38   0x00000070   Code   RO         1795    .text.USBD_StdItfReq  usbd_ctlreq.o
    0x08004ba8   0x08004ba8   0x00000002   Code   RO          268    .text.USBD_static_free  usbd_conf.o
    0x08004baa   0x08004baa   0x00000002   PAD
    0x08004bac   0x08004bac   0x0000000a   Code   RO          266    .text.USBD_static_malloc  usbd_conf.o
    0x08004bb6   0x08004bb6   0x00000002   PAD
    0x08004bb8   0x08004bb8   0x00000082   Code   RO          717    .text.USB_ActivateEndpoint  stm32f4xx_ll_usb.o
    0x08004c3a   0x08004c3a   0x00000002   PAD
    0x08004c3c   0x08004c3c   0x00000020   Code   RO          759    .text.USB_ActivateSetup  stm32f4xx_ll_usb.o
    0x08004c5c   0x08004c5c   0x00000276   Code   RO          695    .text.USB_CoreInit  stm32f4xx_ll_usb.o
    0x08004ed2   0x08004ed2   0x00000002   PAD
    0x08004ed4   0x08004ed4   0x00000082   Code   RO          721    .text.USB_DeactivateEndpoint  stm32f4xx_ll_usb.o
    0x08004f56   0x08004f56   0x00000002   PAD
    0x08004f58   0x08004f58   0x0000001e   Code   RO          741    .text.USB_DevConnect  stm32f4xx_ll_usb.o
    0x08004f76   0x08004f76   0x00000002   PAD
    0x08004f78   0x08004f78   0x0000001e   Code   RO          743    .text.USB_DevDisconnect  stm32f4xx_ll_usb.o
    0x08004f96   0x08004f96   0x00000002   PAD
    0x08004f98   0x08004f98   0x000004b6   Code   RO          707    .text.USB_DevInit   stm32f4xx_ll_usb.o
    0x0800544e   0x0800544e   0x00000002   PAD
    0x08005450   0x08005450   0x0000000e   Code   RO          701    .text.USB_DisableGlobalInt  stm32f4xx_ll_usb.o
    0x0800545e   0x0800545e   0x00000002   PAD
    0x08005460   0x08005460   0x0000005a   Code   RO          761    .text.USB_EP0_OutStart  stm32f4xx_ll_usb.o
    0x080054ba   0x080054ba   0x00000002   PAD
    0x080054bc   0x080054bc   0x00000052   Code   RO          735    .text.USB_EPClearStall  stm32f4xx_ll_usb.o
    0x0800550e   0x0800550e   0x00000002   PAD
    0x08005510   0x08005510   0x0000003e   Code   RO          733    .text.USB_EPSetStall  stm32f4xx_ll_usb.o
    0x0800554e   0x0800554e   0x00000002   PAD
    0x08005550   0x08005550   0x0000023a   Code   RO          725    .text.USB_EPStartXfer  stm32f4xx_ll_usb.o
    0x0800578a   0x0800578a   0x00000002   PAD
    0x0800578c   0x0800578c   0x0000010e   Code   RO          729    .text.USB_EPStopXfer  stm32f4xx_ll_usb.o
    0x0800589a   0x0800589a   0x00000002   PAD
    0x0800589c   0x0800589c   0x0000000e   Code   RO          699    .text.USB_EnableGlobalInt  stm32f4xx_ll_usb.o
    0x080058aa   0x080058aa   0x00000002   PAD
    0x080058ac   0x080058ac   0x000000be   Code   RO          711    .text.USB_FlushTxFifo  stm32f4xx_ll_usb.o
    0x0800596a   0x0800596a   0x00000002   PAD
    0x0800596c   0x0800596c   0x0000001a   Code   RO          715    .text.USB_GetDevSpeed  stm32f4xx_ll_usb.o
    0x08005986   0x08005986   0x00000002   PAD
    0x08005988   0x08005988   0x00000008   Code   RO          705    .text.USB_GetMode   stm32f4xx_ll_usb.o
    0x08005990   0x08005990   0x0000000e   Code   RO          751    .text.USB_ReadDevAllInEpInterrupt  stm32f4xx_ll_usb.o
    0x0800599e   0x0800599e   0x00000002   PAD
    0x080059a0   0x080059a0   0x0000000e   Code   RO          749    .text.USB_ReadDevAllOutEpInterrupt  stm32f4xx_ll_usb.o
    0x080059ae   0x080059ae   0x00000002   PAD
    0x080059b0   0x080059b0   0x00000024   Code   RO          755    .text.USB_ReadDevInEPInterrupt  stm32f4xx_ll_usb.o
    0x080059d4   0x080059d4   0x00000010   Code   RO          753    .text.USB_ReadDevOutEPInterrupt  stm32f4xx_ll_usb.o
    0x080059e4   0x080059e4   0x00000008   Code   RO          745    .text.USB_ReadInterrupts  stm32f4xx_ll_usb.o
    0x080059ec   0x080059ec   0x000000aa   Code   RO          731    .text.USB_ReadPacket  stm32f4xx_ll_usb.o
    0x08005a96   0x08005a96   0x00000002   PAD
    0x08005a98   0x08005a98   0x00000368   Code   RO          703    .text.USB_SetCurrentMode  stm32f4xx_ll_usb.o
    0x08005e00   0x08005e00   0x00000022   Code   RO          739    .text.USB_SetDevAddress  stm32f4xx_ll_usb.o
    0x08005e22   0x08005e22   0x00000002   PAD
    0x08005e24   0x08005e24   0x00000118   Code   RO          697    .text.USB_SetTurnaroundTime  stm32f4xx_ll_usb.o
    0x08005f3c   0x08005f3c   0x0000006a   Code   RO          727    .text.USB_WritePacket  stm32f4xx_ll_usb.o
    0x08005fa6   0x08005fa6   0x00000002   PAD
    0x08005fa8   0x08005fa8   0x00000002   Code   RO          108    .text.UsageFault_Handler  stm32f4xx_it.o
    0x08005faa   0x08005faa   0x00000002   PAD
    0x08005fac   0x08005fac   0x00000252   Code   RO         1889    .text.bmi088_accel_init  bmi088driver.o
    0x080061fe   0x080061fe   0x00000002   PAD
    0x08006200   0x08006200   0x00000218   Code   RO         1891    .text.bmi088_gyro_init  bmi088driver.o
    0x08006418   0x08006418   0x00000026   Code   RO           11    .text.main          main.o
    0x0800643e   0x0800643e   0x00000002   PAD
    0x08006440   0x08006440   0x00000010   Code   RO         1581    .text.osDelay       cmsis_os.o
    0x08006450   0x08006450   0x0000000a   Code   RO         1563    .text.osKernelStart  cmsis_os.o
    0x0800645a   0x0800645a   0x00000002   PAD
    0x0800645c   0x0800645c   0x0000005c   Code   RO         1569    .text.osThreadCreate  cmsis_os.o
    0x080064b8   0x080064b8   0x000000fc   Code   RO         1461    .text.prvAddNewTaskToReadyList  tasks.o
    0x080065b4   0x080065b4   0x00000086   Code   RO         1491    .text.prvIdleTask   tasks.o
    0x0800663a   0x0800663a   0x00000002   PAD
    0x0800663c   0x0800663c   0x000000f4   Code   RO         1459    .text.prvInitialiseNewTask  tasks.o
    0x08006730   0x08006730   0x00000028   Code   RO         1711    .text.prvPortStartFirstTask  port.o
    0x08006758   0x08006758   0x0000003e   Code   RO         1701    .text.prvTaskExitError  port.o
    0x08006796   0x08006796   0x00000002   PAD
    0x08006798   0x08006798   0x000001e8   Code   RO         1677    .text.pvPortMalloc  heap_4.o
    0x08006980   0x08006980   0x00000024   Code   RO         1699    .text.pxPortInitialiseStack  port.o
    0x080069a4   0x080069a4   0x00000016   Code   RO         1875    .text.usb_init      bsp_usb.o
    0x080069ba   0x080069ba   0x00000002   PAD
    0x080069bc   0x080069bc   0x0000002a   Code   RO         1932    .text.usb_task      usb_task.o
    0x080069e6   0x080069e6   0x00000002   PAD
    0x080069e8   0x080069e8   0x00000022   Code   RO         1350    .text.uxListRemove  list.o
    0x08006a0a   0x08006a0a   0x00000002   PAD
    0x08006a0c   0x08006a0c   0x0000001a   Code   RO           37    .text.vApplicationGetIdleTaskMemory  freertos.o
    0x08006a26   0x08006a26   0x00000002   PAD
    0x08006a28   0x08006a28   0x00000016   Code   RO         1342    .text.vListInitialise  list.o
    0x08006a3e   0x08006a3e   0x00000002   PAD
    0x08006a40   0x08006a40   0x00000006   Code   RO         1344    .text.vListInitialiseItem  list.o
    0x08006a46   0x08006a46   0x00000002   PAD
    0x08006a48   0x08006a48   0x00000062   Code   RO         1348    .text.vListInsert   list.o
    0x08006aaa   0x08006aaa   0x00000002   PAD
    0x08006aac   0x08006aac   0x0000001a   Code   RO         1346    .text.vListInsertEnd  list.o
    0x08006ac6   0x08006ac6   0x00000002   PAD
    0x08006ac8   0x08006ac8   0x00000014   Code   RO         1709    .text.vPortEnableVFP  port.o
    0x08006adc   0x08006adc   0x00000046   Code   RO         1715    .text.vPortEnterCritical  port.o
    0x08006b22   0x08006b22   0x00000002   PAD
    0x08006b24   0x08006b24   0x0000002e   Code   RO         1717    .text.vPortExitCritical  port.o
    0x08006b52   0x08006b52   0x00000002   PAD
    0x08006b54   0x08006b54   0x000000de   Code   RO         1679    .text.vPortFree     heap_4.o
    0x08006c32   0x08006c32   0x00000002   PAD
    0x08006c34   0x08006c34   0x00000034   Code   RO         1707    .text.vPortSetupTimerInterrupt  port.o
    0x08006c68   0x08006c68   0x0000009e   Code   RO         1467    .text.vTaskDelay    tasks.o
    0x08006d06   0x08006d06   0x00000002   PAD
    0x08006d08   0x08006d08   0x000000cc   Code   RO         1489    .text.vTaskStartScheduler  tasks.o
    0x08006dd4   0x08006dd4   0x00000010   Code   RO         1469    .text.vTaskSuspendAll  tasks.o
    0x08006de4   0x08006de4   0x0000006e   Code   RO         1483    .text.vTaskSwitchContext  tasks.o
    0x08006e52   0x08006e52   0x00000002   PAD
    0x08006e54   0x08006e54   0x00000188   Code   RO         1705    .text.xPortStartScheduler  port.o
    0x08006fdc   0x08006fdc   0x00000060   Code   RO         1463    .text.xTaskCreate   tasks.o
    0x0800703c   0x0800703c   0x00000076   Code   RO         1457    .text.xTaskCreateStatic  tasks.o
    0x080070b2   0x080070b2   0x00000002   PAD
    0x080070b4   0x080070b4   0x00000106   Code   RO         1495    .text.xTaskIncrementTick  tasks.o
    0x080071ba   0x080071ba   0x00000002   PAD
    0x080071bc   0x080071bc   0x000000ea   Code   RO         1473    .text.xTaskResumeAll  tasks.o
    0x080072a6   0x080072a6   0x0000001a   Code   RO         2070    x$fpl$fpinit        fz_wm.l(fpinit.o)
    0x080072c0   0x080072c0   0x00000010   Data   RO         1303    .rodata.AHBPrescTable  system_stm32f4xx.o
    0x080072d0   0x080072d0   0x00000008   Data   RO         1304    .rodata.APBPrescTable  system_stm32f4xx.o
    0x080072d8   0x080072d8   0x00000008   Data   RO          971    .rodata.cst8        stm32f4xx_hal_dma.o
    0x080072e0   0x080072e0   0x00000015   Data   RO           47    .rodata.str1.1      freertos.o
    0x080072f5   0x080072f5   0x00000012   Data   RO         1895    .rodata.write_BMI088_accel_reg_data_error  bmi088driver.o
    0x08007307   0x08007307   0x00000012   Data   RO         1896    .rodata.write_BMI088_gyro_reg_data_error  bmi088driver.o
    0x08007319   0x08007319   0x00000003   PAD
    0x0800731c   0x0800731c   0x00000020   Data   RO         2131    Region$$Table       anon$$obj.o


    Execution Region RW_IRAM1 (Exec base: 0x20000000, Load base: 0x08007340, Size: 0x000074c8, Max: 0x0001c000, ABSOLUTE)

    Exec Addr    Load Addr    Size         Type   Attr      Idx    E Section Name        Object

    0x20000000   0x08007340   0x00000008   Data   RW         1149    .data..L_MergedGlobals  stm32f4xx_hal.o
    0x20000008   0x08007348   0x00000008   Data   RW         1897    .data..L_MergedGlobals  bmi088driver.o
    0x20000010   0x08007350   0x0000001c   Data   RW          174    .data.FS_Desc       usbd_desc.o
    0x2000002c   0x0800736c   0x00000004   Data   RW         1302    .data.SystemCoreClock  system_stm32f4xx.o
    0x20000030   0x08007370   0x00000038   Data   RW         1864    .data.USBD_CDC      usbd_cdc.o
    0x20000068   0x080073a8   0x00000043   Data   RW         1866    .data.USBD_CDC_CfgDesc  usbd_cdc.o
    0x200000ab   0x080073eb   0x00000001   PAD
    0x200000ac   0x080073ec   0x0000000a   Data   RW         1865    .data.USBD_CDC_DeviceQualifierDesc  usbd_cdc.o
    0x200000b6   0x080073f6   0x00000002   PAD
    0x200000b8   0x080073f8   0x00000012   Data   RW          175    .data.USBD_FS_DeviceDesc  usbd_desc.o
    0x200000ca   0x0800740a   0x00000002   PAD
    0x200000cc   0x0800740c   0x00000014   Data   RW          199    .data.USBD_Interface_fops_FS  usbd_cdc_if.o
    0x200000e0   0x08007420   0x00000004   Data   RW          176    .data.USBD_LangIDDesc  usbd_desc.o
    0x200000e4   0x08007424   0x0000001a   Data   RW          177    .data.USBD_StringSerial  usbd_desc.o
    0x200000fe   0x0800743e   0x00000002   PAD
    0x20000100   0x08007440   0x00000004   Data   RW         1725    .data.uxCriticalNesting  port.o
    0x20000104   0x08007444   0x00000004   PAD
    0x20000108        -       0x00000060   Zero   RW         1996    .bss                c_w.l(libspace.o)
    0x20000168        -       0x00000008   Zero   RW           48    .bss..L_MergedGlobals  freertos.o
    0x20000170        -       0x00000078   Zero   RW         1552    .bss..L_MergedGlobals  tasks.o
    0x200001e8        -       0x00000020   Zero   RW         1690    .bss..L_MergedGlobals  heap_4.o
    0x20000208        -       0x00000008   Zero   RW         1726    .bss..L_MergedGlobals  port.o
    0x20000210        -       0x0000001c   Zero   RW         1934    .bss..L_MergedGlobals  usb_task.o
    0x2000022c        -       0x00000028   Zero   RW         1553    .bss..L_MergedGlobals.2  tasks.o
    0x20000254        -       0x00000001   Zero   RW         1803    .bss.USBD_SetConfig.cfgidx  usbd_ctlreq.o
    0x20000255   0x08007444   0x00000003   PAD
    0x20000258        -       0x00000200   Zero   RW          178    .bss.USBD_StrDesc   usbd_desc.o
    0x20000458        -       0x00000220   Zero   RW          273    .bss.USBD_static_malloc.mem  usbd_conf.o
    0x20000678        -       0x00000800   Zero   RW          200    .bss.UserRxBufferFS  usbd_cdc_if.o
    0x20000e78        -       0x00000800   Zero   RW          201    .bss.UserTxBufferFS  usbd_cdc_if.o
    0x20001678        -       0x000002dc   Zero   RW          153    .bss.hUsbDeviceFS   usb_device.o
    0x20001954        -       0x00000060   Zero   RW           73    .bss.hdma_spi1_rx   spi.o
    0x200019b4        -       0x00000060   Zero   RW           74    .bss.hdma_spi1_tx   spi.o
    0x20001a14        -       0x000004e4   Zero   RW          272    .bss.hpcd_USB_OTG_FS  usbd_conf.o
    0x20001ef8        -       0x00000058   Zero   RW           72    .bss.hspi1          spi.o
    0x20001f50        -       0x00000048   Zero   RW          142    .bss.htim1          stm32f4xx_hal_timebase_tim.o
    0x20001f98        -       0x00000048   Zero   RW           91    .bss.htim10         tim.o
    0x20001fe0        -       0x0000008c   Zero   RW         1551    .bss.pxReadyTasksLists  tasks.o
    0x2000206c        -       0x00003c00   Zero   RW         1689    .bss.ucHeap         heap_4.o
    0x20005c6c        -       0x00001004   Zero   RW         1879    .bss.usb_cdc_data   bsp_usb.o
    0x20006c70        -       0x00000004   Zero   RW         1148    .bss.uwTick         stm32f4xx_hal.o
    0x20006c74        -       0x00000200   Zero   RW           46    .bss.xIdleStack     freertos.o
    0x20006e74        -       0x00000054   Zero   RW           45    .bss.xIdleTaskTCBBuffer  freertos.o
    0x20006ec8        -       0x00000200   Zero   RW            2    HEAP                startup_stm32f407xx.o
    0x200070c8        -       0x00000400   Zero   RW            1    STACK               startup_stm32f407xx.o


    Execution Region RW_IRAM2 (Exec base: 0x2001c000, Load base: 0x08007448, Size: 0x00000000, Max: 0x00004000, ABSOLUTE)

    **** No section assigned to this execution region ****


==============================================================================

Image component sizes


      Code (inc. data)   RO Data    RW Data    ZI Data      Debug   Object Name

      1566          0         36          8          0       5785   bmi088driver.o
       670          0          0          0          0       5553   bmi088middleware.o
        22          0          0          0       4100       1167   bsp_usb.o
       118          0          0          0          0      24744   cmsis_os.o
        72          0          0          0          0       3434   dma.o
       178         56         21          0        604       3344   freertos.o
       228          0          0          0          0       2164   gpio.o
       710          0          0          0      15392       5838   heap_4.o
       186          0          0          0          0       2315   list.o
       230          0          0          0          0       6379   main.o
       900         16          0          4          8       4340   port.o
       384          0          0          0        280       5278   spi.o
        64         26        392          0       1536        812   startup_stm32f407xx.o
       132          0          0          8          4       7275   stm32f4xx_hal.o
       152          0          0          0          0      10693   stm32f4xx_hal_cortex.o
       806          6          8          0          0      10541   stm32f4xx_hal_dma.o
       424          0          0          0          0       5403   stm32f4xx_hal_gpio.o
        66          0          0          0          0       3498   stm32f4xx_hal_msp.o
      3568          0          0          0          0      17393   stm32f4xx_hal_pcd.o
       216          0          0          0          0       4720   stm32f4xx_hal_pcd_ex.o
      1518          4          0          0          0       7545   stm32f4xx_hal_rcc.o
      1300          0          0          0          0      26198   stm32f4xx_hal_spi.o
      1552          6          0          0          0      58454   stm32f4xx_hal_tim.o
         4          0          0          0          0      21901   stm32f4xx_hal_tim_ex.o
       166          0          0          0         72       7148   stm32f4xx_hal_timebase_tim.o
        78          0          0          0          0       6609   stm32f4xx_it.o
      5064          0          0          0          0      37491   stm32f4xx_ll_usb.o
        18          0         24          4          0       2564   system_stm32f4xx.o
      1828          8          0          0        300      28782   tasks.o
       270          0          0          0         72       8195   tim.o
       114          0          0          0        732       3176   usb_device.o
        42          0          0          0         28        660   usb_task.o
      1162         12          0        133          0      11512   usbd_cdc.o
       106          0          0         20       4096       4944   usbd_cdc_if.o
       784          0          0          0       1796      18333   usbd_conf.o
      1004          0          0          0          0      11130   usbd_core.o
      1646         32          0          0          1      11182   usbd_ctlreq.o
       548         56          0         76        512       4081   usbd_desc.o
       134          0          0          0          0       4707   usbd_ioreq.o

    ----------------------------------------------------------------------
     28314        222        516        260      29540     405288   Object Totals
         0          0         32          0          0          0   (incl. Generated)
       284          0          3          7          7          0   (incl. Padding)

    ----------------------------------------------------------------------

      Code (inc. data)   RO Data    RW Data    ZI Data      Debug   Library Member Name

         8          0          0          0          0         68   __main.o
         0          0          0          0          0          0   __rtentry.o
        12          0          0          0          0          0   __rtentry2.o
         6          0          0          0          0          0   __rtentry4.o
        94          8          0          0          0          0   __scatter.o
        26          0          0          0          0          0   __scatter_copy.o
        28          0          0          0          0          0   __scatter_zi.o
        18          0          0          0          0         80   exit.o
         6          0          0          0          0        152   heapauxi.o
         0          0          0          0          0          0   indicate_semi.o
         2          0          0          0          0          0   libinit.o
         6          0          0          0          0          0   libinit2.o
         2          0          0          0          0          0   libshutdown.o
         2          0          0          0          0          0   libshutdown2.o
         8          4          0          0         96         68   libspace.o
       240          0          0          0          0        100   lludivv7m.o
        78          0          0          0          0         80   rt_memclr_w.o
         2          0          0          0          0          0   rtexit.o
        10          0          0          0          0          0   rtexit2.o
        12          4          0          0          0         68   sys_exit.o
        74          0          0          0          0         80   sys_stackheap_outer.o
         2          0          0          0          0         68   use_no_semi.o
        26          0          0          0          0        116   fpinit.o

    ----------------------------------------------------------------------
       670         16          0          0         96        880   Library Totals
         8          0          0          0          0          0   (incl. Padding)

    ----------------------------------------------------------------------

      Code (inc. data)   RO Data    RW Data    ZI Data      Debug   Library Name

       636         16          0          0         96        764   c_w.l
        26          0          0          0          0        116   fz_wm.l

    ----------------------------------------------------------------------
       670         16          0          0         96        880   Library Totals

    ----------------------------------------------------------------------

==============================================================================


      Code (inc. data)   RO Data    RW Data    ZI Data      Debug   

     28984        238        516        260      29636     405236   Grand Totals
     28984        238        516        260      29636     405236   ELF Image Totals
     28984        238        516        260          0          0   ROM Totals

==============================================================================

    Total RO  Size (Code + RO Data)                29500 (  28.81kB)
    Total RW  Size (RW Data + ZI Data)             29896 (  29.20kB)
    Total ROM Size (Code + RO Data + RW Data)      29760 (  29.06kB)

==============================================================================

