<html>
<body>
<pre>
<h1>µVision Build Log</h1>
<h2>Tool Versions:</h2>
IDE-Version: ¦ÌVision V5.43.1.0
Copyright (C) 2025 ARM Ltd and ARM Germany GmbH. All rights reserved.
License Information: 1 ÁõÃ÷Ðù, 1, LIC=S5ISZ-JNPI0-F1NPT-RM0K7-62JWP-0HLZB
 
Tool Versions:
Toolchain:       MDK-ARM Professional  Version: 5.43.0.0
Toolchain Path:  D:\Keil5_ARM\ARM\ARMCLANG\Bin
C Compiler:      ArmClang.exe V6.24
Assembler:       Armasm.exe V6.24
Linker/Locator:  ArmLink.exe V6.24
Library Manager: ArmAr.exe V6.24
Hex Converter:   FromElf.exe V6.24
CPU DLL:         SARMCM3.DLL V5.43.0.0
Dialog DLL:      DCM.DLL V1.17.5.0
Target DLL:      STLink\ST-LINKIII-KEIL_SWO.dll V3.3.1.0
Dialog DLL:      TCM.DLL V1.56.6.0
 
<h2>Project:</h2>
D:\trtrtr\MDK-ARM\BMI_try2.uvprojx
Project File Date:  05/08/2026

<h2>Output:</h2>
*** Using Compiler 'V6.24', folder: 'D:\Keil5_ARM\ARM\ARMCLANG\Bin'
Rebuild target 'BMI_try2'
assembling startup_stm32f407xx.s...
compiling usbd_cdc_if.c...
compiling tim.c...
compiling stm32f4xx_hal_timebase_tim.c...
compiling stm32f4xx_hal_msp.c...
compiling stm32f4xx_hal_pcd_ex.c...
compiling freertos.c...
compiling stm32f4xx_hal_flash_ex.c...
compiling stm32f4xx_hal_rcc.c...
compiling gpio.c...
compiling spi.c...
compiling stm32f4xx_hal_tim_ex.c...
../Core/Src/main.c(34): warning: In file included from...
../component/devices\BMI088driver.h(49): warning: 'packed' attribute ignored [-Wignored-attributes]
   49 | typedef __packed struct BMI088_RAW_DATA
      |         ^
../Drivers/STM32F4xx_HAL_Driver/Inc\stm32f4xx_hal_def.h(116): note: expanded from macro '__packed'
  116 |     #define __packed  __attribute__((packed))
      |                                      ^
1 warning generated.
compiling main.c...
compiling stm32f4xx_hal_flash_ramfunc.c...
compiling stm32f4xx_hal_pcd.c...
compiling stm32f4xx_it.c...
compiling stm32f4xx_hal_rcc_ex.c...
compiling usbd_desc.c...
compiling usb_device.c...
compiling dma.c...
compiling stm32f4xx_hal_pwr.c...
compiling stm32f4xx_hal_flash.c...
compiling stm32f4xx_hal_gpio.c...
compiling stm32f4xx_hal_pwr_ex.c...
compiling stm32f4xx_hal_dma_ex.c...
compiling usbd_conf.c...
compiling stm32f4xx_ll_usb.c...
compiling stm32f4xx_hal_dma.c...
compiling stm32f4xx_hal_cortex.c...
compiling croutine.c...
compiling stm32f4xx_hal.c...
compiling system_stm32f4xx.c...
compiling stm32f4xx_hal_exti.c...
compiling event_groups.c...
compiling stm32f4xx_hal_tim.c...
compiling list.c...
compiling timers.c...
compiling port.c...
compiling heap_4.c...
compiling stm32f4xx_hal_spi.c...
compiling stream_buffer.c...
compiling queue.c...
compiling cmsis_os.c...
compiling usbd_core.c...
compiling tasks.c...
compiling usbd_ctlreq.c...
compiling usbd_ioreq.c...
compiling bsp_usb.c...
../component/devices/BMI088driver.c(1): warning: In file included from...
../component/devices\BMI088driver.h(49): warning: 'packed' attribute ignored [-Wignored-attributes]
   49 | typedef __packed struct BMI088_RAW_DATA
      |         ^
../Drivers/STM32F4xx_HAL_Driver/Inc\stm32f4xx_hal_def.h(116): note: expanded from macro '__packed'
  116 |     #define __packed  __attribute__((packed))
      |                                      ^
1 warning generated.
compiling BMI088driver.c...
compiling BMI088Middleware.c...
compiling usbd_cdc.c...
../Task/usb_task.c(14): warning: In file included from...
../component/devices\BMI088driver.h(49): warning: 'packed' attribute ignored [-Wignored-attributes]
   49 | typedef __packed struct BMI088_RAW_DATA
      |         ^
../Drivers/STM32F4xx_HAL_Driver/Inc\stm32f4xx_hal_def.h(116): note: expanded from macro '__packed'
  116 |     #define __packed  __attribute__((packed))
      |                                      ^
1 warning generated.
compiling usb_task.c...
linking...
Program Size: Code=28984 RO-data=516 RW-data=260 ZI-data=29636  
FromELF: creating hex file...
"BMI_try2\BMI_try2.axf" - 0 Error(s), 3 Warning(s).

<h2>Software Packages used:</h2>

Package Vendor: ARM
                https://www.keil.com/pack/ARM.CMSIS.6.3.0.pack
                ARM::CMSIS@6.3.0
                CMSIS (Common Microcontroller Software Interface Standard)
   * Component: CORE Version: 6.2.0

Package Vendor: Keil
                https://www.keil.com/pack/Keil.STM32F4xx_DFP.3.1.1.pack
                Keil::STM32F4xx_DFP@3.1.1
                STMicroelectronics STM32F4 Series Device Support

<h2>Collection of Component include folders:</h2>
  ./RTE/_BMI_try2
  D:/Keil5_ARM/ARM/CMSIS/6.3.0/CMSIS/Core/Include

<h2>Collection of Component Files used:</h2>

   * Component: ARM::CMSIS:CORE@6.2.0
      Include file:  CMSIS/Core/Include/tz_context.h
Build Time Elapsed:  00:00:01
</pre>
</body>
</html>
